I0522 22:03:50.770228  2932 merger.cc:245] Merger::RequestScore(score_name=SparsityPhiScore)
I0522 22:03:50.770228  2932 c_interface.cc:180] ArtmCopyRequestResultEx(request_type=0) copied 39 bytes
I0522 22:03:50.770228  2932 merger.cc:245] Merger::RequestScore(score_name=SparsityThetaScore)
I0522 22:03:50.770228  2932 c_interface.cc:180] ArtmCopyRequestResultEx(request_type=0) copied 38 bytes
I0522 22:03:50.770228  2932 merger.cc:245] Merger::RequestScore(score_name=top_words)
I0522 22:03:50.801475 14188 processor.cc:1015] No data in processing queue, waiting...
I0522 22:03:50.801475 11448 processor.cc:1015] No data in processing queue, waiting...
I0522 22:03:50.801475  2932 c_interface.cc:180] ArtmCopyRequestResultEx(request_type=0) copied 3858 bytes
I0522 22:03:50.817095  2932 c_interface.cc:541] Pass ProcessBatchesArgs: nwt_target_name=nwt, batch_filename_size=5, batch_size=0, batch_weight_size=5, pwt_source_name=pwt, inner_iterations_count=1, stream_name=@global, class=(text:1), reuse_theta=yes, opt_for_avx=yes, use_sparse_bow=yes, reset_scores=yes, predict_class_id= to MasterComponent::Request
I0522 22:03:50.854939 14188 processor.cc:1022] Processing queue has data, processing started
I0522 22:03:50.854939 11448 processor.cc:1022] Processing queue has data, processing started
I0522 22:03:50.854939 10976 processor.cc:1022] Processing queue has data, processing started
I0522 22:03:50.854939 10976 processor.cc:1113] Processor: start processing batch 472a07df-87fd-41eb-b9aa-62279829caf4 into model nwt
I0522 22:03:50.854939 16580 processor.cc:1113] Processor: start processing batch 528b9f17-c670-4dcd-9c89-473651141373 into model nwt
I0522 22:03:50.854939 14188 processor.cc:1113] Processor: start processing batch bd760d38-4cc6-47a7-b91f-4efe34f5686b into model nwt
I0522 22:03:50.854939  5068 processor.cc:1113] Processor: start processing batch 4d4c0970-e85f-43cb-b881-c97b0f8f6769 into model nwt
I0522 22:03:50.854939 11448 processor.cc:1113] Processor: start processing batch cbeeedc7-f49b-4155-a0a4-d106bcee270b into model nwt
I0522 22:03:50.886093 16580 processor.cc:1242] Processor: complete processing batch 528b9f17-c670-4dcd-9c89-473651141373 into model nwt
I0522 22:03:50.886093 16580 common.h:122] 31ms in ProcessBatch(C:\Users\Evgeni\Documents\ML\C3W4\school_batches\aaaaad.batch) [including 0ms in LoadMessage; 0ms in InitializeSparseNdw; 0ms in InitializeModelIncrement; 15ms in InferThetaAndUpdateNwtSparse; 0ms in CalculateScore(PerplexityScore); 15ms in CalculateScore(SparsityThetaScore); ]
I0522 22:03:50.886093 10976 processor.cc:1242] Processor: complete processing batch 472a07df-87fd-41eb-b9aa-62279829caf4 into model nwt
I0522 22:03:50.886093 14188 processor.cc:1242] Processor: complete processing batch bd760d38-4cc6-47a7-b91f-4efe34f5686b into model nwt
I0522 22:03:50.886093 14188 common.h:122] 31ms in ProcessBatch(C:\Users\Evgeni\Documents\ML\C3W4\school_batches\aaaaab.batch) [including 0ms in LoadMessage; 0ms in InitializeSparseNdw; 0ms in InitializeModelIncrement; 15ms in InferThetaAndUpdateNwtSparse; 15ms in CalculateScore(PerplexityScore); 0ms in CalculateScore(SparsityThetaScore); ]
I0522 22:03:50.886093 10976 common.h:122] 31ms in ProcessBatch(C:\Users\Evgeni\Documents\ML\C3W4\school_batches\aaaaae.batch) [including 0ms in LoadMessage; 0ms in InitializeSparseNdw; 0ms in InitializeModelIncrement; 15ms in InferThetaAndUpdateNwtSparse; 15ms in CalculateScore(PerplexityScore); 0ms in CalculateScore(SparsityThetaScore); ]
I0522 22:03:50.886093  5068 processor.cc:1242] Processor: complete processing batch 4d4c0970-e85f-43cb-b881-c97b0f8f6769 into model nwt
I0522 22:03:50.886093 11448 processor.cc:1242] Processor: complete processing batch cbeeedc7-f49b-4155-a0a4-d106bcee270b into model nwt
I0522 22:03:50.901713  5068 common.h:122] 46ms in ProcessBatch(C:\Users\Evgeni\Documents\ML\C3W4\school_batches\aaaaaa.batch) [including 0ms in LoadMessage; 0ms in InitializeSparseNdw; 15ms in InitializeModelIncrement; 0ms in InferThetaAndUpdateNwtSparse; 15ms in CalculateScore(PerplexityScore); 0ms in CalculateScore(SparsityThetaScore); ]
I0522 22:03:50.901713 11448 common.h:122] 46ms in ProcessBatch(C:\Users\Evgeni\Documents\ML\C3W4\school_batches\aaaaac.batch) [including 0ms in LoadMessage; 0ms in InitializeSparseNdw; 15ms in InitializeModelIncrement; 0ms in InferThetaAndUpdateNwtSparse; 15ms in CalculateScore(PerplexityScore); 0ms in CalculateScore(SparsityThetaScore); ]
I0522 22:03:50.917415  2932 c_interface.cc:180] ArtmCopyRequestResultEx(request_type=0) copied 108 bytes
I0522 22:03:50.917415  2932 c_interface.cc:375] Pass RegularizeModelArgs: rwt_target_name=rwt, pwt_source_name=pwt, nwt_source_name=nwt to void (__cdecl artm::core::MasterComponent::*)(class artm::RegularizeModelArgs const & __ptr64) __ptr64
I0522 22:03:50.917415  2932 master_component.cc:666] MasterComponent: start regularizing model pwt
I0522 22:03:50.939553  2932 master_component.cc:695] MasterComponent: complete regularizing model pwt
I0522 22:03:50.939553  2932 c_interface.cc:375] Pass NormalizeModelArgs: pwt_target_name=pwt, nwt_source_name=nwt, rwt_source_name=rwt to void (__cdecl artm::core::MasterComponent::*)(class artm::NormalizeModelArgs const & __ptr64) __ptr64
I0522 22:03:50.939553  2932 master_component.cc:699] MasterComponent: start normalizing model nwt
I0522 22:03:50.955173  2932 master_component.cc:729] MasterComponent: complete normalizing model nwt
I0522 22:03:50.955173  2932 merger.cc:245] Merger::RequestScore(score_name=PerplexityScore)
I0522 22:03:50.955173  2932 c_interface.cc:180] ArtmCopyRequestResultEx(request_type=0) copied 64 bytes
I0522 22:03:50.955173  2932 merger.cc:245] Merger::RequestScore(score_name=SparsityPhiScore)
I0522 22:03:50.955173  2932 c_interface.cc:180] ArtmCopyRequestResultEx(request_type=0) copied 39 bytes
I0522 22:03:50.955173  2932 merger.cc:245] Merger::RequestScore(score_name=SparsityThetaScore)
I0522 22:03:50.955173  2932 c_interface.cc:180] ArtmCopyRequestResultEx(request_type=0) copied 38 bytes
I0522 22:03:50.955173  2932 merger.cc:245] Merger::RequestScore(score_name=top_words)
I0522 22:03:50.986413  2932 c_interface.cc:180] ArtmCopyRequestResultEx(request_type=0) copied 3856 bytes
I0522 22:03:50.986413  2932 c_interface.cc:541] Pass ProcessBatchesArgs: nwt_target_name=nwt, batch_filename_size=5, batch_size=0, batch_weight_size=5, pwt_source_name=pwt, inner_iterations_count=1, stream_name=@global, class=(text:1), reuse_theta=yes, opt_for_avx=yes, use_sparse_bow=yes, reset_scores=yes, predict_class_id= to MasterComponent::Request
I0522 22:03:51.017746 15624 processor.cc:1015] No data in processing queue, waiting...
I0522 22:03:51.017746 11020 processor.cc:1015] No data in processing queue, waiting...
I0522 22:03:51.024251 11448 processor.cc:1113] Processor: start processing batch bd760d38-4cc6-47a7-b91f-4efe34f5686b into model nwt
I0522 22:03:51.024251  5068 processor.cc:1113] Processor: start processing batch 4d4c0970-e85f-43cb-b881-c97b0f8f6769 into model nwt
I0522 22:03:51.024251 14188 processor.cc:1113] Processor: start processing batch cbeeedc7-f49b-4155-a0a4-d106bcee270b into model nwt
I0522 22:03:51.024251  2840 processor.cc:1113] Processor: start processing batch 528b9f17-c670-4dcd-9c89-473651141373 into model nwt
I0522 22:03:51.024251 16580 processor.cc:1113] Processor: start processing batch 472a07df-87fd-41eb-b9aa-62279829caf4 into model nwt
I0522 22:03:51.039880 14188 processor.cc:1242] Processor: complete processing batch cbeeedc7-f49b-4155-a0a4-d106bcee270b into model nwt
I0522 22:03:51.039880 11448 processor.cc:1242] Processor: complete processing batch bd760d38-4cc6-47a7-b91f-4efe34f5686b into model nwt
I0522 22:03:51.039880 14188 common.h:122] 22ms in ProcessBatch(C:\Users\Evgeni\Documents\ML\C3W4\school_batches\aaaaac.batch) [including 6ms in LoadMessage; 0ms in InitializeSparseNdw; 0ms in InitializeModelIncrement; 0ms in InferThetaAndUpdateNwtSparse; 15ms in CalculateScore(PerplexityScore); 0ms in CalculateScore(SparsityThetaScore); ]
I0522 22:03:51.039880 11448 common.h:122] 22ms in ProcessBatch(C:\Users\Evgeni\Documents\ML\C3W4\school_batches\aaaaab.batch) [including 6ms in LoadMessage; 0ms in InitializeSparseNdw; 0ms in InitializeModelIncrement; 0ms in InferThetaAndUpdateNwtSparse; 15ms in CalculateScore(PerplexityScore); 0ms in CalculateScore(SparsityThetaScore); ]
I0522 22:03:51.039880  5068 processor.cc:1242] Processor: complete processing batch 4d4c0970-e85f-43cb-b881-c97b0f8f6769 into model nwt
I0522 22:03:51.055502  2840 processor.cc:1242] Processor: complete processing batch 528b9f17-c670-4dcd-9c89-473651141373 into model nwt
I0522 22:03:51.055502  5068 common.h:122] 37ms in ProcessBatch(C:\Users\Evgeni\Documents\ML\C3W4\school_batches\aaaaaa.batch) [including 6ms in LoadMessage; 0ms in InitializeSparseNdw; 0ms in InitializeModelIncrement; 0ms in InferThetaAndUpdateNwtSparse; 15ms in CalculateScore(PerplexityScore); 0ms in CalculateScore(SparsityThetaScore); ]
I0522 22:03:51.055502  2840 common.h:122] 37ms in ProcessBatch(C:\Users\Evgeni\Documents\ML\C3W4\school_batches\aaaaad.batch) [including 6ms in LoadMessage; 0ms in InitializeSparseNdw; 0ms in InitializeModelIncrement; 15ms in InferThetaAndUpdateNwtSparse; 0ms in CalculateScore(PerplexityScore); 15ms in CalculateScore(SparsityThetaScore); ]
I0522 22:03:51.055502 16580 processor.cc:1242] Processor: complete processing batch 472a07df-87fd-41eb-b9aa-62279829caf4 into model nwt
I0522 22:03:51.055502 16580 common.h:122] 37ms in ProcessBatch(C:\Users\Evgeni\Documents\ML\C3W4\school_batches\aaaaae.batch) [including 6ms in LoadMessage; 0ms in InitializeSparseNdw; 0ms in InitializeModelIncrement; 15ms in InferThetaAndUpdateNwtSparse; 15ms in CalculateScore(PerplexityScore); 0ms in CalculateScore(SparsityThetaScore); ]
I0522 22:03:51.071202  2932 c_interface.cc:180] ArtmCopyRequestResultEx(request_type=0) copied 108 bytes
I0522 22:03:51.071202  2932 c_interface.cc:375] Pass RegularizeModelArgs: rwt_target_name=rwt, pwt_source_name=pwt, nwt_source_name=nwt to void (__cdecl artm::core::MasterComponent::*)(class artm::RegularizeModelArgs const & __ptr64) __ptr64
I0522 22:03:51.071202  2932 master_component.cc:666] MasterComponent: start regularizing model pwt
I0522 22:03:51.086777  2932 master_component.cc:695] MasterComponent: complete regularizing model pwt
I0522 22:03:51.086777  2932 c_interface.cc:375] Pass NormalizeModelArgs: pwt_target_name=pwt, nwt_source_name=nwt, rwt_source_name=rwt to void (__cdecl artm::core::MasterComponent::*)(class artm::NormalizeModelArgs const & __ptr64) __ptr64
I0522 22:03:51.086777  2932 master_component.cc:699] MasterComponent: start normalizing model nwt
I0522 22:03:51.102363  2932 master_component.cc:729] MasterComponent: complete normalizing model nwt
I0522 22:03:51.102363  2932 merger.cc:245] Merger::RequestScore(score_name=PerplexityScore)
I0522 22:03:51.102363  2932 c_interface.cc:180] ArtmCopyRequestResultEx(request_type=0) copied 64 bytes
I0522 22:03:51.102363  2932 merger.cc:245] Merger::RequestScore(score_name=SparsityPhiScore)
I0522 22:03:51.117985  2932 c_interface.cc:180] ArtmCopyRequestResultEx(request_type=0) copied 39 bytes
I0522 22:03:51.117985  2932 merger.cc:245] Merger::RequestScore(score_name=SparsityThetaScore)
I0522 22:03:51.117985  2932 c_interface.cc:180] ArtmCopyRequestResultEx(request_type=0) copied 38 bytes
I0522 22:03:51.117985  2932 merger.cc:245] Merger::RequestScore(score_name=top_words)
I0522 22:03:51.140149  2932 c_interface.cc:180] ArtmCopyRequestResultEx(request_type=0) copied 3852 bytes
I0522 22:03:51.140149  2932 c_interface.cc:541] Pass ProcessBatchesArgs: nwt_target_name=nwt, batch_filename_size=5, batch_size=0, batch_weight_size=5, pwt_source_name=pwt, inner_iterations_count=1, stream_name=@global, class=(text:1), reuse_theta=yes, opt_for_avx=yes, use_sparse_bow=yes, reset_scores=yes, predict_class_id= to MasterComponent::Request
I0522 22:03:51.171473 11020 processor.cc:1022] Processing queue has data, processing started
I0522 22:03:51.176126  2840 processor.cc:1113] Processor: start processing batch 472a07df-87fd-41eb-b9aa-62279829caf4 into model nwt
I0522 22:03:51.177148 11448 processor.cc:1113] Processor: start processing batch 528b9f17-c670-4dcd-9c89-473651141373 into model nwt
I0522 22:03:51.177148 16580 processor.cc:1113] Processor: start processing batch 4d4c0970-e85f-43cb-b881-c97b0f8f6769 into model nwt
I0522 22:03:51.178162 11020 processor.cc:1113] Processor: start processing batch cbeeedc7-f49b-4155-a0a4-d106bcee270b into model nwt
I0522 22:03:51.178162 14188 processor.cc:1113] Processor: start processing batch bd760d38-4cc6-47a7-b91f-4efe34f5686b into model nwt
I0522 22:03:51.196835 11448 processor.cc:1242] Processor: complete processing batch 528b9f17-c670-4dcd-9c89-473651141373 into model nwt
I0522 22:03:51.196835 11448 common.h:122] 25ms in ProcessBatch(C:\Users\Evgeni\Documents\ML\C3W4\school_batches\aaaaad.batch) [including 4ms in LoadMessage; 1ms in InitializeSparseNdw; 3ms in InitializeModelIncrement; 0ms in InferThetaAndUpdateNwtSparse; 15ms in CalculateScore(PerplexityScore); 0ms in CalculateScore(SparsityThetaScore); ]
I0522 22:03:51.196835  2840 processor.cc:1242] Processor: complete processing batch 472a07df-87fd-41eb-b9aa-62279829caf4 into model nwt
I0522 22:03:51.196835 16580 processor.cc:1242] Processor: complete processing batch 4d4c0970-e85f-43cb-b881-c97b0f8f6769 into model nwt
I0522 22:03:51.196835  2840 common.h:122] 25ms in ProcessBatch(C:\Users\Evgeni\Documents\ML\C3W4\school_batches\aaaaae.batch) [including 4ms in LoadMessage; 2ms in InitializeSparseNdw; 3ms in InitializeModelIncrement; 0ms in InferThetaAndUpdateNwtSparse; 15ms in CalculateScore(PerplexityScore); 0ms in CalculateScore(SparsityThetaScore); ]
I0522 22:03:51.196835 16580 common.h:122] 25ms in ProcessBatch(C:\Users\Evgeni\Documents\ML\C3W4\school_batches\aaaaaa.batch) [including 4ms in LoadMessage; 1ms in InitializeSparseNdw; 3ms in InitializeModelIncrement; 0ms in InferThetaAndUpdateNwtSparse; 15ms in CalculateScore(PerplexityScore); 0ms in CalculateScore(SparsityThetaScore); ]
I0522 22:03:51.212456 10976 processor.cc:1015] No data in processing queue, waiting...
I0522 22:03:51.212456 11020 processor.cc:1242] Processor: complete processing batch cbeeedc7-f49b-4155-a0a4-d106bcee270b into model nwt
I0522 22:03:51.212456 14188 processor.cc:1242] Processor: complete processing batch bd760d38-4cc6-47a7-b91f-4efe34f5686b into model nwt
I0522 22:03:51.212456 11020 common.h:122] 40ms in ProcessBatch(C:\Users\Evgeni\Documents\ML\C3W4\school_batches\aaaaac.batch) [including 6ms in LoadMessage; 2ms in InitializeSparseNdw; 1ms in InitializeModelIncrement; 15ms in InferThetaAndUpdateNwtSparse; 0ms in CalculateScore(PerplexityScore); 15ms in CalculateScore(SparsityThetaScore); ]
I0522 22:03:51.212456 14188 common.h:122] 40ms in ProcessBatch(C:\Users\Evgeni\Documents\ML\C3W4\school_batches\aaaaab.batch) [including 6ms in LoadMessage; 2ms in InitializeSparseNdw; 1ms in InitializeModelIncrement; 15ms in InferThetaAndUpdateNwtSparse; 0ms in CalculateScore(PerplexityScore); 15ms in CalculateScore(SparsityThetaScore); ]
I0522 22:03:51.240178  2932 c_interface.cc:180] ArtmCopyRequestResultEx(request_type=0) copied 108 bytes
I0522 22:03:51.240178  2932 c_interface.cc:375] Pass RegularizeModelArgs: rwt_target_name=rwt, pwt_source_name=pwt, nwt_source_name=nwt to void (__cdecl artm::core::MasterComponent::*)(class artm::RegularizeModelArgs const & __ptr64) __ptr64
I0522 22:03:51.240178  2932 master_component.cc:666] MasterComponent: start regularizing model pwt
I0522 22:03:51.271419  2932 master_component.cc:695] MasterComponent: complete regularizing model pwt
I0522 22:03:51.271419  2932 c_interface.cc:375] Pass NormalizeModelArgs: pwt_target_name=pwt, nwt_source_name=nwt, rwt_source_name=rwt to void (__cdecl artm::core::MasterComponent::*)(class artm::NormalizeModelArgs const & __ptr64) __ptr64
I0522 22:03:51.271419  2932 master_component.cc:699] MasterComponent: start normalizing model nwt
I0522 22:03:51.287039  2932 master_component.cc:729] MasterComponent: complete normalizing model nwt
I0522 22:03:51.287039  2932 merger.cc:245] Merger::RequestScore(score_name=PerplexityScore)
I0522 22:03:51.287039  2932 c_interface.cc:180] ArtmCopyRequestResultEx(request_type=0) copied 64 bytes
I0522 22:03:51.287039  2932 merger.cc:245] Merger::RequestScore(score_name=SparsityPhiScore)
I0522 22:03:51.287039  2932 c_interface.cc:180] ArtmCopyRequestResultEx(request_type=0) copied 39 bytes
I0522 22:03:51.287039  2932 merger.cc:245] Merger::RequestScore(score_name=SparsityThetaScore)
I0522 22:03:51.287039  2932 c_interface.cc:180] ArtmCopyRequestResultEx(request_type=0) copied 38 bytes
I0522 22:03:51.287039  2932 merger.cc:245] Merger::RequestScore(score_name=top_words)
I0522 22:03:51.324823  2932 c_interface.cc:180] ArtmCopyRequestResultEx(request_type=0) copied 3864 bytes
I0522 22:03:51.324823  2932 c_interface.cc:541] Pass ProcessBatchesArgs: nwt_target_name=nwt, batch_filename_size=5, batch_size=0, batch_weight_size=5, pwt_source_name=pwt, inner_iterations_count=1, stream_name=@global, class=(text:1), reuse_theta=yes, opt_for_avx=yes, use_sparse_bow=yes, reset_scores=yes, predict_class_id= to MasterComponent::Request
I0522 22:03:51.356149 14188 processor.cc:1113] Processor: start processing batch 472a07df-87fd-41eb-b9aa-62279829caf4 into model nwt
I0522 22:03:51.356149  5068 processor.cc:1113] Processor: start processing batch cbeeedc7-f49b-4155-a0a4-d106bcee270b into model nwt
I0522 22:03:51.356149 16580 processor.cc:1113] Processor: start processing batch 528b9f17-c670-4dcd-9c89-473651141373 into model nwt
I0522 22:03:51.356149 11448 processor.cc:1113] Processor: start processing batch bd760d38-4cc6-47a7-b91f-4efe34f5686b into model nwt
I0522 22:03:51.356149  2840 processor.cc:1113] Processor: start processing batch 4d4c0970-e85f-43cb-b881-c97b0f8f6769 into model nwt
I0522 22:03:51.388592  5068 processor.cc:1242] Processor: complete processing batch cbeeedc7-f49b-4155-a0a4-d106bcee270b into model nwt
I0522 22:03:51.388592  5068 common.h:122] 32ms in ProcessBatch(C:\Users\Evgeni\Documents\ML\C3W4\school_batches\aaaaac.batch) [including 0ms in LoadMessage; 0ms in InitializeSparseNdw; 0ms in InitializeModelIncrement; 15ms in InferThetaAndUpdateNwtSparse; 0ms in CalculateScore(PerplexityScore); 16ms in CalculateScore(SparsityThetaScore); ]
I0522 22:03:51.388592  2840 processor.cc:1242] Processor: complete processing batch 4d4c0970-e85f-43cb-b881-c97b0f8f6769 into model nwt
I0522 22:03:51.388592 11448 processor.cc:1242] Processor: complete processing batch bd760d38-4cc6-47a7-b91f-4efe34f5686b into model nwt
I0522 22:03:51.388592 14188 processor.cc:1242] Processor: complete processing batch 472a07df-87fd-41eb-b9aa-62279829caf4 into model nwt
I0522 22:03:51.388592  2840 common.h:122] 32ms in ProcessBatch(C:\Users\Evgeni\Documents\ML\C3W4\school_batches\aaaaaa.batch) [including 0ms in LoadMessage; 0ms in InitializeSparseNdw; 15ms in InitializeModelIncrement; 0ms in InferThetaAndUpdateNwtSparse; 16ms in CalculateScore(PerplexityScore); 0ms in CalculateScore(SparsityThetaScore); ]
I0522 22:03:51.388592 16580 processor.cc:1242] Processor: complete processing batch 528b9f17-c670-4dcd-9c89-473651141373 into model nwt
I0522 22:03:51.388592 11448 common.h:122] 32ms in ProcessBatch(C:\Users\Evgeni\Documents\ML\C3W4\school_batches\aaaaab.batch) [including 0ms in LoadMessage; 0ms in InitializeSparseNdw; 15ms in InitializeModelIncrement; 0ms in InferThetaAndUpdateNwtSparse; 16ms in CalculateScore(PerplexityScore); 0ms in CalculateScore(SparsityThetaScore); ]
I0522 22:03:51.388592 14188 common.h:122] 32ms in ProcessBatch(C:\Users\Evgeni\Documents\ML\C3W4\school_batches\aaaaae.batch) [including 0ms in LoadMessage; 0ms in InitializeSparseNdw; 15ms in InitializeModelIncrement; 0ms in InferThetaAndUpdateNwtSparse; 16ms in CalculateScore(PerplexityScore); 0ms in CalculateScore(SparsityThetaScore); ]
I0522 22:03:51.404243 16580 common.h:122] 48ms in ProcessBatch(C:\Users\Evgeni\Documents\ML\C3W4\school_batches\aaaaad.batch) [including 0ms in LoadMessage; 0ms in InitializeSparseNdw; 15ms in InitializeModelIncrement; 0ms in InferThetaAndUpdateNwtSparse; 16ms in CalculateScore(PerplexityScore); 0ms in CalculateScore(SparsityThetaScore); ]
I0522 22:03:51.419847  2932 c_interface.cc:180] ArtmCopyRequestResultEx(request_type=0) copied 108 bytes
I0522 22:03:51.419847  2932 c_interface.cc:375] Pass RegularizeModelArgs: rwt_target_name=rwt, pwt_source_name=pwt, nwt_source_name=nwt to void (__cdecl artm::core::MasterComponent::*)(class artm::RegularizeModelArgs const & __ptr64) __ptr64
I0522 22:03:51.419847  2932 master_component.cc:666] MasterComponent: start regularizing model pwt
I0522 22:03:51.440485  2932 master_component.cc:695] MasterComponent: complete regularizing model pwt
I0522 22:03:51.440485  2932 c_interface.cc:375] Pass NormalizeModelArgs: pwt_target_name=pwt, nwt_source_name=nwt, rwt_source_name=rwt to void (__cdecl artm::core::MasterComponent::*)(class artm::NormalizeModelArgs const & __ptr64) __ptr64
I0522 22:03:51.440485  2932 master_component.cc:699] MasterComponent: start normalizing model nwt
I0522 22:03:51.456104  2932 master_component.cc:729] MasterComponent: complete normalizing model nwt
I0522 22:03:51.456104  2932 merger.cc:245] Merger::RequestScore(score_name=PerplexityScore)
I0522 22:03:51.456104  2932 c_interface.cc:180] ArtmCopyRequestResultEx(request_type=0) copied 64 bytes
I0522 22:03:51.456104  2932 merger.cc:245] Merger::RequestScore(score_name=SparsityPhiScore)
I0522 22:03:51.471724  2932 c_interface.cc:180] ArtmCopyRequestResultEx(request_type=0) copied 39 bytes
I0522 22:03:51.471724  2932 merger.cc:245] Merger::RequestScore(score_name=SparsityThetaScore)
I0522 22:03:51.471724  2932 c_interface.cc:180] ArtmCopyRequestResultEx(request_type=0) copied 38 bytes
I0522 22:03:51.471724  2932 merger.cc:245] Merger::RequestScore(score_name=top_words)
I0522 22:03:51.487344  2932 c_interface.cc:180] ArtmCopyRequestResultEx(request_type=0) copied 3874 bytes
I0522 22:03:51.502995  2932 c_interface.cc:541] Pass ProcessBatchesArgs: nwt_target_name=nwt, batch_filename_size=5, batch_size=0, batch_weight_size=5, pwt_source_name=pwt, inner_iterations_count=1, stream_name=@global, class=(text:1), reuse_theta=yes, opt_for_avx=yes, use_sparse_bow=yes, reset_scores=yes, predict_class_id= to MasterComponent::Request
I0522 22:03:51.540832 15624 processor.cc:1022] Processing queue has data, processing started
I0522 22:03:51.540832 11020 processor.cc:1015] No data in processing queue, waiting...
I0522 22:03:51.540832 15624 processor.cc:1113] Processor: start processing batch bd760d38-4cc6-47a7-b91f-4efe34f5686b into model nwt
I0522 22:03:51.540832 16580 processor.cc:1113] Processor: start processing batch 472a07df-87fd-41eb-b9aa-62279829caf4 into model nwt
I0522 22:03:51.540832 14188 processor.cc:1113] Processor: start processing batch 4d4c0970-e85f-43cb-b881-c97b0f8f6769 into model nwt
I0522 22:03:51.540832  2840 processor.cc:1113] Processor: start processing batch 528b9f17-c670-4dcd-9c89-473651141373 into model nwt
I0522 22:03:51.540832 11448 processor.cc:1113] Processor: start processing batch cbeeedc7-f49b-4155-a0a4-d106bcee270b into model nwt
I0522 22:03:51.556453 16580 processor.cc:1242] Processor: complete processing batch 472a07df-87fd-41eb-b9aa-62279829caf4 into model nwt
I0522 22:03:51.572075 16580 common.h:122] 31ms in ProcessBatch(C:\Users\Evgeni\Documents\ML\C3W4\school_batches\aaaaae.batch) [including 0ms in LoadMessage; 0ms in InitializeSparseNdw; 0ms in InitializeModelIncrement; 15ms in InferThetaAndUpdateNwtSparse; 0ms in CalculateScore(PerplexityScore); 0ms in CalculateScore(SparsityThetaScore); ]
I0522 22:03:51.572075 15624 processor.cc:1242] Processor: complete processing batch bd760d38-4cc6-47a7-b91f-4efe34f5686b into model nwt
I0522 22:03:51.572075 15624 common.h:122] 31ms in ProcessBatch(C:\Users\Evgeni\Documents\ML\C3W4\school_batches\aaaaab.batch) [including 0ms in LoadMessage; 0ms in InitializeSparseNdw; 0ms in InitializeModelIncrement; 15ms in InferThetaAndUpdateNwtSparse; 15ms in CalculateScore(PerplexityScore); 0ms in CalculateScore(SparsityThetaScore); ]
I0522 22:03:51.572075  2840 processor.cc:1242] Processor: complete processing batch 528b9f17-c670-4dcd-9c89-473651141373 into model nwt
I0522 22:03:51.572075 11448 processor.cc:1242] Processor: complete processing batch cbeeedc7-f49b-4155-a0a4-d106bcee270b into model nwt
I0522 22:03:51.572075 14188 processor.cc:1242] Processor: complete processing batch 4d4c0970-e85f-43cb-b881-c97b0f8f6769 into model nwt
I0522 22:03:51.572075 11448 common.h:122] 31ms in ProcessBatch(C:\Users\Evgeni\Documents\ML\C3W4\school_batches\aaaaac.batch) [including 0ms in LoadMessage; 0ms in InitializeSparseNdw; 15ms in InitializeModelIncrement; 0ms in InferThetaAndUpdateNwtSparse; 15ms in CalculateScore(PerplexityScore); 0ms in CalculateScore(SparsityThetaScore); ]
I0522 22:03:51.572075  2840 common.h:122] 31ms in ProcessBatch(C:\Users\Evgeni\Documents\ML\C3W4\school_batches\aaaaad.batch) [including 0ms in LoadMessage; 0ms in InitializeSparseNdw; 15ms in InitializeModelIncrement; 0ms in InferThetaAndUpdateNwtSparse; 15ms in CalculateScore(PerplexityScore); 0ms in CalculateScore(SparsityThetaScore); ]
I0522 22:03:51.572075 14188 common.h:122] 31ms in ProcessBatch(C:\Users\Evgeni\Documents\ML\C3W4\school_batches\aaaaaa.batch) [including 0ms in LoadMessage; 0ms in InitializeSparseNdw; 0ms in InitializeModelIncrement; 15ms in InferThetaAndUpdateNwtSparse; 15ms in CalculateScore(PerplexityScore); 0ms in CalculateScore(SparsityThetaScore); ]
I0522 22:03:51.587781  2932 c_interface.cc:180] ArtmCopyRequestResultEx(request_type=0) copied 108 bytes
I0522 22:03:51.588387  2932 c_interface.cc:375] Pass RegularizeModelArgs: rwt_target_name=rwt, pwt_source_name=pwt, nwt_source_name=nwt to void (__cdecl artm::core::MasterComponent::*)(class artm::RegularizeModelArgs const & __ptr64) __ptr64
I0522 22:03:51.588387  2932 master_component.cc:666] MasterComponent: start regularizing model pwt
I0522 22:03:51.612742  2932 master_component.cc:695] MasterComponent: complete regularizing model pwt
I0522 22:03:51.612742  2932 c_interface.cc:375] Pass NormalizeModelArgs: pwt_target_name=pwt, nwt_source_name=nwt, rwt_source_name=rwt to void (__cdecl artm::core::MasterComponent::*)(class artm::NormalizeModelArgs const & __ptr64) __ptr64
I0522 22:03:51.612742  2932 master_component.cc:699] MasterComponent: start normalizing model nwt
I0522 22:03:51.625277  2932 master_component.cc:729] MasterComponent: complete normalizing model nwt
I0522 22:03:51.625277  2932 merger.cc:245] Merger::RequestScore(score_name=PerplexityScore)
I0522 22:03:51.625277  2932 c_interface.cc:180] ArtmCopyRequestResultEx(request_type=0) copied 64 bytes
I0522 22:03:51.625277  2932 merger.cc:245] Merger::RequestScore(score_name=SparsityPhiScore)
I0522 22:03:51.640913  2932 c_interface.cc:180] ArtmCopyRequestResultEx(request_type=0) copied 39 bytes
I0522 22:03:51.640913  2932 merger.cc:245] Merger::RequestScore(score_name=SparsityThetaScore)
I0522 22:03:51.640913  2932 c_interface.cc:180] ArtmCopyRequestResultEx(request_type=0) copied 38 bytes
I0522 22:03:51.640913  2932 merger.cc:245] Merger::RequestScore(score_name=top_words)
I0522 22:03:51.672181  2932 c_interface.cc:180] ArtmCopyRequestResultEx(request_type=0) copied 3874 bytes
I0522 22:03:51.672181  2932 c_interface.cc:541] Pass ProcessBatchesArgs: nwt_target_name=nwt, batch_filename_size=5, batch_size=0, batch_weight_size=5, pwt_source_name=pwt, inner_iterations_count=1, stream_name=@global, class=(text:1), reuse_theta=yes, opt_for_avx=yes, use_sparse_bow=yes, reset_scores=yes, predict_class_id= to MasterComponent::Request
I0522 22:03:51.703476 11020 processor.cc:1022] Processing queue has data, processing started
I0522 22:03:51.703476 14188 processor.cc:1113] Processor: start processing batch bd760d38-4cc6-47a7-b91f-4efe34f5686b into model nwt
I0522 22:03:51.703476 11020 processor.cc:1113] Processor: start processing batch 472a07df-87fd-41eb-b9aa-62279829caf4 into model nwt
I0522 22:03:51.703476 15624 processor.cc:1113] Processor: start processing batch cbeeedc7-f49b-4155-a0a4-d106bcee270b into model nwt
I0522 22:03:51.703476 16580 processor.cc:1113] Processor: start processing batch 4d4c0970-e85f-43cb-b881-c97b0f8f6769 into model nwt
I0522 22:03:51.703476  2840 processor.cc:1113] Processor: start processing batch 528b9f17-c670-4dcd-9c89-473651141373 into model nwt
I0522 22:03:51.719015  5068 processor.cc:1015] No data in processing queue, waiting...
I0522 22:03:51.725527 14188 processor.cc:1242] Processor: complete processing batch bd760d38-4cc6-47a7-b91f-4efe34f5686b into model nwt
I0522 22:03:51.725527 14188 common.h:122] 22ms in ProcessBatch(C:\Users\Evgeni\Documents\ML\C3W4\school_batches\aaaaab.batch) [including 0ms in LoadMessage; 0ms in InitializeSparseNdw; 0ms in InitializeModelIncrement; 15ms in InferThetaAndUpdateNwtSparse; 6ms in CalculateScore(PerplexityScore); 0ms in CalculateScore(SparsityThetaScore); ]
I0522 22:03:51.725527 11020 processor.cc:1242] Processor: complete processing batch 472a07df-87fd-41eb-b9aa-62279829caf4 into model nwt
I0522 22:03:51.725527  2840 processor.cc:1242] Processor: complete processing batch 528b9f17-c670-4dcd-9c89-473651141373 into model nwt
I0522 22:03:51.725527 11020 common.h:122] 22ms in ProcessBatch(C:\Users\Evgeni\Documents\ML\C3W4\school_batches\aaaaae.batch) [including 0ms in LoadMessage; 0ms in InitializeSparseNdw; 15ms in InitializeModelIncrement; 6ms in InferThetaAndUpdateNwtSparse; 0ms in CalculateScore(PerplexityScore); 0ms in CalculateScore(SparsityThetaScore); ]
I0522 22:03:51.741179  2840 common.h:122] 37ms in ProcessBatch(C:\Users\Evgeni\Documents\ML\C3W4\school_batches\aaaaad.batch) [including 0ms in LoadMessage; 0ms in InitializeSparseNdw; 15ms in InitializeModelIncrement; 6ms in InferThetaAndUpdateNwtSparse; 0ms in CalculateScore(PerplexityScore); 0ms in CalculateScore(SparsityThetaScore); ]
I0522 22:03:51.741179 16580 processor.cc:1242] Processor: complete processing batch 4d4c0970-e85f-43cb-b881-c97b0f8f6769 into model nwt
I0522 22:03:51.741179 15624 processor.cc:1242] Processor: complete processing batch cbeeedc7-f49b-4155-a0a4-d106bcee270b into model nwt
I0522 22:03:51.741179 16580 common.h:122] 37ms in ProcessBatch(C:\Users\Evgeni\Documents\ML\C3W4\school_batches\aaaaaa.batch) [including 0ms in LoadMessage; 0ms in InitializeSparseNdw; 15ms in InitializeModelIncrement; 6ms in InferThetaAndUpdateNwtSparse; 15ms in CalculateScore(PerplexityScore); 0ms in CalculateScore(SparsityThetaScore); ]
I0522 22:03:51.741179 15624 common.h:122] 37ms in ProcessBatch(C:\Users\Evgeni\Documents\ML\C3W4\school_batches\aaaaac.batch) [including 0ms in LoadMessage; 0ms in InitializeSparseNdw; 15ms in InitializeModelIncrement; 6ms in InferThetaAndUpdateNwtSparse; 15ms in CalculateScore(PerplexityScore); 0ms in CalculateScore(SparsityThetaScore); ]
I0522 22:03:51.756789  2932 c_interface.cc:180] ArtmCopyRequestResultEx(request_type=0) copied 110 bytes
I0522 22:03:51.756789  2932 c_interface.cc:375] Pass RegularizeModelArgs: rwt_target_name=rwt, pwt_source_name=pwt, nwt_source_name=nwt to void (__cdecl artm::core::MasterComponent::*)(class artm::RegularizeModelArgs const & __ptr64) __ptr64
I0522 22:03:51.756789  2932 master_component.cc:666] MasterComponent: start regularizing model pwt
I0522 22:03:51.772397  2932 master_component.cc:695] MasterComponent: complete regularizing model pwt
I0522 22:03:51.772397  2932 c_interface.cc:375] Pass NormalizeModelArgs: pwt_target_name=pwt, nwt_source_name=nwt, rwt_source_name=rwt to void (__cdecl artm::core::MasterComponent::*)(class artm::NormalizeModelArgs const & __ptr64) __ptr64
I0522 22:03:51.772397  2932 master_component.cc:699] MasterComponent: start normalizing model nwt
I0522 22:03:51.788017  2932 master_component.cc:729] MasterComponent: complete normalizing model nwt
I0522 22:03:51.788017  2932 merger.cc:245] Merger::RequestScore(score_name=PerplexityScore)
I0522 22:03:51.788017  2932 c_interface.cc:180] ArtmCopyRequestResultEx(request_type=0) copied 65 bytes
I0522 22:03:51.788017  2932 merger.cc:245] Merger::RequestScore(score_name=SparsityPhiScore)
I0522 22:03:51.788017  2932 c_interface.cc:180] ArtmCopyRequestResultEx(request_type=0) copied 39 bytes
I0522 22:03:51.803673  2932 merger.cc:245] Merger::RequestScore(score_name=SparsityThetaScore)
I0522 22:03:51.803673  2932 c_interface.cc:180] ArtmCopyRequestResultEx(request_type=0) copied 39 bytes
I0522 22:03:51.803953  2932 merger.cc:245] Merger::RequestScore(score_name=top_words)
I0522 22:03:51.825690  2932 c_interface.cc:180] ArtmCopyRequestResultEx(request_type=0) copied 3874 bytes
I0522 22:03:51.825690  2932 c_interface.cc:541] Pass ProcessBatchesArgs: nwt_target_name=nwt, batch_filename_size=5, batch_size=0, batch_weight_size=5, pwt_source_name=pwt, inner_iterations_count=1, stream_name=@global, class=(text:1), reuse_theta=yes, opt_for_avx=yes, use_sparse_bow=yes, reset_scores=yes, predict_class_id= to MasterComponent::Request
I0522 22:03:51.867205 11020 processor.cc:1113] Processor: start processing batch 528b9f17-c670-4dcd-9c89-473651141373 into model nwt
I0522 22:03:51.867205  2840 processor.cc:1113] Processor: start processing batch 4d4c0970-e85f-43cb-b881-c97b0f8f6769 into model nwt
I0522 22:03:51.867205 14188 processor.cc:1113] Processor: start processing batch cbeeedc7-f49b-4155-a0a4-d106bcee270b into model nwt
I0522 22:03:51.867205 15624 processor.cc:1113] Processor: start processing batch 472a07df-87fd-41eb-b9aa-62279829caf4 into model nwt
I0522 22:03:51.867205 11448 processor.cc:1113] Processor: start processing batch bd760d38-4cc6-47a7-b91f-4efe34f5686b into model nwt
I0522 22:03:51.898370 11020 processor.cc:1242] Processor: complete processing batch 528b9f17-c670-4dcd-9c89-473651141373 into model nwt
I0522 22:03:51.898370 11020 common.h:122] 31ms in ProcessBatch(C:\Users\Evgeni\Documents\ML\C3W4\school_batches\aaaaad.batch) [including 0ms in LoadMessage; 0ms in InitializeSparseNdw; 0ms in InitializeModelIncrement; 15ms in InferThetaAndUpdateNwtSparse; 15ms in CalculateScore(PerplexityScore); 0ms in CalculateScore(SparsityThetaScore); ]
I0522 22:03:51.898370 11448 processor.cc:1242] Processor: complete processing batch bd760d38-4cc6-47a7-b91f-4efe34f5686b into model nwt
I0522 22:03:51.898370 15624 processor.cc:1242] Processor: complete processing batch 472a07df-87fd-41eb-b9aa-62279829caf4 into model nwt
I0522 22:03:51.898370 11448 common.h:122] 31ms in ProcessBatch(C:\Users\Evgeni\Documents\ML\C3W4\school_batches\aaaaab.batch) [including 0ms in LoadMessage; 0ms in InitializeSparseNdw; 0ms in InitializeModelIncrement; 15ms in InferThetaAndUpdateNwtSparse; 15ms in CalculateScore(PerplexityScore); 0ms in CalculateScore(SparsityThetaScore); ]
I0522 22:03:51.898370 15624 common.h:122] 31ms in ProcessBatch(C:\Users\Evgeni\Documents\ML\C3W4\school_batches\aaaaae.batch) [including 0ms in LoadMessage; 0ms in InitializeSparseNdw; 0ms in InitializeModelIncrement; 15ms in InferThetaAndUpdateNwtSparse; 15ms in CalculateScore(PerplexityScore); 0ms in CalculateScore(SparsityThetaScore); ]
I0522 22:03:51.898370  2840 processor.cc:1242] Processor: complete processing batch 4d4c0970-e85f-43cb-b881-c97b0f8f6769 into model nwt
I0522 22:03:51.898370 14188 processor.cc:1242] Processor: complete processing batch cbeeedc7-f49b-4155-a0a4-d106bcee270b into model nwt
I0522 22:03:51.898370  2840 common.h:122] 31ms in ProcessBatch(C:\Users\Evgeni\Documents\ML\C3W4\school_batches\aaaaaa.batch) [including 0ms in LoadMessage; 0ms in InitializeSparseNdw; 0ms in InitializeModelIncrement; 15ms in InferThetaAndUpdateNwtSparse; 15ms in CalculateScore(PerplexityScore); 0ms in CalculateScore(SparsityThetaScore); ]
I0522 22:03:51.898370 14188 common.h:122] 31ms in ProcessBatch(C:\Users\Evgeni\Documents\ML\C3W4\school_batches\aaaaac.batch) [including 0ms in LoadMessage; 0ms in InitializeSparseNdw; 0ms in InitializeModelIncrement; 15ms in InferThetaAndUpdateNwtSparse; 15ms in CalculateScore(PerplexityScore); 0ms in CalculateScore(SparsityThetaScore); ]
I0522 22:03:51.914072  2932 c_interface.cc:180] ArtmCopyRequestResultEx(request_type=0) copied 110 bytes
I0522 22:03:51.914072  2932 c_interface.cc:375] Pass RegularizeModelArgs: rwt_target_name=rwt, pwt_source_name=pwt, nwt_source_name=nwt to void (__cdecl artm::core::MasterComponent::*)(class artm::RegularizeModelArgs const & __ptr64) __ptr64
I0522 22:03:51.914072  2932 master_component.cc:666] MasterComponent: start regularizing model pwt
I0522 22:03:51.941210  2932 master_component.cc:695] MasterComponent: complete regularizing model pwt
I0522 22:03:51.941210  2932 c_interface.cc:375] Pass NormalizeModelArgs: pwt_target_name=pwt, nwt_source_name=nwt, rwt_source_name=rwt to void (__cdecl artm::core::MasterComponent::*)(class artm::NormalizeModelArgs const & __ptr64) __ptr64
I0522 22:03:51.941210  2932 master_component.cc:699] MasterComponent: start normalizing model nwt
I0522 22:03:51.956830  2932 master_component.cc:729] MasterComponent: complete normalizing model nwt
I0522 22:03:51.956830  2932 merger.cc:245] Merger::RequestScore(score_name=PerplexityScore)
I0522 22:03:51.956830  2932 c_interface.cc:180] ArtmCopyRequestResultEx(request_type=0) copied 65 bytes
I0522 22:03:51.956830  2932 merger.cc:245] Merger::RequestScore(score_name=SparsityPhiScore)
I0522 22:03:51.956830  2932 c_interface.cc:180] ArtmCopyRequestResultEx(request_type=0) copied 39 bytes
I0522 22:03:51.956830  2932 merger.cc:245] Merger::RequestScore(score_name=SparsityThetaScore)
I0522 22:03:51.956830  2932 c_interface.cc:180] ArtmCopyRequestResultEx(request_type=0) copied 39 bytes
I0522 22:03:51.956830  2932 merger.cc:245] Merger::RequestScore(score_name=top_words)
I0522 22:03:51.988102  2932 c_interface.cc:180] ArtmCopyRequestResultEx(request_type=0) copied 3874 bytes
I0522 22:03:51.988102  2932 c_interface.cc:541] Pass ProcessBatchesArgs: nwt_target_name=nwt, batch_filename_size=5, batch_size=0, batch_weight_size=5, pwt_source_name=pwt, inner_iterations_count=1, stream_name=@global, class=(text:1), reuse_theta=yes, opt_for_avx=yes, use_sparse_bow=yes, reset_scores=yes, predict_class_id= to MasterComponent::Request
I0522 22:03:52.019402 10976 processor.cc:1022] Processing queue has data, processing started
I0522 22:03:52.019402  5068 processor.cc:1022] Processing queue has data, processing started
I0522 22:03:52.025912 11020 processor.cc:1113] Processor: start processing batch 472a07df-87fd-41eb-b9aa-62279829caf4 into model nwt
I0522 22:03:52.025912  2840 processor.cc:1113] Processor: start processing batch 4d4c0970-e85f-43cb-b881-c97b0f8f6769 into model nwt
I0522 22:03:52.025912 11448 processor.cc:1113] Processor: start processing batch cbeeedc7-f49b-4155-a0a4-d106bcee270b into model nwt
I0522 22:03:52.025912 10976 processor.cc:1113] Processor: start processing batch bd760d38-4cc6-47a7-b91f-4efe34f5686b into model nwt
I0522 22:03:52.025912  5068 processor.cc:1113] Processor: start processing batch 528b9f17-c670-4dcd-9c89-473651141373 into model nwt
I0522 22:03:52.041546  2840 processor.cc:1242] Processor: complete processing batch 4d4c0970-e85f-43cb-b881-c97b0f8f6769 into model nwt
I0522 22:03:52.041546 11020 processor.cc:1242] Processor: complete processing batch 472a07df-87fd-41eb-b9aa-62279829caf4 into model nwt
I0522 22:03:52.041546  2840 common.h:122] 22ms in ProcessBatch(C:\Users\Evgeni\Documents\ML\C3W4\school_batches\aaaaaa.batch) [including 6ms in LoadMessage; 0ms in InitializeSparseNdw; 0ms in InitializeModelIncrement; 0ms in InferThetaAndUpdateNwtSparse; 15ms in CalculateScore(PerplexityScore); 0ms in CalculateScore(SparsityThetaScore); ]
I0522 22:03:52.041546 11448 processor.cc:1242] Processor: complete processing batch cbeeedc7-f49b-4155-a0a4-d106bcee270b into model nwt
I0522 22:03:52.041546 11020 common.h:122] 22ms in ProcessBatch(C:\Users\Evgeni\Documents\ML\C3W4\school_batches\aaaaae.batch) [including 6ms in LoadMessage; 0ms in InitializeSparseNdw; 0ms in InitializeModelIncrement; 0ms in InferThetaAndUpdateNwtSparse; 15ms in CalculateScore(PerplexityScore); 0ms in CalculateScore(SparsityThetaScore); ]
I0522 22:03:52.041546 11448 common.h:122] 22ms in ProcessBatch(C:\Users\Evgeni\Documents\ML\C3W4\school_batches\aaaaac.batch) [including 6ms in LoadMessage; 0ms in InitializeSparseNdw; 0ms in InitializeModelIncrement; 0ms in InferThetaAndUpdateNwtSparse; 15ms in CalculateScore(PerplexityScore); 0ms in CalculateScore(SparsityThetaScore); ]
I0522 22:03:52.041546  5068 processor.cc:1242] Processor: complete processing batch 528b9f17-c670-4dcd-9c89-473651141373 into model nwt
I0522 22:03:52.058496  5068 common.h:122] 39ms in ProcessBatch(C:\Users\Evgeni\Documents\ML\C3W4\school_batches\aaaaad.batch) [including 6ms in LoadMessage; 0ms in InitializeSparseNdw; 0ms in InitializeModelIncrement; 15ms in InferThetaAndUpdateNwtSparse; 0ms in CalculateScore(PerplexityScore); 0ms in CalculateScore(SparsityThetaScore); ]
I0522 22:03:52.058496 10976 processor.cc:1242] Processor: complete processing batch bd760d38-4cc6-47a7-b91f-4efe34f5686b into model nwt
I0522 22:03:52.058496 10976 common.h:122] 39ms in ProcessBatch(C:\Users\Evgeni\Documents\ML\C3W4\school_batches\aaaaab.batch) [including 6ms in LoadMessage; 0ms in InitializeSparseNdw; 0ms in InitializeModelIncrement; 15ms in InferThetaAndUpdateNwtSparse; 0ms in CalculateScore(PerplexityScore); 16ms in CalculateScore(SparsityThetaScore); ]
I0522 22:03:52.074201 16580 processor.cc:1015] No data in processing queue, waiting...
I0522 22:03:52.074201  2932 c_interface.cc:180] ArtmCopyRequestResultEx(request_type=0) copied 110 bytes
I0522 22:03:52.074201  2932 c_interface.cc:375] Pass RegularizeModelArgs: rwt_target_name=rwt, pwt_source_name=pwt, nwt_source_name=nwt to void (__cdecl artm::core::MasterComponent::*)(class artm::RegularizeModelArgs const & __ptr64) __ptr64
I0522 22:03:52.074201  2932 master_component.cc:666] MasterComponent: start regularizing model pwt
I0522 22:03:52.089745  2932 master_component.cc:695] MasterComponent: complete regularizing model pwt
I0522 22:03:52.089745  2932 c_interface.cc:375] Pass NormalizeModelArgs: pwt_target_name=pwt, nwt_source_name=nwt, rwt_source_name=rwt to void (__cdecl artm::core::MasterComponent::*)(class artm::NormalizeModelArgs const & __ptr64) __ptr64
I0522 22:03:52.089745  2932 master_component.cc:699] MasterComponent: start normalizing model nwt
I0522 22:03:52.121019  2932 master_component.cc:729] MasterComponent: complete normalizing model nwt
I0522 22:03:52.121019  2932 merger.cc:245] Merger::RequestScore(score_name=PerplexityScore)
I0522 22:03:52.121019  2932 c_interface.cc:180] ArtmCopyRequestResultEx(request_type=0) copied 65 bytes
I0522 22:03:52.121019  2932 merger.cc:245] Merger::RequestScore(score_name=SparsityPhiScore)
I0522 22:03:52.121019  2932 c_interface.cc:180] ArtmCopyRequestResultEx(request_type=0) copied 39 bytes
I0522 22:03:52.121019  2932 merger.cc:245] Merger::RequestScore(score_name=SparsityThetaScore)
I0522 22:03:52.121019  2932 c_interface.cc:180] ArtmCopyRequestResultEx(request_type=0) copied 39 bytes
I0522 22:03:52.121019  2932 merger.cc:245] Merger::RequestScore(score_name=top_words)
I0522 22:03:52.141718  2932 c_interface.cc:180] ArtmCopyRequestResultEx(request_type=0) copied 3872 bytes
I0522 22:03:52.141718  2932 c_interface.cc:541] Pass ProcessBatchesArgs: nwt_target_name=nwt, batch_filename_size=5, batch_size=0, batch_weight_size=5, pwt_source_name=pwt, inner_iterations_count=1, stream_name=@global, class=(text:1), reuse_theta=yes, opt_for_avx=yes, use_sparse_bow=yes, reset_scores=yes, predict_class_id= to MasterComponent::Request
I0522 22:03:52.173024  5068 processor.cc:1113] Processor: start processing batch bd760d38-4cc6-47a7-b91f-4efe34f5686b into model nwt
I0522 22:03:52.173024 10976 processor.cc:1113] Processor: start processing batch 4d4c0970-e85f-43cb-b881-c97b0f8f6769 into model nwt
I0522 22:03:52.173024  2840 processor.cc:1113] Processor: start processing batch 528b9f17-c670-4dcd-9c89-473651141373 into model nwt
I0522 22:03:52.173024 15624 processor.cc:1113] Processor: start processing batch 472a07df-87fd-41eb-b9aa-62279829caf4 into model nwt
I0522 22:03:52.173024 11448 processor.cc:1113] Processor: start processing batch cbeeedc7-f49b-4155-a0a4-d106bcee270b into model nwt
I0522 22:03:52.204172 15624 processor.cc:1242] Processor: complete processing batch 472a07df-87fd-41eb-b9aa-62279829caf4 into model nwt
I0522 22:03:52.204172  5068 processor.cc:1242] Processor: complete processing batch bd760d38-4cc6-47a7-b91f-4efe34f5686b into model nwt
I0522 22:03:52.204172 10976 processor.cc:1242] Processor: complete processing batch 4d4c0970-e85f-43cb-b881-c97b0f8f6769 into model nwt
I0522 22:03:52.204172 15624 common.h:122] 31ms in ProcessBatch(C:\Users\Evgeni\Documents\ML\C3W4\school_batches\aaaaae.batch) [including 0ms in LoadMessage; 0ms in InitializeSparseNdw; 15ms in InitializeModelIncrement; 0ms in InferThetaAndUpdateNwtSparse; 0ms in CalculateScore(PerplexityScore); 15ms in CalculateScore(SparsityThetaScore); ]
I0522 22:03:52.204172  5068 common.h:122] 31ms in ProcessBatch(C:\Users\Evgeni\Documents\ML\C3W4\school_batches\aaaaab.batch) [including 0ms in LoadMessage; 0ms in InitializeSparseNdw; 0ms in InitializeModelIncrement; 15ms in InferThetaAndUpdateNwtSparse; 15ms in CalculateScore(PerplexityScore); 0ms in CalculateScore(SparsityThetaScore); ]
I0522 22:03:52.204172  2840 processor.cc:1242] Processor: complete processing batch 528b9f17-c670-4dcd-9c89-473651141373 into model nwt
I0522 22:03:52.204172 10976 common.h:122] 31ms in ProcessBatch(C:\Users\Evgeni\Documents\ML\C3W4\school_batches\aaaaaa.batch) [including 0ms in LoadMessage; 0ms in InitializeSparseNdw; 0ms in InitializeModelIncrement; 15ms in InferThetaAndUpdateNwtSparse; 15ms in CalculateScore(PerplexityScore); 0ms in CalculateScore(SparsityThetaScore); ]
I0522 22:03:52.204172  2840 common.h:122] 31ms in ProcessBatch(C:\Users\Evgeni\Documents\ML\C3W4\school_batches\aaaaad.batch) [including 0ms in LoadMessage; 0ms in InitializeSparseNdw; 0ms in InitializeModelIncrement; 15ms in InferThetaAndUpdateNwtSparse; 15ms in CalculateScore(PerplexityScore); 0ms in CalculateScore(SparsityThetaScore); ]
I0522 22:03:52.204172 11448 processor.cc:1242] Processor: complete processing batch cbeeedc7-f49b-4155-a0a4-d106bcee270b into model nwt
I0522 22:03:52.204172 11448 common.h:122] 31ms in ProcessBatch(C:\Users\Evgeni\Documents\ML\C3W4\school_batches\aaaaac.batch) [including 0ms in LoadMessage; 0ms in InitializeSparseNdw; 15ms in InitializeModelIncrement; 0ms in InferThetaAndUpdateNwtSparse; 15ms in CalculateScore(PerplexityScore); 0ms in CalculateScore(SparsityThetaScore); ]
I0522 22:03:52.219878 14188 processor.cc:1015] No data in processing queue, waiting...
I0522 22:03:52.219878  2932 c_interface.cc:180] ArtmCopyRequestResultEx(request_type=0) copied 110 bytes
I0522 22:03:52.219878  2932 c_interface.cc:375] Pass RegularizeModelArgs: rwt_target_name=rwt, pwt_source_name=pwt, nwt_source_name=nwt to void (__cdecl artm::core::MasterComponent::*)(class artm::RegularizeModelArgs const & __ptr64) __ptr64
I0522 22:03:52.219878  2932 master_component.cc:666] MasterComponent: start regularizing model pwt
I0522 22:03:52.242010  2932 master_component.cc:695] MasterComponent: complete regularizing model pwt
I0522 22:03:52.242010  2932 c_interface.cc:375] Pass NormalizeModelArgs: pwt_target_name=pwt, nwt_source_name=nwt, rwt_source_name=rwt to void (__cdecl artm::core::MasterComponent::*)(class artm::NormalizeModelArgs const & __ptr64) __ptr64
I0522 22:03:52.242010  2932 master_component.cc:699] MasterComponent: start normalizing model nwt
I0522 22:03:52.257632  2932 master_component.cc:729] MasterComponent: complete normalizing model nwt
I0522 22:03:52.257632  2932 merger.cc:245] Merger::RequestScore(score_name=PerplexityScore)
I0522 22:03:52.257632  2932 c_interface.cc:180] ArtmCopyRequestResultEx(request_type=0) copied 65 bytes
I0522 22:03:52.257632  2932 merger.cc:245] Merger::RequestScore(score_name=SparsityPhiScore)
I0522 22:03:52.257632  2932 c_interface.cc:180] ArtmCopyRequestResultEx(request_type=0) copied 39 bytes
I0522 22:03:52.257632  2932 merger.cc:245] Merger::RequestScore(score_name=SparsityThetaScore)
I0522 22:03:52.257632  2932 c_interface.cc:180] ArtmCopyRequestResultEx(request_type=0) copied 39 bytes
I0522 22:03:52.257632  2932 merger.cc:245] Merger::RequestScore(score_name=top_words)
I0522 22:03:52.288900  2932 c_interface.cc:180] ArtmCopyRequestResultEx(request_type=0) copied 3872 bytes
I0522 22:03:52.304522  2932 c_interface.cc:541] Pass ProcessBatchesArgs: nwt_target_name=nwt, batch_filename_size=5, batch_size=0, batch_weight_size=5, pwt_source_name=pwt, inner_iterations_count=1, stream_name=@global, class=(text:1), reuse_theta=yes, opt_for_avx=yes, use_sparse_bow=yes, reset_scores=yes, predict_class_id= to MasterComponent::Request
I0522 22:03:52.342339 16580 processor.cc:1022] Processing queue has data, processing started
I0522 22:03:52.342339  5068 processor.cc:1113] Processor: start processing batch 4d4c0970-e85f-43cb-b881-c97b0f8f6769 into model nwt
I0522 22:03:52.342339 10976 processor.cc:1113] Processor: start processing batch bd760d38-4cc6-47a7-b91f-4efe34f5686b into model nwt
I0522 22:03:52.342339 16580 processor.cc:1113] Processor: start processing batch 528b9f17-c670-4dcd-9c89-473651141373 into model nwt
I0522 22:03:52.342339  2840 processor.cc:1113] Processor: start processing batch 472a07df-87fd-41eb-b9aa-62279829caf4 into model nwt
I0522 22:03:52.342339 11448 processor.cc:1113] Processor: start processing batch cbeeedc7-f49b-4155-a0a4-d106bcee270b into model nwt
I0522 22:03:52.357954 11020 processor.cc:1015] No data in processing queue, waiting...
