I0522 22:03:47.647117 14188 processor.cc:1113] Processor: start processing batch 472a07df-87fd-41eb-b9aa-62279829caf4 into model nwt
I0522 22:03:47.647117 15624 processor.cc:1113] Processor: start processing batch cbeeedc7-f49b-4155-a0a4-d106bcee270b into model nwt
I0522 22:03:47.678272 11020 processor.cc:1242] Processor: complete processing batch bd760d38-4cc6-47a7-b91f-4efe34f5686b into model nwt
I0522 22:03:47.678272 11020 common.h:122] 31ms in ProcessBatch(C:\Users\Evgeni\Documents\ML\C3W4\school_batches\aaaaab.batch) [including 0ms in LoadMessage; 0ms in InitializeSparseNdw; 15ms in InitializeModelIncrement; 0ms in InferThetaAndUpdateNwtSparse; 15ms in CalculateScore(PerplexityScore); 0ms in CalculateScore(SparsityThetaScore); ]
I0522 22:03:47.693897 14188 processor.cc:1242] Processor: complete processing batch 472a07df-87fd-41eb-b9aa-62279829caf4 into model nwt
I0522 22:03:47.693897  5068 processor.cc:1015] No data in processing queue, waiting...
I0522 22:03:47.693897 11448 processor.cc:1242] Processor: complete processing batch 528b9f17-c670-4dcd-9c89-473651141373 into model nwt
I0522 22:03:47.693897 15624 processor.cc:1242] Processor: complete processing batch cbeeedc7-f49b-4155-a0a4-d106bcee270b into model nwt
I0522 22:03:47.693897 10976 processor.cc:1242] Processor: complete processing batch 4d4c0970-e85f-43cb-b881-c97b0f8f6769 into model nwt
I0522 22:03:47.693897 14188 common.h:122] 46ms in ProcessBatch(C:\Users\Evgeni\Documents\ML\C3W4\school_batches\aaaaae.batch) [including 0ms in LoadMessage; 0ms in InitializeSparseNdw; 15ms in InitializeModelIncrement; 0ms in InferThetaAndUpdateNwtSparse; 15ms in CalculateScore(PerplexityScore); 15ms in CalculateScore(SparsityThetaScore); ]
I0522 22:03:47.693897 11448 common.h:122] 46ms in ProcessBatch(C:\Users\Evgeni\Documents\ML\C3W4\school_batches\aaaaad.batch) [including 0ms in LoadMessage; 0ms in InitializeSparseNdw; 15ms in InitializeModelIncrement; 0ms in InferThetaAndUpdateNwtSparse; 15ms in CalculateScore(PerplexityScore); 15ms in CalculateScore(SparsityThetaScore); ]
I0522 22:03:47.693897 15624 common.h:122] 46ms in ProcessBatch(C:\Users\Evgeni\Documents\ML\C3W4\school_batches\aaaaac.batch) [including 0ms in LoadMessage; 0ms in InitializeSparseNdw; 15ms in InitializeModelIncrement; 0ms in InferThetaAndUpdateNwtSparse; 15ms in CalculateScore(PerplexityScore); 15ms in CalculateScore(SparsityThetaScore); ]
I0522 22:03:47.693897 10976 common.h:122] 46ms in ProcessBatch(C:\Users\Evgeni\Documents\ML\C3W4\school_batches\aaaaaa.batch) [including 0ms in LoadMessage; 0ms in InitializeSparseNdw; 0ms in InitializeModelIncrement; 15ms in InferThetaAndUpdateNwtSparse; 15ms in CalculateScore(PerplexityScore); 15ms in CalculateScore(SparsityThetaScore); ]
I0522 22:03:47.709513  2932 c_interface.cc:180] ArtmCopyRequestResultEx(request_type=0) copied 108 bytes
I0522 22:03:47.709513  2932 c_interface.cc:375] Pass RegularizeModelArgs: rwt_target_name=rwt, pwt_source_name=pwt, nwt_source_name=nwt to void (__cdecl artm::core::MasterComponent::*)(class artm::RegularizeModelArgs const & __ptr64) __ptr64
I0522 22:03:47.709513  2932 master_component.cc:666] MasterComponent: start regularizing model pwt
I0522 22:03:47.733069  2932 master_component.cc:695] MasterComponent: complete regularizing model pwt
I0522 22:03:47.733069  2932 c_interface.cc:375] Pass NormalizeModelArgs: pwt_target_name=pwt, nwt_source_name=nwt, rwt_source_name=rwt to void (__cdecl artm::core::MasterComponent::*)(class artm::NormalizeModelArgs const & __ptr64) __ptr64
I0522 22:03:47.733069  2932 master_component.cc:699] MasterComponent: start normalizing model nwt
I0522 22:03:47.748728  2932 master_component.cc:729] MasterComponent: complete normalizing model nwt
I0522 22:03:47.748728  2932 merger.cc:245] Merger::RequestScore(score_name=PerplexityScore)
I0522 22:03:47.748728  2932 c_interface.cc:180] ArtmCopyRequestResultEx(request_type=0) copied 64 bytes
I0522 22:03:47.748728  2932 merger.cc:245] Merger::RequestScore(score_name=SparsityPhiScore)
I0522 22:03:47.748728  2932 c_interface.cc:180] ArtmCopyRequestResultEx(request_type=0) copied 38 bytes
I0522 22:03:47.748728  2932 merger.cc:245] Merger::RequestScore(score_name=SparsityThetaScore)
I0522 22:03:47.748728  2932 c_interface.cc:180] ArtmCopyRequestResultEx(request_type=0) copied 38 bytes
I0522 22:03:47.748728  2932 merger.cc:245] Merger::RequestScore(score_name=top_words)
I0522 22:03:47.779968  2932 c_interface.cc:180] ArtmCopyRequestResultEx(request_type=0) copied 3784 bytes
I0522 22:03:47.779968  2932 c_interface.cc:541] Pass ProcessBatchesArgs: nwt_target_name=nwt, batch_filename_size=5, batch_size=0, batch_weight_size=5, pwt_source_name=pwt, inner_iterations_count=1, stream_name=@global, class=(text:1), reuse_theta=yes, opt_for_avx=yes, use_sparse_bow=yes, reset_scores=yes, predict_class_id= to MasterComponent::Request
I0522 22:03:47.816272 15624 processor.cc:1113] Processor: start processing batch 528b9f17-c670-4dcd-9c89-473651141373 into model nwt
I0522 22:03:47.816272  2840 processor.cc:1113] Processor: start processing batch 472a07df-87fd-41eb-b9aa-62279829caf4 into model nwt
I0522 22:03:47.816272 11448 processor.cc:1113] Processor: start processing batch cbeeedc7-f49b-4155-a0a4-d106bcee270b into model nwt
I0522 22:03:47.816272 14188 processor.cc:1113] Processor: start processing batch bd760d38-4cc6-47a7-b91f-4efe34f5686b into model nwt
I0522 22:03:47.816272 10976 processor.cc:1113] Processor: start processing batch 4d4c0970-e85f-43cb-b881-c97b0f8f6769 into model nwt
I0522 22:03:47.847520 16580 processor.cc:1015] No data in processing queue, waiting...
I0522 22:03:47.847520 14188 processor.cc:1242] Processor: complete processing batch bd760d38-4cc6-47a7-b91f-4efe34f5686b into model nwt
I0522 22:03:47.847520 15624 processor.cc:1242] Processor: complete processing batch 528b9f17-c670-4dcd-9c89-473651141373 into model nwt
I0522 22:03:47.847520 14188 common.h:122] 36ms in ProcessBatch(C:\Users\Evgeni\Documents\ML\C3W4\school_batches\aaaaab.batch) [including 5ms in LoadMessage; 0ms in InitializeSparseNdw; 0ms in InitializeModelIncrement; 15ms in InferThetaAndUpdateNwtSparse; 0ms in CalculateScore(PerplexityScore); 15ms in CalculateScore(SparsityThetaScore); ]
I0522 22:03:47.847520 11448 processor.cc:1242] Processor: complete processing batch cbeeedc7-f49b-4155-a0a4-d106bcee270b into model nwt
I0522 22:03:47.847520 15624 common.h:122] 36ms in ProcessBatch(C:\Users\Evgeni\Documents\ML\C3W4\school_batches\aaaaad.batch) [including 5ms in LoadMessage; 0ms in InitializeSparseNdw; 0ms in InitializeModelIncrement; 15ms in InferThetaAndUpdateNwtSparse; 15ms in CalculateScore(PerplexityScore); 0ms in CalculateScore(SparsityThetaScore); ]
I0522 22:03:47.847520  2840 processor.cc:1242] Processor: complete processing batch 472a07df-87fd-41eb-b9aa-62279829caf4 into model nwt
I0522 22:03:47.847520 11448 common.h:122] 36ms in ProcessBatch(C:\Users\Evgeni\Documents\ML\C3W4\school_batches\aaaaac.batch) [including 5ms in LoadMessage; 0ms in InitializeSparseNdw; 0ms in InitializeModelIncrement; 15ms in InferThetaAndUpdateNwtSparse; 15ms in CalculateScore(PerplexityScore); 0ms in CalculateScore(SparsityThetaScore); ]
I0522 22:03:47.847520 10976 processor.cc:1242] Processor: complete processing batch 4d4c0970-e85f-43cb-b881-c97b0f8f6769 into model nwt
I0522 22:03:47.847520  2840 common.h:122] 36ms in ProcessBatch(C:\Users\Evgeni\Documents\ML\C3W4\school_batches\aaaaae.batch) [including 5ms in LoadMessage; 0ms in InitializeSparseNdw; 0ms in InitializeModelIncrement; 15ms in InferThetaAndUpdateNwtSparse; 15ms in CalculateScore(PerplexityScore); 0ms in CalculateScore(SparsityThetaScore); ]
I0522 22:03:47.847520 10976 common.h:122] 36ms in ProcessBatch(C:\Users\Evgeni\Documents\ML\C3W4\school_batches\aaaaaa.batch) [including 5ms in LoadMessage; 0ms in InitializeSparseNdw; 0ms in InitializeModelIncrement; 15ms in InferThetaAndUpdateNwtSparse; 15ms in CalculateScore(PerplexityScore); 0ms in CalculateScore(SparsityThetaScore); ]
I0522 22:03:47.863219  2932 c_interface.cc:180] ArtmCopyRequestResultEx(request_type=0) copied 108 bytes
I0522 22:03:47.863219  2932 c_interface.cc:375] Pass RegularizeModelArgs: rwt_target_name=rwt, pwt_source_name=pwt, nwt_source_name=nwt to void (__cdecl artm::core::MasterComponent::*)(class artm::RegularizeModelArgs const & __ptr64) __ptr64
I0522 22:03:47.863219  2932 master_component.cc:666] MasterComponent: start regularizing model pwt
I0522 22:03:47.878763  2932 master_component.cc:695] MasterComponent: complete regularizing model pwt
I0522 22:03:47.878763  2932 c_interface.cc:375] Pass NormalizeModelArgs: pwt_target_name=pwt, nwt_source_name=nwt, rwt_source_name=rwt to void (__cdecl artm::core::MasterComponent::*)(class artm::NormalizeModelArgs const & __ptr64) __ptr64
I0522 22:03:47.878763  2932 master_component.cc:699] MasterComponent: start normalizing model nwt
I0522 22:03:47.894414  2932 master_component.cc:729] MasterComponent: complete normalizing model nwt
I0522 22:03:47.894414  2932 merger.cc:245] Merger::RequestScore(score_name=PerplexityScore)
I0522 22:03:47.894414  2932 c_interface.cc:180] ArtmCopyRequestResultEx(request_type=0) copied 64 bytes
I0522 22:03:47.894414  2932 merger.cc:245] Merger::RequestScore(score_name=SparsityPhiScore)
I0522 22:03:47.910037  2932 c_interface.cc:180] ArtmCopyRequestResultEx(request_type=0) copied 38 bytes
I0522 22:03:47.910037  2932 merger.cc:245] Merger::RequestScore(score_name=SparsityThetaScore)
I0522 22:03:47.910037  2932 c_interface.cc:180] ArtmCopyRequestResultEx(request_type=0) copied 38 bytes
I0522 22:03:47.910037  2932 merger.cc:245] Merger::RequestScore(score_name=top_words)
I0522 22:03:47.932231  2932 c_interface.cc:180] ArtmCopyRequestResultEx(request_type=0) copied 3812 bytes
I0522 22:03:47.932231  2932 c_interface.cc:541] Pass ProcessBatchesArgs: nwt_target_name=nwt, batch_filename_size=5, batch_size=0, batch_weight_size=5, pwt_source_name=pwt, inner_iterations_count=1, stream_name=@global, class=(text:1), reuse_theta=yes, opt_for_avx=yes, use_sparse_bow=yes, reset_scores=yes, predict_class_id= to MasterComponent::Request
I0522 22:03:47.963527 16580 processor.cc:1022] Processing queue has data, processing started
I0522 22:03:47.963527 11448 processor.cc:1113] Processor: start processing batch bd760d38-4cc6-47a7-b91f-4efe34f5686b into model nwt
I0522 22:03:47.963527 14188 processor.cc:1113] Processor: start processing batch cbeeedc7-f49b-4155-a0a4-d106bcee270b into model nwt
I0522 22:03:47.963527 16580 processor.cc:1113] Processor: start processing batch 528b9f17-c670-4dcd-9c89-473651141373 into model nwt
I0522 22:03:47.963527 11020 processor.cc:1113] Processor: start processing batch 472a07df-87fd-41eb-b9aa-62279829caf4 into model nwt
I0522 22:03:47.963527 10976 processor.cc:1113] Processor: start processing batch 4d4c0970-e85f-43cb-b881-c97b0f8f6769 into model nwt
I0522 22:03:47.994686 11448 processor.cc:1242] Processor: complete processing batch bd760d38-4cc6-47a7-b91f-4efe34f5686b into model nwt
I0522 22:03:47.994686 16580 processor.cc:1242] Processor: complete processing batch 528b9f17-c670-4dcd-9c89-473651141373 into model nwt
I0522 22:03:47.994686 11448 common.h:122] 31ms in ProcessBatch(C:\Users\Evgeni\Documents\ML\C3W4\school_batches\aaaaab.batch) [including 0ms in LoadMessage; 0ms in InitializeSparseNdw; 0ms in InitializeModelIncrement; 15ms in InferThetaAndUpdateNwtSparse; 0ms in CalculateScore(PerplexityScore); 15ms in CalculateScore(SparsityThetaScore); ]
I0522 22:03:47.994686 16580 common.h:122] 31ms in ProcessBatch(C:\Users\Evgeni\Documents\ML\C3W4\school_batches\aaaaad.batch) [including 0ms in LoadMessage; 0ms in InitializeSparseNdw; 0ms in InitializeModelIncrement; 15ms in InferThetaAndUpdateNwtSparse; 0ms in CalculateScore(PerplexityScore); 15ms in CalculateScore(SparsityThetaScore); ]
I0522 22:03:47.994686 10976 processor.cc:1242] Processor: complete processing batch 4d4c0970-e85f-43cb-b881-c97b0f8f6769 into model nwt
I0522 22:03:47.994686 14188 processor.cc:1242] Processor: complete processing batch cbeeedc7-f49b-4155-a0a4-d106bcee270b into model nwt
I0522 22:03:47.994686 10976 common.h:122] 31ms in ProcessBatch(C:\Users\Evgeni\Documents\ML\C3W4\school_batches\aaaaaa.batch) [including 0ms in LoadMessage; 0ms in InitializeSparseNdw; 15ms in InitializeModelIncrement; 0ms in InferThetaAndUpdateNwtSparse; 15ms in CalculateScore(PerplexityScore); 0ms in CalculateScore(SparsityThetaScore); ]
I0522 22:03:47.994686 14188 common.h:122] 31ms in ProcessBatch(C:\Users\Evgeni\Documents\ML\C3W4\school_batches\aaaaac.batch) [including 0ms in LoadMessage; 0ms in InitializeSparseNdw; 0ms in InitializeModelIncrement; 15ms in InferThetaAndUpdateNwtSparse; 15ms in CalculateScore(PerplexityScore); 0ms in CalculateScore(SparsityThetaScore); ]
I0522 22:03:48.010335 11020 processor.cc:1242] Processor: complete processing batch 472a07df-87fd-41eb-b9aa-62279829caf4 into model nwt
I0522 22:03:48.010335 11020 common.h:122] 46ms in ProcessBatch(C:\Users\Evgeni\Documents\ML\C3W4\school_batches\aaaaae.batch) [including 0ms in LoadMessage; 0ms in InitializeSparseNdw; 15ms in InitializeModelIncrement; 0ms in InferThetaAndUpdateNwtSparse; 15ms in CalculateScore(PerplexityScore); 15ms in CalculateScore(SparsityThetaScore); ]
I0522 22:03:48.032575  2932 c_interface.cc:180] ArtmCopyRequestResultEx(request_type=0) copied 108 bytes
I0522 22:03:48.032575  2932 c_interface.cc:375] Pass RegularizeModelArgs: rwt_target_name=rwt, pwt_source_name=pwt, nwt_source_name=nwt to void (__cdecl artm::core::MasterComponent::*)(class artm::RegularizeModelArgs const & __ptr64) __ptr64
I0522 22:03:48.032575  2932 master_component.cc:666] MasterComponent: start regularizing model pwt
I0522 22:03:48.063756  2932 master_component.cc:695] MasterComponent: complete regularizing model pwt
I0522 22:03:48.063756  2932 c_interface.cc:375] Pass NormalizeModelArgs: pwt_target_name=pwt, nwt_source_name=nwt, rwt_source_name=rwt to void (__cdecl artm::core::MasterComponent::*)(class artm::NormalizeModelArgs const & __ptr64) __ptr64
I0522 22:03:48.063756  2932 master_component.cc:699] MasterComponent: start normalizing model nwt
I0522 22:03:48.079397  2932 master_component.cc:729] MasterComponent: complete normalizing model nwt
I0522 22:03:48.079397  2932 merger.cc:245] Merger::RequestScore(score_name=PerplexityScore)
I0522 22:03:48.079397  2932 c_interface.cc:180] ArtmCopyRequestResultEx(request_type=0) copied 64 bytes
I0522 22:03:48.079397  2932 merger.cc:245] Merger::RequestScore(score_name=SparsityPhiScore)
I0522 22:03:48.079397  2932 c_interface.cc:180] ArtmCopyRequestResultEx(request_type=0) copied 39 bytes
I0522 22:03:48.079397  2932 merger.cc:245] Merger::RequestScore(score_name=SparsityThetaScore)
I0522 22:03:48.079397  2932 c_interface.cc:180] ArtmCopyRequestResultEx(request_type=0) copied 38 bytes
I0522 22:03:48.079397  2932 merger.cc:245] Merger::RequestScore(score_name=top_words)
I0522 22:03:48.117192  2932 c_interface.cc:180] ArtmCopyRequestResultEx(request_type=0) copied 3814 bytes
I0522 22:03:48.117192  2932 c_interface.cc:541] Pass ProcessBatchesArgs: nwt_target_name=nwt, batch_filename_size=5, batch_size=0, batch_weight_size=5, pwt_source_name=pwt, inner_iterations_count=1, stream_name=@global, class=(text:1), reuse_theta=yes, opt_for_avx=yes, use_sparse_bow=yes, reset_scores=yes, predict_class_id= to MasterComponent::Request
I0522 22:03:48.157802  5068 processor.cc:1022] Processing queue has data, processing started
I0522 22:03:48.157802 16580 processor.cc:1113] Processor: start processing batch 472a07df-87fd-41eb-b9aa-62279829caf4 into model nwt
I0522 22:03:48.157802 10976 processor.cc:1113] Processor: start processing batch 4d4c0970-e85f-43cb-b881-c97b0f8f6769 into model nwt
I0522 22:03:48.157802 11448 processor.cc:1113] Processor: start processing batch bd760d38-4cc6-47a7-b91f-4efe34f5686b into model nwt
I0522 22:03:48.157802  2840 processor.cc:1113] Processor: start processing batch cbeeedc7-f49b-4155-a0a4-d106bcee270b into model nwt
I0522 22:03:48.157802  5068 processor.cc:1113] Processor: start processing batch 528b9f17-c670-4dcd-9c89-473651141373 into model nwt
I0522 22:03:48.173401 15624 processor.cc:1015] No data in processing queue, waiting...
I0522 22:03:48.189023 10976 processor.cc:1242] Processor: complete processing batch 4d4c0970-e85f-43cb-b881-c97b0f8f6769 into model nwt
I0522 22:03:48.189023 16580 processor.cc:1242] Processor: complete processing batch 472a07df-87fd-41eb-b9aa-62279829caf4 into model nwt
I0522 22:03:48.189023 10976 common.h:122] 31ms in ProcessBatch(C:\Users\Evgeni\Documents\ML\C3W4\school_batches\aaaaaa.batch) [including 0ms in LoadMessage; 0ms in InitializeSparseNdw; 0ms in InitializeModelIncrement; 15ms in InferThetaAndUpdateNwtSparse; 15ms in CalculateScore(PerplexityScore); 0ms in CalculateScore(SparsityThetaScore); ]
I0522 22:03:48.189023 11448 processor.cc:1242] Processor: complete processing batch bd760d38-4cc6-47a7-b91f-4efe34f5686b into model nwt
I0522 22:03:48.189023 16580 common.h:122] 31ms in ProcessBatch(C:\Users\Evgeni\Documents\ML\C3W4\school_batches\aaaaae.batch) [including 0ms in LoadMessage; 0ms in InitializeSparseNdw; 0ms in InitializeModelIncrement; 15ms in InferThetaAndUpdateNwtSparse; 15ms in CalculateScore(PerplexityScore); 0ms in CalculateScore(SparsityThetaScore); ]
I0522 22:03:48.189023 11448 common.h:122] 31ms in ProcessBatch(C:\Users\Evgeni\Documents\ML\C3W4\school_batches\aaaaab.batch) [including 0ms in LoadMessage; 0ms in InitializeSparseNdw; 0ms in InitializeModelIncrement; 15ms in InferThetaAndUpdateNwtSparse; 15ms in CalculateScore(PerplexityScore); 0ms in CalculateScore(SparsityThetaScore); ]
I0522 22:03:48.204643  2840 processor.cc:1242] Processor: complete processing batch cbeeedc7-f49b-4155-a0a4-d106bcee270b into model nwt
I0522 22:03:48.204643  5068 processor.cc:1242] Processor: complete processing batch 528b9f17-c670-4dcd-9c89-473651141373 into model nwt
I0522 22:03:48.217150  2840 common.h:122] 59ms in ProcessBatch(C:\Users\Evgeni\Documents\ML\C3W4\school_batches\aaaaac.batch) [including 0ms in LoadMessage; 0ms in InitializeSparseNdw; 15ms in InitializeModelIncrement; 15ms in InferThetaAndUpdateNwtSparse; 15ms in CalculateScore(PerplexityScore); 0ms in CalculateScore(SparsityThetaScore); ]
I0522 22:03:48.217150  5068 common.h:122] 59ms in ProcessBatch(C:\Users\Evgeni\Documents\ML\C3W4\school_batches\aaaaad.batch) [including 0ms in LoadMessage; 0ms in InitializeSparseNdw; 15ms in InitializeModelIncrement; 15ms in InferThetaAndUpdateNwtSparse; 15ms in CalculateScore(PerplexityScore); 0ms in CalculateScore(SparsityThetaScore); ]
I0522 22:03:48.232867  2932 c_interface.cc:180] ArtmCopyRequestResultEx(request_type=0) copied 108 bytes
I0522 22:03:48.232867  2932 c_interface.cc:375] Pass RegularizeModelArgs: rwt_target_name=rwt, pwt_source_name=pwt, nwt_source_name=nwt to void (__cdecl artm::core::MasterComponent::*)(class artm::RegularizeModelArgs const & __ptr64) __ptr64
I0522 22:03:48.232867  2932 master_component.cc:666] MasterComponent: start regularizing model pwt
I0522 22:03:48.264024  2932 master_component.cc:695] MasterComponent: complete regularizing model pwt
I0522 22:03:48.264024  2932 c_interface.cc:375] Pass NormalizeModelArgs: pwt_target_name=pwt, nwt_source_name=nwt, rwt_source_name=rwt to void (__cdecl artm::core::MasterComponent::*)(class artm::NormalizeModelArgs const & __ptr64) __ptr64
I0522 22:03:48.264024  2932 master_component.cc:699] MasterComponent: start normalizing model nwt
I0522 22:03:48.295310  2932 master_component.cc:729] MasterComponent: complete normalizing model nwt
I0522 22:03:48.295310  2932 merger.cc:245] Merger::RequestScore(score_name=PerplexityScore)
I0522 22:03:48.295310  2932 c_interface.cc:180] ArtmCopyRequestResultEx(request_type=0) copied 64 bytes
I0522 22:03:48.295310  2932 merger.cc:245] Merger::RequestScore(score_name=SparsityPhiScore)
I0522 22:03:48.295310  2932 c_interface.cc:180] ArtmCopyRequestResultEx(request_type=0) copied 39 bytes
I0522 22:03:48.295310  2932 merger.cc:245] Merger::RequestScore(score_name=SparsityThetaScore)
I0522 22:03:48.295310  2932 c_interface.cc:180] ArtmCopyRequestResultEx(request_type=0) copied 38 bytes
I0522 22:03:48.295310  2932 merger.cc:245] Merger::RequestScore(score_name=top_words)
I0522 22:03:48.333127 14188 processor.cc:1015] No data in processing queue, waiting...
I0522 22:03:48.333127  2932 c_interface.cc:180] ArtmCopyRequestResultEx(request_type=0) copied 3806 bytes
I0522 22:03:48.333127  2932 c_interface.cc:541] Pass ProcessBatchesArgs: nwt_target_name=nwt, batch_filename_size=5, batch_size=0, batch_weight_size=5, pwt_source_name=pwt, inner_iterations_count=1, stream_name=@global, class=(text:1), reuse_theta=yes, opt_for_avx=yes, use_sparse_bow=yes, reset_scores=yes, predict_class_id= to MasterComponent::Request
I0522 22:03:48.348728 11020 processor.cc:1015] No data in processing queue, waiting...
I0522 22:03:48.365658 15624 processor.cc:1022] Processing queue has data, processing started
I0522 22:03:48.365658 11448 processor.cc:1113] Processor: start processing batch cbeeedc7-f49b-4155-a0a4-d106bcee270b into model nwt
I0522 22:03:48.365658 15624 processor.cc:1113] Processor: start processing batch bd760d38-4cc6-47a7-b91f-4efe34f5686b into model nwt
I0522 22:03:48.365658 16580 processor.cc:1113] Processor: start processing batch 4d4c0970-e85f-43cb-b881-c97b0f8f6769 into model nwt
I0522 22:03:48.381278  2840 processor.cc:1113] Processor: start processing batch 472a07df-87fd-41eb-b9aa-62279829caf4 into model nwt
I0522 22:03:48.381278  5068 processor.cc:1113] Processor: start processing batch 528b9f17-c670-4dcd-9c89-473651141373 into model nwt
I0522 22:03:48.396899 16580 processor.cc:1242] Processor: complete processing batch 4d4c0970-e85f-43cb-b881-c97b0f8f6769 into model nwt
I0522 22:03:48.396899 11448 processor.cc:1242] Processor: complete processing batch cbeeedc7-f49b-4155-a0a4-d106bcee270b into model nwt
I0522 22:03:48.396899 16580 common.h:122] 31ms in ProcessBatch(C:\Users\Evgeni\Documents\ML\C3W4\school_batches\aaaaaa.batch) [including 0ms in LoadMessage; 0ms in InitializeSparseNdw; 0ms in InitializeModelIncrement; 15ms in InferThetaAndUpdateNwtSparse; 15ms in CalculateScore(PerplexityScore); 0ms in CalculateScore(SparsityThetaScore); ]
I0522 22:03:48.396899 15624 processor.cc:1242] Processor: complete processing batch bd760d38-4cc6-47a7-b91f-4efe34f5686b into model nwt
I0522 22:03:48.396899 11448 common.h:122] 31ms in ProcessBatch(C:\Users\Evgeni\Documents\ML\C3W4\school_batches\aaaaac.batch) [including 0ms in LoadMessage; 0ms in InitializeSparseNdw; 0ms in InitializeModelIncrement; 15ms in InferThetaAndUpdateNwtSparse; 15ms in CalculateScore(PerplexityScore); 0ms in CalculateScore(SparsityThetaScore); ]
I0522 22:03:48.396899 15624 common.h:122] 31ms in ProcessBatch(C:\Users\Evgeni\Documents\ML\C3W4\school_batches\aaaaab.batch) [including 0ms in LoadMessage; 0ms in InitializeSparseNdw; 0ms in InitializeModelIncrement; 15ms in InferThetaAndUpdateNwtSparse; 15ms in CalculateScore(PerplexityScore); 0ms in CalculateScore(SparsityThetaScore); ]
I0522 22:03:48.417594  5068 processor.cc:1242] Processor: complete processing batch 528b9f17-c670-4dcd-9c89-473651141373 into model nwt
I0522 22:03:48.417594  2840 processor.cc:1242] Processor: complete processing batch 472a07df-87fd-41eb-b9aa-62279829caf4 into model nwt
I0522 22:03:48.417594  5068 common.h:122] 36ms in ProcessBatch(C:\Users\Evgeni\Documents\ML\C3W4\school_batches\aaaaad.batch) [including 0ms in LoadMessage; 0ms in InitializeSparseNdw; 0ms in InitializeModelIncrement; 15ms in InferThetaAndUpdateNwtSparse; 15ms in CalculateScore(PerplexityScore); 5ms in CalculateScore(SparsityThetaScore); ]
I0522 22:03:48.417594  2840 common.h:122] 36ms in ProcessBatch(C:\Users\Evgeni\Documents\ML\C3W4\school_batches\aaaaae.batch) [including 0ms in LoadMessage; 0ms in InitializeSparseNdw; 0ms in InitializeModelIncrement; 15ms in InferThetaAndUpdateNwtSparse; 15ms in CalculateScore(PerplexityScore); 5ms in CalculateScore(SparsityThetaScore); ]
I0522 22:03:48.433301  2932 c_interface.cc:180] ArtmCopyRequestResultEx(request_type=0) copied 108 bytes
I0522 22:03:48.433301  2932 c_interface.cc:375] Pass RegularizeModelArgs: rwt_target_name=rwt, pwt_source_name=pwt, nwt_source_name=nwt to void (__cdecl artm::core::MasterComponent::*)(class artm::RegularizeModelArgs const & __ptr64) __ptr64
I0522 22:03:48.433301  2932 master_component.cc:666] MasterComponent: start regularizing model pwt
I0522 22:03:48.464465  2932 master_component.cc:695] MasterComponent: complete regularizing model pwt
I0522 22:03:48.464465  2932 c_interface.cc:375] Pass NormalizeModelArgs: pwt_target_name=pwt, nwt_source_name=nwt, rwt_source_name=rwt to void (__cdecl artm::core::MasterComponent::*)(class artm::NormalizeModelArgs const & __ptr64) __ptr64
I0522 22:03:48.464465  2932 master_component.cc:699] MasterComponent: start normalizing model nwt
I0522 22:03:48.480085  2932 master_component.cc:729] MasterComponent: complete normalizing model nwt
I0522 22:03:48.480085  2932 merger.cc:245] Merger::RequestScore(score_name=PerplexityScore)
I0522 22:03:48.480085  2932 c_interface.cc:180] ArtmCopyRequestResultEx(request_type=0) copied 64 bytes
I0522 22:03:48.480085  2932 merger.cc:245] Merger::RequestScore(score_name=SparsityPhiScore)
I0522 22:03:48.480085  2932 c_interface.cc:180] ArtmCopyRequestResultEx(request_type=0) copied 39 bytes
I0522 22:03:48.480085  2932 merger.cc:245] Merger::RequestScore(score_name=SparsityThetaScore)
I0522 22:03:48.480085  2932 c_interface.cc:180] ArtmCopyRequestResultEx(request_type=0) copied 38 bytes
I0522 22:03:48.480085  2932 merger.cc:245] Merger::RequestScore(score_name=top_words)
I0522 22:03:48.511354 10976 processor.cc:1015] No data in processing queue, waiting...
I0522 22:03:48.517861  2932 c_interface.cc:180] ArtmCopyRequestResultEx(request_type=0) copied 3820 bytes
I0522 22:03:48.517861  2932 c_interface.cc:541] Pass ProcessBatchesArgs: nwt_target_name=nwt, batch_filename_size=5, batch_size=0, batch_weight_size=5, pwt_source_name=pwt, inner_iterations_count=1, stream_name=@global, class=(text:1), reuse_theta=yes, opt_for_avx=yes, use_sparse_bow=yes, reset_scores=yes, predict_class_id= to MasterComponent::Request
I0522 22:03:48.549192 14188 processor.cc:1022] Processing queue has data, processing started
I0522 22:03:48.549192 11020 processor.cc:1022] Processing queue has data, processing started
I0522 22:03:48.549192  5068 processor.cc:1113] Processor: start processing batch 4d4c0970-e85f-43cb-b881-c97b0f8f6769 into model nwt
I0522 22:03:48.549192 11020 processor.cc:1113] Processor: start processing batch cbeeedc7-f49b-4155-a0a4-d106bcee270b into model nwt
I0522 22:03:48.549192  2840 processor.cc:1113] Processor: start processing batch 528b9f17-c670-4dcd-9c89-473651141373 into model nwt
I0522 22:03:48.549192 15624 processor.cc:1113] Processor: start processing batch bd760d38-4cc6-47a7-b91f-4efe34f5686b into model nwt
I0522 22:03:48.549192 14188 processor.cc:1113] Processor: start processing batch 472a07df-87fd-41eb-b9aa-62279829caf4 into model nwt
I0522 22:03:48.580351  5068 processor.cc:1242] Processor: complete processing batch 4d4c0970-e85f-43cb-b881-c97b0f8f6769 into model nwt
I0522 22:03:48.580351  2840 processor.cc:1242] Processor: complete processing batch 528b9f17-c670-4dcd-9c89-473651141373 into model nwt
I0522 22:03:48.580351  2840 common.h:122] 31ms in ProcessBatch(C:\Users\Evgeni\Documents\ML\C3W4\school_batches\aaaaad.batch) [including 0ms in LoadMessage; 0ms in InitializeSparseNdw; 0ms in InitializeModelIncrement; 15ms in InferThetaAndUpdateNwtSparse; 15ms in CalculateScore(PerplexityScore); 0ms in CalculateScore(SparsityThetaScore); ]
I0522 22:03:48.580351  5068 common.h:122] 31ms in ProcessBatch(C:\Users\Evgeni\Documents\ML\C3W4\school_batches\aaaaaa.batch) [including 0ms in LoadMessage; 0ms in InitializeSparseNdw; 0ms in InitializeModelIncrement; 15ms in InferThetaAndUpdateNwtSparse; 15ms in CalculateScore(PerplexityScore); 0ms in CalculateScore(SparsityThetaScore); ]
I0522 22:03:48.580351 15624 processor.cc:1242] Processor: complete processing batch bd760d38-4cc6-47a7-b91f-4efe34f5686b into model nwt
I0522 22:03:48.580351 11020 processor.cc:1242] Processor: complete processing batch cbeeedc7-f49b-4155-a0a4-d106bcee270b into model nwt
I0522 22:03:48.580351 14188 processor.cc:1242] Processor: complete processing batch 472a07df-87fd-41eb-b9aa-62279829caf4 into model nwt
I0522 22:03:48.580351 15624 common.h:122] 31ms in ProcessBatch(C:\Users\Evgeni\Documents\ML\C3W4\school_batches\aaaaab.batch) [including 0ms in LoadMessage; 0ms in InitializeSparseNdw; 0ms in InitializeModelIncrement; 15ms in InferThetaAndUpdateNwtSparse; 15ms in CalculateScore(PerplexityScore); 0ms in CalculateScore(SparsityThetaScore); ]
I0522 22:03:48.580351 14188 common.h:122] 31ms in ProcessBatch(C:\Users\Evgeni\Documents\ML\C3W4\school_batches\aaaaae.batch) [including 0ms in LoadMessage; 0ms in InitializeSparseNdw; 15ms in InitializeModelIncrement; 0ms in InferThetaAndUpdateNwtSparse; 15ms in CalculateScore(PerplexityScore); 0ms in CalculateScore(SparsityThetaScore); ]
I0522 22:03:48.580351 11020 common.h:122] 31ms in ProcessBatch(C:\Users\Evgeni\Documents\ML\C3W4\school_batches\aaaaac.batch) [including 0ms in LoadMessage; 0ms in InitializeSparseNdw; 15ms in InitializeModelIncrement; 0ms in InferThetaAndUpdateNwtSparse; 15ms in CalculateScore(PerplexityScore); 0ms in CalculateScore(SparsityThetaScore); ]
I0522 22:03:48.596050  2932 c_interface.cc:180] ArtmCopyRequestResultEx(request_type=0) copied 108 bytes
I0522 22:03:48.596050  2932 c_interface.cc:375] Pass RegularizeModelArgs: rwt_target_name=rwt, pwt_source_name=pwt, nwt_source_name=nwt to void (__cdecl artm::core::MasterComponent::*)(class artm::RegularizeModelArgs const & __ptr64) __ptr64
I0522 22:03:48.596050  2932 master_component.cc:666] MasterComponent: start regularizing model pwt
I0522 22:03:48.618103  2932 master_component.cc:695] MasterComponent: complete regularizing model pwt
I0522 22:03:48.618103  2932 c_interface.cc:375] Pass NormalizeModelArgs: pwt_target_name=pwt, nwt_source_name=nwt, rwt_source_name=rwt to void (__cdecl artm::core::MasterComponent::*)(class artm::NormalizeModelArgs const & __ptr64) __ptr64
I0522 22:03:48.618103  2932 master_component.cc:699] MasterComponent: start normalizing model nwt
I0522 22:03:48.633728  2932 master_component.cc:729] MasterComponent: complete normalizing model nwt
I0522 22:03:48.633728  2932 merger.cc:245] Merger::RequestScore(score_name=PerplexityScore)
I0522 22:03:48.633728  2932 c_interface.cc:180] ArtmCopyRequestResultEx(request_type=0) copied 64 bytes
I0522 22:03:48.633728  2932 merger.cc:245] Merger::RequestScore(score_name=SparsityPhiScore)
I0522 22:03:48.633728  2932 c_interface.cc:180] ArtmCopyRequestResultEx(request_type=0) copied 39 bytes
I0522 22:03:48.633728  2932 merger.cc:245] Merger::RequestScore(score_name=SparsityThetaScore)
I0522 22:03:48.633728  2932 c_interface.cc:180] ArtmCopyRequestResultEx(request_type=0) copied 38 bytes
I0522 22:03:48.633728  2932 merger.cc:245] Merger::RequestScore(score_name=top_words)
I0522 22:03:48.664971  2932 c_interface.cc:180] ArtmCopyRequestResultEx(request_type=0) copied 3830 bytes
I0522 22:03:48.680590  2932 c_interface.cc:541] Pass ProcessBatchesArgs: nwt_target_name=nwt, batch_filename_size=5, batch_size=0, batch_weight_size=5, pwt_source_name=pwt, inner_iterations_count=1, stream_name=@global, class=(text:1), reuse_theta=yes, opt_for_avx=yes, use_sparse_bow=yes, reset_scores=yes, predict_class_id= to MasterComponent::Request
I0522 22:03:48.711917 10976 processor.cc:1022] Processing queue has data, processing started
I0522 22:03:48.718422 14188 processor.cc:1113] Processor: start processing batch bd760d38-4cc6-47a7-b91f-4efe34f5686b into model nwt
I0522 22:03:48.718422 16580 processor.cc:1113] Processor: start processing batch cbeeedc7-f49b-4155-a0a4-d106bcee270b into model nwt
I0522 22:03:48.718422 11448 processor.cc:1113] Processor: start processing batch 4d4c0970-e85f-43cb-b881-c97b0f8f6769 into model nwt
I0522 22:03:48.718422 10976 processor.cc:1113] Processor: start processing batch 472a07df-87fd-41eb-b9aa-62279829caf4 into model nwt
I0522 22:03:48.718422  5068 processor.cc:1113] Processor: start processing batch 528b9f17-c670-4dcd-9c89-473651141373 into model nwt
I0522 22:03:48.734050 16580 processor.cc:1242] Processor: complete processing batch cbeeedc7-f49b-4155-a0a4-d106bcee270b into model nwt
I0522 22:03:48.734050 11448 processor.cc:1242] Processor: complete processing batch 4d4c0970-e85f-43cb-b881-c97b0f8f6769 into model nwt
I0522 22:03:48.749671 14188 processor.cc:1242] Processor: complete processing batch bd760d38-4cc6-47a7-b91f-4efe34f5686b into model nwt
I0522 22:03:48.749671 16580 common.h:122] 37ms in ProcessBatch(C:\Users\Evgeni\Documents\ML\C3W4\school_batches\aaaaac.batch) [including 0ms in LoadMessage; 0ms in InitializeSparseNdw; 0ms in InitializeModelIncrement; 0ms in InferThetaAndUpdateNwtSparse; 15ms in CalculateScore(PerplexityScore); 0ms in CalculateScore(SparsityThetaScore); ]
I0522 22:03:48.749671 11448 common.h:122] 37ms in ProcessBatch(C:\Users\Evgeni\Documents\ML\C3W4\school_batches\aaaaaa.batch) [including 0ms in LoadMessage; 0ms in InitializeSparseNdw; 0ms in InitializeModelIncrement; 0ms in InferThetaAndUpdateNwtSparse; 15ms in CalculateScore(PerplexityScore); 0ms in CalculateScore(SparsityThetaScore); ]
I0522 22:03:48.749671 14188 common.h:122] 37ms in ProcessBatch(C:\Users\Evgeni\Documents\ML\C3W4\school_batches\aaaaab.batch) [including 0ms in LoadMessage; 0ms in InitializeSparseNdw; 0ms in InitializeModelIncrement; 0ms in InferThetaAndUpdateNwtSparse; 15ms in CalculateScore(PerplexityScore); 15ms in CalculateScore(SparsityThetaScore); ]
I0522 22:03:48.749671 10976 processor.cc:1242] Processor: complete processing batch 472a07df-87fd-41eb-b9aa-62279829caf4 into model nwt
I0522 22:03:48.749671  5068 processor.cc:1242] Processor: complete processing batch 528b9f17-c670-4dcd-9c89-473651141373 into model nwt
I0522 22:03:48.749671 10976 common.h:122] 37ms in ProcessBatch(C:\Users\Evgeni\Documents\ML\C3W4\school_batches\aaaaae.batch) [including 6ms in LoadMessage; 0ms in InitializeSparseNdw; 0ms in InitializeModelIncrement; 15ms in InferThetaAndUpdateNwtSparse; 15ms in CalculateScore(PerplexityScore); 0ms in CalculateScore(SparsityThetaScore); ]
I0522 22:03:48.749671  5068 common.h:122] 37ms in ProcessBatch(C:\Users\Evgeni\Documents\ML\C3W4\school_batches\aaaaad.batch) [including 6ms in LoadMessage; 0ms in InitializeSparseNdw; 0ms in InitializeModelIncrement; 15ms in InferThetaAndUpdateNwtSparse; 15ms in CalculateScore(PerplexityScore); 0ms in CalculateScore(SparsityThetaScore); ]
I0522 22:03:48.765327  2932 c_interface.cc:180] ArtmCopyRequestResultEx(request_type=0) copied 108 bytes
I0522 22:03:48.765327  2932 c_interface.cc:375] Pass RegularizeModelArgs: rwt_target_name=rwt, pwt_source_name=pwt, nwt_source_name=nwt to void (__cdecl artm::core::MasterComponent::*)(class artm::RegularizeModelArgs const & __ptr64) __ptr64
I0522 22:03:48.765327  2932 master_component.cc:666] MasterComponent: start regularizing model pwt
I0522 22:03:48.796561  2932 master_component.cc:695] MasterComponent: complete regularizing model pwt
I0522 22:03:48.796561  2932 c_interface.cc:375] Pass NormalizeModelArgs: pwt_target_name=pwt, nwt_source_name=nwt, rwt_source_name=rwt to void (__cdecl artm::core::MasterComponent::*)(class artm::NormalizeModelArgs const & __ptr64) __ptr64
I0522 22:03:48.796561  2932 master_component.cc:699] MasterComponent: start normalizing model nwt
I0522 22:03:48.818665  2932 master_component.cc:729] MasterComponent: complete normalizing model nwt
I0522 22:03:48.818665  2932 merger.cc:245] Merger::RequestScore(score_name=PerplexityScore)
I0522 22:03:48.818665  2932 c_interface.cc:180] ArtmCopyRequestResultEx(request_type=0) copied 64 bytes
I0522 22:03:48.818665  2932 merger.cc:245] Merger::RequestScore(score_name=SparsityPhiScore)
I0522 22:03:48.818665  2932 c_interface.cc:180] ArtmCopyRequestResultEx(request_type=0) copied 39 bytes
I0522 22:03:48.818665  2932 merger.cc:245] Merger::RequestScore(score_name=SparsityThetaScore)
I0522 22:03:48.818665  2932 c_interface.cc:180] ArtmCopyRequestResultEx(request_type=0) copied 38 bytes
I0522 22:03:48.818665  2932 merger.cc:245] Merger::RequestScore(score_name=top_words)
I0522 22:03:48.849947  2932 c_interface.cc:180] ArtmCopyRequestResultEx(request_type=0) copied 3820 bytes
I0522 22:03:48.849947  2932 c_interface.cc:541] Pass ProcessBatchesArgs: nwt_target_name=nwt, batch_filename_size=5, batch_size=0, batch_weight_size=5, pwt_source_name=pwt, inner_iterations_count=1, stream_name=@global, class=(text:1), reuse_theta=yes, opt_for_avx=yes, use_sparse_bow=yes, reset_scores=yes, predict_class_id= to MasterComponent::Request
I0522 22:03:48.890523 10976 processor.cc:1113] Processor: start processing batch 528b9f17-c670-4dcd-9c89-473651141373 into model nwt
I0522 22:03:48.890523  2840 processor.cc:1113] Processor: start processing batch bd760d38-4cc6-47a7-b91f-4efe34f5686b into model nwt
I0522 22:03:48.890523 16580 processor.cc:1113] Processor: start processing batch 4d4c0970-e85f-43cb-b881-c97b0f8f6769 into model nwt
I0522 22:03:48.890523 11448 processor.cc:1113] Processor: start processing batch 472a07df-87fd-41eb-b9aa-62279829caf4 into model nwt
I0522 22:03:48.890523  5068 processor.cc:1113] Processor: start processing batch cbeeedc7-f49b-4155-a0a4-d106bcee270b into model nwt
I0522 22:03:48.906142 11020 processor.cc:1015] No data in processing queue, waiting...
I0522 22:03:48.906142 15624 processor.cc:1015] No data in processing queue, waiting...
I0522 22:03:48.918653  2840 processor.cc:1242] Processor: complete processing batch bd760d38-4cc6-47a7-b91f-4efe34f5686b into model nwt
I0522 22:03:48.918653  2840 common.h:122] 28ms in ProcessBatch(C:\Users\Evgeni\Documents\ML\C3W4\school_batches\aaaaab.batch) [including 0ms in LoadMessage; 0ms in InitializeSparseNdw; 0ms in InitializeModelIncrement; 15ms in InferThetaAndUpdateNwtSparse; 12ms in CalculateScore(PerplexityScore); 0ms in CalculateScore(SparsityThetaScore); ]
I0522 22:03:48.918653 10976 processor.cc:1242] Processor: complete processing batch 528b9f17-c670-4dcd-9c89-473651141373 into model nwt
I0522 22:03:48.918653 16580 processor.cc:1242] Processor: complete processing batch 4d4c0970-e85f-43cb-b881-c97b0f8f6769 into model nwt
I0522 22:03:48.918653 10976 common.h:122] 28ms in ProcessBatch(C:\Users\Evgeni\Documents\ML\C3W4\school_batches\aaaaad.batch) [including 0ms in LoadMessage; 0ms in InitializeSparseNdw; 0ms in InitializeModelIncrement; 15ms in InferThetaAndUpdateNwtSparse; 12ms in CalculateScore(PerplexityScore); 0ms in CalculateScore(SparsityThetaScore); ]
I0522 22:03:48.918653 16580 common.h:122] 28ms in ProcessBatch(C:\Users\Evgeni\Documents\ML\C3W4\school_batches\aaaaaa.batch) [including 0ms in LoadMessage; 0ms in InitializeSparseNdw; 0ms in InitializeModelIncrement; 15ms in InferThetaAndUpdateNwtSparse; 12ms in CalculateScore(PerplexityScore); 0ms in CalculateScore(SparsityThetaScore); ]
I0522 22:03:48.934284 11448 processor.cc:1242] Processor: complete processing batch 472a07df-87fd-41eb-b9aa-62279829caf4 into model nwt
I0522 22:03:48.934284  5068 processor.cc:1242] Processor: complete processing batch cbeeedc7-f49b-4155-a0a4-d106bcee270b into model nwt
I0522 22:03:48.934284 11448 common.h:122] 43ms in ProcessBatch(C:\Users\Evgeni\Documents\ML\C3W4\school_batches\aaaaae.batch) [including 0ms in LoadMessage; 0ms in InitializeSparseNdw; 15ms in InitializeModelIncrement; 12ms in InferThetaAndUpdateNwtSparse; 0ms in CalculateScore(PerplexityScore); 15ms in CalculateScore(SparsityThetaScore); ]
I0522 22:03:48.934284  5068 common.h:122] 43ms in ProcessBatch(C:\Users\Evgeni\Documents\ML\C3W4\school_batches\aaaaac.batch) [including 0ms in LoadMessage; 0ms in InitializeSparseNdw; 15ms in InitializeModelIncrement; 12ms in InferThetaAndUpdateNwtSparse; 0ms in CalculateScore(PerplexityScore); 15ms in CalculateScore(SparsityThetaScore); ]
I0522 22:03:48.949985  2932 c_interface.cc:180] ArtmCopyRequestResultEx(request_type=0) copied 108 bytes
I0522 22:03:48.949985  2932 c_interface.cc:375] Pass RegularizeModelArgs: rwt_target_name=rwt, pwt_source_name=pwt, nwt_source_name=nwt to void (__cdecl artm::core::MasterComponent::*)(class artm::RegularizeModelArgs const & __ptr64) __ptr64
I0522 22:03:48.949985  2932 master_component.cc:666] MasterComponent: start regularizing model pwt
I0522 22:03:48.965531  2932 master_component.cc:695] MasterComponent: complete regularizing model pwt
I0522 22:03:48.965531  2932 c_interface.cc:375] Pass NormalizeModelArgs: pwt_target_name=pwt, nwt_source_name=nwt, rwt_source_name=rwt to void (__cdecl artm::core::MasterComponent::*)(class artm::NormalizeModelArgs const & __ptr64) __ptr64
I0522 22:03:48.965531  2932 master_component.cc:699] MasterComponent: start normalizing model nwt
I0522 22:03:48.996803  2932 master_component.cc:729] MasterComponent: complete normalizing model nwt
I0522 22:03:48.996803  2932 merger.cc:245] Merger::RequestScore(score_name=PerplexityScore)
I0522 22:03:48.996803  2932 c_interface.cc:180] ArtmCopyRequestResultEx(request_type=0) copied 64 bytes
I0522 22:03:48.996803  2932 merger.cc:245] Merger::RequestScore(score_name=SparsityPhiScore)
I0522 22:03:48.996803  2932 c_interface.cc:180] ArtmCopyRequestResultEx(request_type=0) copied 39 bytes
I0522 22:03:48.996803  2932 merger.cc:245] Merger::RequestScore(score_name=SparsityThetaScore)
I0522 22:03:48.996803  2932 c_interface.cc:180] ArtmCopyRequestResultEx(request_type=0) copied 38 bytes
I0522 22:03:48.996803  2932 merger.cc:245] Merger::RequestScore(score_name=top_words)
I0522 22:03:49.018959  2932 c_interface.cc:180] ArtmCopyRequestResultEx(request_type=0) copied 3810 bytes
I0522 22:03:49.018959  2932 c_interface.cc:541] Pass ProcessBatchesArgs: nwt_target_name=nwt, batch_filename_size=5, batch_size=0, batch_weight_size=5, pwt_source_name=pwt, inner_iterations_count=1, stream_name=@global, class=(text:1), reuse_theta=yes, opt_for_avx=yes, use_sparse_bow=yes, reset_scores=yes, predict_class_id= to MasterComponent::Request
I0522 22:03:49.050289  2840 processor.cc:1113] Processor: start processing batch 4d4c0970-e85f-43cb-b881-c97b0f8f6769 into model nwt
I0522 22:03:49.050289 16580 processor.cc:1113] Processor: start processing batch 528b9f17-c670-4dcd-9c89-473651141373 into model nwt
I0522 22:03:49.050289 11448 processor.cc:1113] Processor: start processing batch 472a07df-87fd-41eb-b9aa-62279829caf4 into model nwt
I0522 22:03:49.050289 10976 processor.cc:1113] Processor: start processing batch cbeeedc7-f49b-4155-a0a4-d106bcee270b into model nwt
I0522 22:03:49.050289  5068 processor.cc:1113] Processor: start processing batch bd760d38-4cc6-47a7-b91f-4efe34f5686b into model nwt
I0522 22:03:49.065827 11448 processor.cc:1242] Processor: complete processing batch 472a07df-87fd-41eb-b9aa-62279829caf4 into model nwt
I0522 22:03:49.065827  2840 processor.cc:1242] Processor: complete processing batch 4d4c0970-e85f-43cb-b881-c97b0f8f6769 into model nwt
I0522 22:03:49.081449 14188 processor.cc:1015] No data in processing queue, waiting...
I0522 22:03:49.082715 11448 common.h:122] 32ms in ProcessBatch(C:\Users\Evgeni\Documents\ML\C3W4\school_batches\aaaaae.batch) [including 0ms in LoadMessage; 0ms in InitializeSparseNdw; 0ms in InitializeModelIncrement; 15ms in InferThetaAndUpdateNwtSparse; 0ms in CalculateScore(PerplexityScore); 0ms in CalculateScore(SparsityThetaScore); ]
I0522 22:03:49.082715  2840 common.h:122] 32ms in ProcessBatch(C:\Users\Evgeni\Documents\ML\C3W4\school_batches\aaaaaa.batch) [including 0ms in LoadMessage; 0ms in InitializeSparseNdw; 0ms in InitializeModelIncrement; 15ms in InferThetaAndUpdateNwtSparse; 0ms in CalculateScore(PerplexityScore); 0ms in CalculateScore(SparsityThetaScore); ]
I0522 22:03:49.082715 10976 processor.cc:1242] Processor: complete processing batch cbeeedc7-f49b-4155-a0a4-d106bcee270b into model nwt
I0522 22:03:49.082715 16580 processor.cc:1242] Processor: complete processing batch 528b9f17-c670-4dcd-9c89-473651141373 into model nwt
I0522 22:03:49.082715 10976 common.h:122] 32ms in ProcessBatch(C:\Users\Evgeni\Documents\ML\C3W4\school_batches\aaaaac.batch) [including 0ms in LoadMessage; 0ms in InitializeSparseNdw; 15ms in InitializeModelIncrement; 0ms in InferThetaAndUpdateNwtSparse; 16ms in CalculateScore(PerplexityScore); 0ms in CalculateScore(SparsityThetaScore); ]
I0522 22:03:49.082715 16580 common.h:122] 32ms in ProcessBatch(C:\Users\Evgeni\Documents\ML\C3W4\school_batches\aaaaad.batch) [including 0ms in LoadMessage; 0ms in InitializeSparseNdw; 0ms in InitializeModelIncrement; 15ms in InferThetaAndUpdateNwtSparse; 16ms in CalculateScore(PerplexityScore); 0ms in CalculateScore(SparsityThetaScore); ]
I0522 22:03:49.082715  5068 processor.cc:1242] Processor: complete processing batch bd760d38-4cc6-47a7-b91f-4efe34f5686b into model nwt
I0522 22:03:49.082715  5068 common.h:122] 32ms in ProcessBatch(C:\Users\Evgeni\Documents\ML\C3W4\school_batches\aaaaab.batch) [including 0ms in LoadMessage; 0ms in InitializeSparseNdw; 15ms in InitializeModelIncrement; 0ms in InferThetaAndUpdateNwtSparse; 16ms in CalculateScore(PerplexityScore); 0ms in CalculateScore(SparsityThetaScore); ]
I0522 22:03:49.098410  2932 c_interface.cc:180] ArtmCopyRequestResultEx(request_type=0) copied 108 bytes
I0522 22:03:49.098410  2932 c_interface.cc:375] Pass RegularizeModelArgs: rwt_target_name=rwt, pwt_source_name=pwt, nwt_source_name=nwt to void (__cdecl artm::core::MasterComponent::*)(class artm::RegularizeModelArgs const & __ptr64) __ptr64
I0522 22:03:49.098410  2932 master_component.cc:666] MasterComponent: start regularizing model pwt
I0522 22:03:49.118973  2932 master_component.cc:695] MasterComponent: complete regularizing model pwt
I0522 22:03:49.118973  2932 c_interface.cc:375] Pass NormalizeModelArgs: pwt_target_name=pwt, nwt_source_name=nwt, rwt_source_name=rwt to void (__cdecl artm::core::MasterComponent::*)(class artm::NormalizeModelArgs const & __ptr64) __ptr64
I0522 22:03:49.118973  2932 master_component.cc:699] MasterComponent: start normalizing model nwt
I0522 22:03:49.134598  2932 master_component.cc:729] MasterComponent: complete normalizing model nwt
I0522 22:03:49.134598  2932 merger.cc:245] Merger::RequestScore(score_name=PerplexityScore)
I0522 22:03:49.134598  2932 c_interface.cc:180] ArtmCopyRequestResultEx(request_type=0) copied 64 bytes
I0522 22:03:49.134598  2932 merger.cc:245] Merger::RequestScore(score_name=SparsityPhiScore)
I0522 22:03:49.134598  2932 c_interface.cc:180] ArtmCopyRequestResultEx(request_type=0) copied 39 bytes
I0522 22:03:49.134598  2932 merger.cc:245] Merger::RequestScore(score_name=SparsityThetaScore)
I0522 22:03:49.134598  2932 c_interface.cc:180] ArtmCopyRequestResultEx(request_type=0) copied 38 bytes
I0522 22:03:49.134598  2932 merger.cc:245] Merger::RequestScore(score_name=top_words)
I0522 22:03:49.165843  2932 c_interface.cc:180] ArtmCopyRequestResultEx(request_type=0) copied 3840 bytes
I0522 22:03:49.165843  2932 c_interface.cc:541] Pass ProcessBatchesArgs: nwt_target_name=nwt, batch_filename_size=5, batch_size=0, batch_weight_size=5, pwt_source_name=pwt, inner_iterations_count=1, stream_name=@global, class=(text:1), reuse_theta=yes, opt_for_avx=yes, use_sparse_bow=yes, reset_scores=yes, predict_class_id= to MasterComponent::Request
I0522 22:03:49.197170 14188 processor.cc:1022] Processing queue has data, processing started
I0522 22:03:49.197170 11448 processor.cc:1113] Processor: start processing batch bd760d38-4cc6-47a7-b91f-4efe34f5686b into model nwt
I0522 22:03:49.197170 14188 processor.cc:1113] Processor: start processing batch cbeeedc7-f49b-4155-a0a4-d106bcee270b into model nwt
I0522 22:03:49.197170  5068 processor.cc:1113] Processor: start processing batch 4d4c0970-e85f-43cb-b881-c97b0f8f6769 into model nwt
I0522 22:03:49.197170  2840 processor.cc:1113] Processor: start processing batch 472a07df-87fd-41eb-b9aa-62279829caf4 into model nwt
I0522 22:03:49.197170 16580 processor.cc:1113] Processor: start processing batch 528b9f17-c670-4dcd-9c89-473651141373 into model nwt
I0522 22:03:49.219244 11448 processor.cc:1242] Processor: complete processing batch bd760d38-4cc6-47a7-b91f-4efe34f5686b into model nwt
I0522 22:03:49.219244 14188 processor.cc:1242] Processor: complete processing batch cbeeedc7-f49b-4155-a0a4-d106bcee270b into model nwt
I0522 22:03:49.234905 14188 common.h:122] 37ms in ProcessBatch(C:\Users\Evgeni\Documents\ML\C3W4\school_batches\aaaaac.batch) [including 0ms in LoadMessage; 0ms in InitializeSparseNdw; 0ms in InitializeModelIncrement; 22ms in InferThetaAndUpdateNwtSparse; 0ms in CalculateScore(PerplexityScore); 0ms in CalculateScore(SparsityThetaScore); ]
I0522 22:03:49.234905 11448 common.h:122] 37ms in ProcessBatch(C:\Users\Evgeni\Documents\ML\C3W4\school_batches\aaaaab.batch) [including 0ms in LoadMessage; 0ms in InitializeSparseNdw; 0ms in InitializeModelIncrement; 15ms in InferThetaAndUpdateNwtSparse; 6ms in CalculateScore(PerplexityScore); 0ms in CalculateScore(SparsityThetaScore); ]
I0522 22:03:49.234905  5068 processor.cc:1242] Processor: complete processing batch 4d4c0970-e85f-43cb-b881-c97b0f8f6769 into model nwt
I0522 22:03:49.234905  5068 common.h:122] 37ms in ProcessBatch(C:\Users\Evgeni\Documents\ML\C3W4\school_batches\aaaaaa.batch) [including 0ms in LoadMessage; 0ms in InitializeSparseNdw; 0ms in InitializeModelIncrement; 22ms in InferThetaAndUpdateNwtSparse; 0ms in CalculateScore(PerplexityScore); 15ms in CalculateScore(SparsityThetaScore); ]
I0522 22:03:49.234905  2840 processor.cc:1242] Processor: complete processing batch 472a07df-87fd-41eb-b9aa-62279829caf4 into model nwt
