Log file created at: 2019/05/22 22:03:40
Running on machine: CHRISTMASSTREE
Log line format: [IWEF]mmdd hh:mm:ss.uuuuuu threadid file:line] msg
I0522 22:03:40.998549  2932 c_interface.cc:74] Logging enabled to .
I0522 22:03:41.515686  2932 instance.cc:403] MasterComponentConfig.processors_count is automatically set to 8
I0522 22:03:41.515686  6196 merger.cc:125] Merger thread started
I0522 22:03:41.515686 16580 processor.cc:999] Processor thread started
I0522 22:03:41.515686 10976 processor.cc:999] Processor thread started
I0522 22:03:41.515686  2840 processor.cc:999] Processor thread started
I0522 22:03:41.515686 15624 processor.cc:999] Processor thread started
I0522 22:03:41.515686 11020 processor.cc:999] Processor thread started
I0522 22:03:41.515686  5068 processor.cc:999] Processor thread started
I0522 22:03:41.515686 11448 processor.cc:999] Processor thread started
I0522 22:03:41.531225  2932 c_interface.cc:238] Creating MasterComponent (id=1)...
I0522 22:03:41.531225 14188 processor.cc:999] Processor thread started
I0522 22:03:41.600289  2932 c_interface.cc:375] Pass MasterComponentConfig: disk_path=, stream_size=0, compact_batches=yes, cache_theta=yes, processors_count=0, processor_queue_max_size=10, merger_queue_max_size=10, score_config_size=1, disk_cache_path to void (__cdecl artm::core::MasterComponent::*)(class artm::MasterComponentConfig const & __ptr64) __ptr64
I0522 22:03:41.600289  2932 instance.cc:403] MasterComponentConfig.processors_count is automatically set to 8
I0522 22:03:41.600289  2932 perplexity.cc:25] Perplexity score calculator created: stream_name=@global, model_type=1, dictionary_name=dictionary
I0522 22:03:41.600289  2932 c_interface.cc:375] Pass MasterComponentConfig: disk_path=, stream_size=0, compact_batches=yes, cache_theta=yes, processors_count=0, processor_queue_max_size=10, merger_queue_max_size=10, score_config_size=2, disk_cache_path to void (__cdecl artm::core::MasterComponent::*)(class artm::MasterComponentConfig const & __ptr64) __ptr64
I0522 22:03:41.600289  2932 instance.cc:403] MasterComponentConfig.processors_count is automatically set to 8
I0522 22:03:41.600289  2932 perplexity.cc:25] Perplexity score calculator created: stream_name=@global, model_type=1, dictionary_name=dictionary
I0522 22:03:41.600289  2932 c_interface.cc:375] Pass MasterComponentConfig: disk_path=, stream_size=0, compact_batches=yes, cache_theta=yes, processors_count=0, processor_queue_max_size=10, merger_queue_max_size=10, score_config_size=3, disk_cache_path to void (__cdecl artm::core::MasterComponent::*)(class artm::MasterComponentConfig const & __ptr64) __ptr64
I0522 22:03:41.600289  2932 instance.cc:403] MasterComponentConfig.processors_count is automatically set to 8
I0522 22:03:41.600289  2932 perplexity.cc:25] Perplexity score calculator created: stream_name=@global, model_type=1, dictionary_name=dictionary
I0522 22:03:41.600289  2932 c_interface.cc:375] Pass MasterComponentConfig: disk_path=, stream_size=0, compact_batches=yes, cache_theta=yes, processors_count=0, processor_queue_max_size=10, merger_queue_max_size=10, score_config_size=4, disk_cache_path to void (__cdecl artm::core::MasterComponent::*)(class artm::MasterComponentConfig const & __ptr64) __ptr64
I0522 22:03:41.600289  2932 instance.cc:403] MasterComponentConfig.processors_count is automatically set to 8
I0522 22:03:41.600289  2932 perplexity.cc:25] Perplexity score calculator created: stream_name=@global, model_type=1, dictionary_name=dictionary
I0522 22:03:41.834733  2840 processor.cc:1015] No data in processing queue, waiting...
I0522 22:03:41.834733 16580 processor.cc:1015] No data in processing queue, waiting...
I0522 22:03:41.834733 10976 processor.cc:1015] No data in processing queue, waiting...
I0522 22:03:41.834733  5068 processor.cc:1015] No data in processing queue, waiting...
I0522 22:03:41.834733 15624 processor.cc:1015] No data in processing queue, waiting...
I0522 22:03:41.834733 11448 processor.cc:1015] No data in processing queue, waiting...
I0522 22:03:41.834733 11020 processor.cc:1015] No data in processing queue, waiting...
I0522 22:03:41.850354 14188 processor.cc:1015] No data in processing queue, waiting...
I0522 22:03:42.781903  2932 c_interface.cc:375] Pass GatherDictionaryArgs: dictionary_target_name=dictionary, data_path=school_batches, symmetric_cooc_values=0 to void (__cdecl artm::core::MasterComponent::*)(class artm::GatherDictionaryArgs const & __ptr64) __ptr64
I0522 22:03:42.800164  2932 dictionary.cc:184] Found 5 batches in 'school_batches' folder
I0522 22:03:42.850586  2932 dictionary.cc:241] Find 16055 unique tokens in 476 items
I0522 22:03:44.781877  2932 c_interface.cc:361] Pass pwt to void (__cdecl artm::core::MasterComponent::*)(class std::basic_string<char,struct std::char_traits<char>,class std::allocator<char> > const & __ptr64) __ptr64
I0522 22:03:44.781877  2932 c_interface.cc:361] Pass nwt to void (__cdecl artm::core::MasterComponent::*)(class std::basic_string<char,struct std::char_traits<char>,class std::allocator<char> > const & __ptr64) __ptr64
I0522 22:03:44.797500  2932 c_interface.cc:361] Pass rwt to void (__cdecl artm::core::MasterComponent::*)(class std::basic_string<char,struct std::char_traits<char>,class std::allocator<char> > const & __ptr64) __ptr64
I0522 22:03:44.797500  2932 c_interface.cc:375] Pass InitializeModelArgs: model_name=pwt, dictionary_name=dictionary, topics_count=10, topic_name_size=10 to void (__cdecl artm::core::MasterComponent::*)(class artm::InitializeModelArgs const & __ptr64) __ptr64
I0522 22:03:44.797500  2932 merger.cc:435] InitializeModel() with 10 topics and 16055 tokens
I0522 22:03:44.856412  2932 c_interface.cc:180] ArtmCopyRequestResultEx(request_type=0) copied 62 bytes
I0522 22:03:46.275383  2932 c_interface.cc:541] Pass ProcessBatchesArgs: nwt_target_name=nwt, batch_filename_size=5, batch_size=0, batch_weight_size=5, pwt_source_name=pwt, inner_iterations_count=1, stream_name=@global, class=(text:1), reuse_theta=yes, opt_for_avx=yes, use_sparse_bow=yes, reset_scores=yes, predict_class_id= to MasterComponent::Request
I0522 22:03:46.291004  2932 master_component.cc:544] Batches count (=5) is smaller than processors threads count (=8), which may cause suboptimal performance.
I0522 22:03:46.306625 11020 processor.cc:1022] Processing queue has data, processing started
I0522 22:03:46.306625  5068 processor.cc:1022] Processing queue has data, processing started
I0522 22:03:46.306625 14188 processor.cc:1022] Processing queue has data, processing started
I0522 22:03:46.306625  2840 processor.cc:1022] Processing queue has data, processing started
I0522 22:03:46.306625 16580 processor.cc:1022] Processing queue has data, processing started
I0522 22:03:46.313132  2840 processor.cc:1113] Processor: start processing batch 472a07df-87fd-41eb-b9aa-62279829caf4 into model nwt
I0522 22:03:46.313132 14188 processor.cc:1113] Processor: start processing batch bd760d38-4cc6-47a7-b91f-4efe34f5686b into model nwt
I0522 22:03:46.313132 11020 processor.cc:1113] Processor: start processing batch 528b9f17-c670-4dcd-9c89-473651141373 into model nwt
I0522 22:03:46.313132  5068 processor.cc:1113] Processor: start processing batch 4d4c0970-e85f-43cb-b881-c97b0f8f6769 into model nwt
I0522 22:03:46.313132 16580 processor.cc:1113] Processor: start processing batch cbeeedc7-f49b-4155-a0a4-d106bcee270b into model nwt
I0522 22:03:46.344382 11020 processor.cc:1242] Processor: complete processing batch 528b9f17-c670-4dcd-9c89-473651141373 into model nwt
I0522 22:03:46.344382 11020 common.h:122] 37ms in ProcessBatch(C:\Users\Evgeni\Documents\ML\C3W4\school_batches\aaaaad.batch) [including 6ms in LoadMessage; 0ms in InitializeSparseNdw; 0ms in InitializeModelIncrement; 15ms in InferThetaAndUpdateNwtSparse; 15ms in CalculateScore(PerplexityScore); 0ms in CalculateScore(SparsityThetaScore); ]
I0522 22:03:46.344382  2840 processor.cc:1242] Processor: complete processing batch 472a07df-87fd-41eb-b9aa-62279829caf4 into model nwt
I0522 22:03:46.344382  2840 common.h:122] 37ms in ProcessBatch(C:\Users\Evgeni\Documents\ML\C3W4\school_batches\aaaaae.batch) [including 0ms in LoadMessage; 0ms in InitializeSparseNdw; 0ms in InitializeModelIncrement; 15ms in InferThetaAndUpdateNwtSparse; 15ms in CalculateScore(PerplexityScore); 0ms in CalculateScore(SparsityThetaScore); ]
I0522 22:03:46.344382 16580 processor.cc:1242] Processor: complete processing batch cbeeedc7-f49b-4155-a0a4-d106bcee270b into model nwt
I0522 22:03:46.344382  5068 processor.cc:1242] Processor: complete processing batch 4d4c0970-e85f-43cb-b881-c97b0f8f6769 into model nwt
I0522 22:03:46.344382 14188 processor.cc:1242] Processor: complete processing batch bd760d38-4cc6-47a7-b91f-4efe34f5686b into model nwt
I0522 22:03:46.360007 16580 common.h:122] 53ms in ProcessBatch(C:\Users\Evgeni\Documents\ML\C3W4\school_batches\aaaaac.batch) [including 6ms in LoadMessage; 0ms in InitializeSparseNdw; 0ms in InitializeModelIncrement; 15ms in InferThetaAndUpdateNwtSparse; 15ms in CalculateScore(PerplexityScore); 0ms in CalculateScore(SparsityThetaScore); ]
I0522 22:03:46.360007  5068 common.h:122] 53ms in ProcessBatch(C:\Users\Evgeni\Documents\ML\C3W4\school_batches\aaaaaa.batch) [including 6ms in LoadMessage; 0ms in InitializeSparseNdw; 0ms in InitializeModelIncrement; 15ms in InferThetaAndUpdateNwtSparse; 15ms in CalculateScore(PerplexityScore); 0ms in CalculateScore(SparsityThetaScore); ]
I0522 22:03:46.360007 14188 common.h:122] 53ms in ProcessBatch(C:\Users\Evgeni\Documents\ML\C3W4\school_batches\aaaaab.batch) [including 0ms in LoadMessage; 0ms in InitializeSparseNdw; 0ms in InitializeModelIncrement; 15ms in InferThetaAndUpdateNwtSparse; 15ms in CalculateScore(PerplexityScore); 0ms in CalculateScore(SparsityThetaScore); ]
I0522 22:03:46.375705  2932 c_interface.cc:180] ArtmCopyRequestResultEx(request_type=0) copied 108 bytes
I0522 22:03:46.375705  2932 c_interface.cc:375] Pass RegularizeModelArgs: rwt_target_name=rwt, pwt_source_name=pwt, nwt_source_name=nwt to void (__cdecl artm::core::MasterComponent::*)(class artm::RegularizeModelArgs const & __ptr64) __ptr64
I0522 22:03:46.375705  2932 master_component.cc:666] MasterComponent: start regularizing model pwt
I0522 22:03:46.391247  2932 master_component.cc:695] MasterComponent: complete regularizing model pwt
I0522 22:03:46.391247  2932 c_interface.cc:375] Pass NormalizeModelArgs: pwt_target_name=pwt, nwt_source_name=nwt, rwt_source_name=rwt to void (__cdecl artm::core::MasterComponent::*)(class artm::NormalizeModelArgs const & __ptr64) __ptr64
I0522 22:03:46.391247  2932 master_component.cc:699] MasterComponent: start normalizing model nwt
I0522 22:03:46.413437  2932 master_component.cc:729] MasterComponent: complete normalizing model nwt
I0522 22:03:46.413437  2932 merger.cc:245] Merger::RequestScore(score_name=PerplexityScore)
I0522 22:03:46.413437  2932 c_interface.cc:180] ArtmCopyRequestResultEx(request_type=0) copied 64 bytes
I0522 22:03:46.413437  2932 merger.cc:245] Merger::RequestScore(score_name=SparsityPhiScore)
I0522 22:03:46.413437  2932 c_interface.cc:180] ArtmCopyRequestResultEx(request_type=0) copied 37 bytes
I0522 22:03:46.413437  2932 merger.cc:245] Merger::RequestScore(score_name=SparsityThetaScore)
I0522 22:03:46.413437  2932 c_interface.cc:180] ArtmCopyRequestResultEx(request_type=0) copied 38 bytes
I0522 22:03:46.413437  2932 merger.cc:245] Merger::RequestScore(score_name=top_words)
I0522 22:03:46.444684  2932 c_interface.cc:180] ArtmCopyRequestResultEx(request_type=0) copied 3636 bytes
I0522 22:03:46.444684  2932 c_interface.cc:541] Pass ProcessBatchesArgs: nwt_target_name=nwt, batch_filename_size=5, batch_size=0, batch_weight_size=5, pwt_source_name=pwt, inner_iterations_count=1, stream_name=@global, class=(text:1), reuse_theta=yes, opt_for_avx=yes, use_sparse_bow=yes, reset_scores=yes, predict_class_id= to MasterComponent::Request
I0522 22:03:46.476004 11448 processor.cc:1022] Processing queue has data, processing started
I0522 22:03:46.476004 10976 processor.cc:1022] Processing queue has data, processing started
I0522 22:03:46.476004 16580 processor.cc:1113] Processor: start processing batch 472a07df-87fd-41eb-b9aa-62279829caf4 into model nwt
I0522 22:03:46.476004 11448 processor.cc:1113] Processor: start processing batch cbeeedc7-f49b-4155-a0a4-d106bcee270b into model nwt
I0522 22:03:46.476004  2840 processor.cc:1113] Processor: start processing batch 4d4c0970-e85f-43cb-b881-c97b0f8f6769 into model nwt
I0522 22:03:46.476004  5068 processor.cc:1113] Processor: start processing batch bd760d38-4cc6-47a7-b91f-4efe34f5686b into model nwt
I0522 22:03:46.476004 10976 processor.cc:1113] Processor: start processing batch 528b9f17-c670-4dcd-9c89-473651141373 into model nwt
I0522 22:03:46.507170 16580 processor.cc:1242] Processor: complete processing batch 472a07df-87fd-41eb-b9aa-62279829caf4 into model nwt
I0522 22:03:46.507170  2840 processor.cc:1242] Processor: complete processing batch 4d4c0970-e85f-43cb-b881-c97b0f8f6769 into model nwt
I0522 22:03:46.507170 16580 common.h:122] 31ms in ProcessBatch(C:\Users\Evgeni\Documents\ML\C3W4\school_batches\aaaaae.batch) [including 0ms in LoadMessage; 0ms in InitializeSparseNdw; 0ms in InitializeModelIncrement; 15ms in InferThetaAndUpdateNwtSparse; 0ms in CalculateScore(PerplexityScore); 0ms in CalculateScore(SparsityThetaScore); ]
I0522 22:03:46.507170  2840 common.h:122] 31ms in ProcessBatch(C:\Users\Evgeni\Documents\ML\C3W4\school_batches\aaaaaa.batch) [including 0ms in LoadMessage; 0ms in InitializeSparseNdw; 0ms in InitializeModelIncrement; 15ms in InferThetaAndUpdateNwtSparse; 0ms in CalculateScore(PerplexityScore); 15ms in CalculateScore(SparsityThetaScore); ]
I0522 22:03:46.513679 10976 processor.cc:1242] Processor: complete processing batch 528b9f17-c670-4dcd-9c89-473651141373 into model nwt
I0522 22:03:46.513679 11448 processor.cc:1242] Processor: complete processing batch cbeeedc7-f49b-4155-a0a4-d106bcee270b into model nwt
I0522 22:03:46.513679 10976 common.h:122] 37ms in ProcessBatch(C:\Users\Evgeni\Documents\ML\C3W4\school_batches\aaaaad.batch) [including 0ms in LoadMessage; 0ms in InitializeSparseNdw; 15ms in InitializeModelIncrement; 0ms in InferThetaAndUpdateNwtSparse; 15ms in CalculateScore(PerplexityScore); 6ms in CalculateScore(SparsityThetaScore); ]
I0522 22:03:46.513679 11448 common.h:122] 37ms in ProcessBatch(C:\Users\Evgeni\Documents\ML\C3W4\school_batches\aaaaac.batch) [including 0ms in LoadMessage; 0ms in InitializeSparseNdw; 0ms in InitializeModelIncrement; 15ms in InferThetaAndUpdateNwtSparse; 15ms in CalculateScore(PerplexityScore); 6ms in CalculateScore(SparsityThetaScore); ]
I0522 22:03:46.513679  5068 processor.cc:1242] Processor: complete processing batch bd760d38-4cc6-47a7-b91f-4efe34f5686b into model nwt
I0522 22:03:46.513679  5068 common.h:122] 37ms in ProcessBatch(C:\Users\Evgeni\Documents\ML\C3W4\school_batches\aaaaab.batch) [including 0ms in LoadMessage; 0ms in InitializeSparseNdw; 15ms in InitializeModelIncrement; 0ms in InferThetaAndUpdateNwtSparse; 22ms in CalculateScore(PerplexityScore); 0ms in CalculateScore(SparsityThetaScore); ]
I0522 22:03:46.529389  2932 c_interface.cc:180] ArtmCopyRequestResultEx(request_type=0) copied 108 bytes
I0522 22:03:46.529685  2932 c_interface.cc:375] Pass RegularizeModelArgs: rwt_target_name=rwt, pwt_source_name=pwt, nwt_source_name=nwt to void (__cdecl artm::core::MasterComponent::*)(class artm::RegularizeModelArgs const & __ptr64) __ptr64
I0522 22:03:46.529685  2932 master_component.cc:666] MasterComponent: start regularizing model pwt
I0522 22:03:46.561971  2932 master_component.cc:695] MasterComponent: complete regularizing model pwt
I0522 22:03:46.561971  2932 c_interface.cc:375] Pass NormalizeModelArgs: pwt_target_name=pwt, nwt_source_name=nwt, rwt_source_name=rwt to void (__cdecl artm::core::MasterComponent::*)(class artm::NormalizeModelArgs const & __ptr64) __ptr64
I0522 22:03:46.561971  2932 master_component.cc:699] MasterComponent: start normalizing model nwt
I0522 22:03:46.577564  2932 master_component.cc:729] MasterComponent: complete normalizing model nwt
I0522 22:03:46.577564  2932 merger.cc:245] Merger::RequestScore(score_name=PerplexityScore)
I0522 22:03:46.577564  2932 c_interface.cc:180] ArtmCopyRequestResultEx(request_type=0) copied 64 bytes
I0522 22:03:46.577564  2932 merger.cc:245] Merger::RequestScore(score_name=SparsityPhiScore)
I0522 22:03:46.577564  2932 c_interface.cc:180] ArtmCopyRequestResultEx(request_type=0) copied 37 bytes
I0522 22:03:46.577564  2932 merger.cc:245] Merger::RequestScore(score_name=SparsityThetaScore)
I0522 22:03:46.577564  2932 c_interface.cc:180] ArtmCopyRequestResultEx(request_type=0) copied 38 bytes
I0522 22:03:46.577564  2932 merger.cc:245] Merger::RequestScore(score_name=top_words)
I0522 22:03:46.613835  2932 c_interface.cc:180] ArtmCopyRequestResultEx(request_type=0) copied 3636 bytes
I0522 22:03:46.613835  2932 c_interface.cc:541] Pass ProcessBatchesArgs: nwt_target_name=nwt, batch_filename_size=5, batch_size=0, batch_weight_size=5, pwt_source_name=pwt, inner_iterations_count=1, stream_name=@global, class=(text:1), reuse_theta=yes, opt_for_avx=yes, use_sparse_bow=yes, reset_scores=yes, predict_class_id= to MasterComponent::Request
I0522 22:03:46.645159 15624 processor.cc:1022] Processing queue has data, processing started
I0522 22:03:46.645159  5068 processor.cc:1113] Processor: start processing batch cbeeedc7-f49b-4155-a0a4-d106bcee270b into model nwt
I0522 22:03:46.645159 14188 processor.cc:1113] Processor: start processing batch 4d4c0970-e85f-43cb-b881-c97b0f8f6769 into model nwt
I0522 22:03:46.645159 16580 processor.cc:1113] Processor: start processing batch 528b9f17-c670-4dcd-9c89-473651141373 into model nwt
I0522 22:03:46.645159 15624 processor.cc:1113] Processor: start processing batch 472a07df-87fd-41eb-b9aa-62279829caf4 into model nwt
I0522 22:03:46.645159 11020 processor.cc:1113] Processor: start processing batch bd760d38-4cc6-47a7-b91f-4efe34f5686b into model nwt
I0522 22:03:46.676324 11020 processor.cc:1242] Processor: complete processing batch bd760d38-4cc6-47a7-b91f-4efe34f5686b into model nwt
I0522 22:03:46.676324 11020 common.h:122] 31ms in ProcessBatch(C:\Users\Evgeni\Documents\ML\C3W4\school_batches\aaaaab.batch) [including 0ms in LoadMessage; 0ms in InitializeSparseNdw; 15ms in InitializeModelIncrement; 0ms in InferThetaAndUpdateNwtSparse; 15ms in CalculateScore(PerplexityScore); 0ms in CalculateScore(SparsityThetaScore); ]
I0522 22:03:46.676324  5068 processor.cc:1242] Processor: complete processing batch cbeeedc7-f49b-4155-a0a4-d106bcee270b into model nwt
I0522 22:03:46.676324 14188 processor.cc:1242] Processor: complete processing batch 4d4c0970-e85f-43cb-b881-c97b0f8f6769 into model nwt
I0522 22:03:46.691947 15624 processor.cc:1242] Processor: complete processing batch 472a07df-87fd-41eb-b9aa-62279829caf4 into model nwt
I0522 22:03:46.691947  5068 common.h:122] 46ms in ProcessBatch(C:\Users\Evgeni\Documents\ML\C3W4\school_batches\aaaaac.batch) [including 0ms in LoadMessage; 0ms in InitializeSparseNdw; 0ms in InitializeModelIncrement; 15ms in InferThetaAndUpdateNwtSparse; 15ms in CalculateScore(PerplexityScore); 0ms in CalculateScore(SparsityThetaScore); ]
I0522 22:03:46.691947 14188 common.h:122] 46ms in ProcessBatch(C:\Users\Evgeni\Documents\ML\C3W4\school_batches\aaaaaa.batch) [including 0ms in LoadMessage; 0ms in InitializeSparseNdw; 15ms in InitializeModelIncrement; 0ms in InferThetaAndUpdateNwtSparse; 15ms in CalculateScore(PerplexityScore); 0ms in CalculateScore(SparsityThetaScore); ]
I0522 22:03:46.691947 15624 common.h:122] 46ms in ProcessBatch(C:\Users\Evgeni\Documents\ML\C3W4\school_batches\aaaaae.batch) [including 0ms in LoadMessage; 0ms in InitializeSparseNdw; 15ms in InitializeModelIncrement; 0ms in InferThetaAndUpdateNwtSparse; 15ms in CalculateScore(PerplexityScore); 15ms in CalculateScore(SparsityThetaScore); ]
I0522 22:03:46.691947 16580 processor.cc:1242] Processor: complete processing batch 528b9f17-c670-4dcd-9c89-473651141373 into model nwt
I0522 22:03:46.691947 16580 common.h:122] 46ms in ProcessBatch(C:\Users\Evgeni\Documents\ML\C3W4\school_batches\aaaaad.batch) [including 0ms in LoadMessage; 0ms in InitializeSparseNdw; 15ms in InitializeModelIncrement; 0ms in InferThetaAndUpdateNwtSparse; 15ms in CalculateScore(PerplexityScore); 15ms in CalculateScore(SparsityThetaScore); ]
I0522 22:03:46.707568  2932 c_interface.cc:180] ArtmCopyRequestResultEx(request_type=0) copied 108 bytes
I0522 22:03:46.707568  2932 c_interface.cc:375] Pass RegularizeModelArgs: rwt_target_name=rwt, pwt_source_name=pwt, nwt_source_name=nwt to void (__cdecl artm::core::MasterComponent::*)(class artm::RegularizeModelArgs const & __ptr64) __ptr64
I0522 22:03:46.707568  2932 master_component.cc:666] MasterComponent: start regularizing model pwt
I0522 22:03:46.729705  2932 master_component.cc:695] MasterComponent: complete regularizing model pwt
I0522 22:03:46.729705  2932 c_interface.cc:375] Pass NormalizeModelArgs: pwt_target_name=pwt, nwt_source_name=nwt, rwt_source_name=rwt to void (__cdecl artm::core::MasterComponent::*)(class artm::NormalizeModelArgs const & __ptr64) __ptr64
I0522 22:03:46.729705  2932 master_component.cc:699] MasterComponent: start normalizing model nwt
I0522 22:03:46.760949  2932 master_component.cc:729] MasterComponent: complete normalizing model nwt
I0522 22:03:46.760949  2932 merger.cc:245] Merger::RequestScore(score_name=PerplexityScore)
I0522 22:03:46.760949  2932 c_interface.cc:180] ArtmCopyRequestResultEx(request_type=0) copied 64 bytes
I0522 22:03:46.760949  2932 merger.cc:245] Merger::RequestScore(score_name=SparsityPhiScore)
I0522 22:03:46.760949  2932 c_interface.cc:180] ArtmCopyRequestResultEx(request_type=0) copied 37 bytes
I0522 22:03:46.760949  2932 merger.cc:245] Merger::RequestScore(score_name=SparsityThetaScore)
I0522 22:03:46.760949  2932 c_interface.cc:180] ArtmCopyRequestResultEx(request_type=0) copied 38 bytes
I0522 22:03:46.760949  2932 merger.cc:245] Merger::RequestScore(score_name=top_words)
I0522 22:03:46.792191  2932 c_interface.cc:180] ArtmCopyRequestResultEx(request_type=0) copied 3624 bytes
I0522 22:03:46.792191  2932 c_interface.cc:541] Pass ProcessBatchesArgs: nwt_target_name=nwt, batch_filename_size=5, batch_size=0, batch_weight_size=5, pwt_source_name=pwt, inner_iterations_count=1, stream_name=@global, class=(text:1), reuse_theta=yes, opt_for_avx=yes, use_sparse_bow=yes, reset_scores=yes, predict_class_id= to MasterComponent::Request
I0522 22:03:46.829953 10976 processor.cc:1015] No data in processing queue, waiting...
I0522 22:03:46.829953  2840 processor.cc:1015] No data in processing queue, waiting...
I0522 22:03:46.829953 11448 processor.cc:1015] No data in processing queue, waiting...
I0522 22:03:46.834581  5068 processor.cc:1113] Processor: start processing batch 528b9f17-c670-4dcd-9c89-473651141373 into model nwt
I0522 22:03:46.836622 15624 processor.cc:1113] Processor: start processing batch 472a07df-87fd-41eb-b9aa-62279829caf4 into model nwt
I0522 22:03:46.836622 14188 processor.cc:1113] Processor: start processing batch bd760d38-4cc6-47a7-b91f-4efe34f5686b into model nwt
I0522 22:03:46.836622 11020 processor.cc:1113] Processor: start processing batch 4d4c0970-e85f-43cb-b881-c97b0f8f6769 into model nwt
I0522 22:03:46.836622 16580 processor.cc:1113] Processor: start processing batch cbeeedc7-f49b-4155-a0a4-d106bcee270b into model nwt
I0522 22:03:46.855319 15624 processor.cc:1242] Processor: complete processing batch 472a07df-87fd-41eb-b9aa-62279829caf4 into model nwt
I0522 22:03:46.855319 15624 common.h:122] 25ms in ProcessBatch(C:\Users\Evgeni\Documents\ML\C3W4\school_batches\aaaaae.batch) [including 5ms in LoadMessage; 2ms in InitializeSparseNdw; 1ms in InitializeModelIncrement; 0ms in InferThetaAndUpdateNwtSparse; 15ms in CalculateScore(PerplexityScore); 0ms in CalculateScore(SparsityThetaScore); ]
I0522 22:03:46.855319  5068 processor.cc:1242] Processor: complete processing batch 528b9f17-c670-4dcd-9c89-473651141373 into model nwt
I0522 22:03:46.855319  5068 common.h:122] 25ms in ProcessBatch(C:\Users\Evgeni\Documents\ML\C3W4\school_batches\aaaaad.batch) [including 3ms in LoadMessage; 1ms in InitializeSparseNdw; 4ms in InitializeModelIncrement; 0ms in InferThetaAndUpdateNwtSparse; 15ms in CalculateScore(PerplexityScore); 0ms in CalculateScore(SparsityThetaScore); ]
I0522 22:03:46.870939 11020 processor.cc:1242] Processor: complete processing batch 4d4c0970-e85f-43cb-b881-c97b0f8f6769 into model nwt
I0522 22:03:46.870939 16580 processor.cc:1242] Processor: complete processing batch cbeeedc7-f49b-4155-a0a4-d106bcee270b into model nwt
I0522 22:03:46.870939 11020 common.h:122] 40ms in ProcessBatch(C:\Users\Evgeni\Documents\ML\C3W4\school_batches\aaaaaa.batch) [including 5ms in LoadMessage; 2ms in InitializeSparseNdw; 1ms in InitializeModelIncrement; 15ms in InferThetaAndUpdateNwtSparse; 0ms in CalculateScore(PerplexityScore); 15ms in CalculateScore(SparsityThetaScore); ]
I0522 22:03:46.870939 14188 processor.cc:1242] Processor: complete processing batch bd760d38-4cc6-47a7-b91f-4efe34f5686b into model nwt
I0522 22:03:46.870939 16580 common.h:122] 40ms in ProcessBatch(C:\Users\Evgeni\Documents\ML\C3W4\school_batches\aaaaac.batch) [including 5ms in LoadMessage; 2ms in InitializeSparseNdw; 1ms in InitializeModelIncrement; 15ms in InferThetaAndUpdateNwtSparse; 0ms in CalculateScore(PerplexityScore); 15ms in CalculateScore(SparsityThetaScore); ]
I0522 22:03:46.870939 14188 common.h:122] 40ms in ProcessBatch(C:\Users\Evgeni\Documents\ML\C3W4\school_batches\aaaaab.batch) [including 5ms in LoadMessage; 2ms in InitializeSparseNdw; 1ms in InitializeModelIncrement; 15ms in InferThetaAndUpdateNwtSparse; 0ms in CalculateScore(PerplexityScore); 15ms in CalculateScore(SparsityThetaScore); ]
I0522 22:03:46.886574  2932 c_interface.cc:180] ArtmCopyRequestResultEx(request_type=0) copied 108 bytes
I0522 22:03:46.886574  2932 c_interface.cc:375] Pass RegularizeModelArgs: rwt_target_name=rwt, pwt_source_name=pwt, nwt_source_name=nwt to void (__cdecl artm::core::MasterComponent::*)(class artm::RegularizeModelArgs const & __ptr64) __ptr64
I0522 22:03:46.886574  2932 master_component.cc:666] MasterComponent: start regularizing model pwt
I0522 22:03:46.914263  2932 master_component.cc:695] MasterComponent: complete regularizing model pwt
I0522 22:03:46.914263  2932 c_interface.cc:375] Pass NormalizeModelArgs: pwt_target_name=pwt, nwt_source_name=nwt, rwt_source_name=rwt to void (__cdecl artm::core::MasterComponent::*)(class artm::NormalizeModelArgs const & __ptr64) __ptr64
I0522 22:03:46.914263  2932 master_component.cc:699] MasterComponent: start normalizing model nwt
I0522 22:03:46.929921  2932 master_component.cc:729] MasterComponent: complete normalizing model nwt
I0522 22:03:46.929921  2932 merger.cc:245] Merger::RequestScore(score_name=PerplexityScore)
I0522 22:03:46.929921  2932 c_interface.cc:180] ArtmCopyRequestResultEx(request_type=0) copied 64 bytes
I0522 22:03:46.929921  2932 merger.cc:245] Merger::RequestScore(score_name=SparsityPhiScore)
I0522 22:03:46.929921  2932 c_interface.cc:180] ArtmCopyRequestResultEx(request_type=0) copied 37 bytes
I0522 22:03:46.929921  2932 merger.cc:245] Merger::RequestScore(score_name=SparsityThetaScore)
I0522 22:03:46.929921  2932 c_interface.cc:180] ArtmCopyRequestResultEx(request_type=0) copied 38 bytes
I0522 22:03:46.929921  2932 merger.cc:245] Merger::RequestScore(score_name=top_words)
I0522 22:03:46.961158  2932 c_interface.cc:180] ArtmCopyRequestResultEx(request_type=0) copied 3672 bytes
I0522 22:03:46.976752  2932 c_interface.cc:541] Pass ProcessBatchesArgs: nwt_target_name=nwt, batch_filename_size=5, batch_size=0, batch_weight_size=5, pwt_source_name=pwt, inner_iterations_count=1, stream_name=@global, class=(text:1), reuse_theta=yes, opt_for_avx=yes, use_sparse_bow=yes, reset_scores=yes, predict_class_id= to MasterComponent::Request
I0522 22:03:47.008081 11448 processor.cc:1022] Processing queue has data, processing started
I0522 22:03:47.008081  2840 processor.cc:1022] Processing queue has data, processing started
I0522 22:03:47.014587 16580 processor.cc:1113] Processor: start processing batch 472a07df-87fd-41eb-b9aa-62279829caf4 into model nwt
I0522 22:03:47.014587 14188 processor.cc:1113] Processor: start processing batch 4d4c0970-e85f-43cb-b881-c97b0f8f6769 into model nwt
I0522 22:03:47.014587 11020 processor.cc:1113] Processor: start processing batch bd760d38-4cc6-47a7-b91f-4efe34f5686b into model nwt
I0522 22:03:47.014587 11448 processor.cc:1113] Processor: start processing batch 528b9f17-c670-4dcd-9c89-473651141373 into model nwt
I0522 22:03:47.014587  2840 processor.cc:1113] Processor: start processing batch cbeeedc7-f49b-4155-a0a4-d106bcee270b into model nwt
I0522 22:03:47.030215 11020 processor.cc:1242] Processor: complete processing batch bd760d38-4cc6-47a7-b91f-4efe34f5686b into model nwt
I0522 22:03:47.030215 11020 common.h:122] 22ms in ProcessBatch(C:\Users\Evgeni\Documents\ML\C3W4\school_batches\aaaaab.batch) [including 0ms in LoadMessage; 0ms in InitializeSparseNdw; 0ms in InitializeModelIncrement; 0ms in InferThetaAndUpdateNwtSparse; 15ms in CalculateScore(PerplexityScore); 0ms in CalculateScore(SparsityThetaScore); ]
I0522 22:03:47.030215 16580 processor.cc:1242] Processor: complete processing batch 472a07df-87fd-41eb-b9aa-62279829caf4 into model nwt
I0522 22:03:47.046139 14188 processor.cc:1242] Processor: complete processing batch 4d4c0970-e85f-43cb-b881-c97b0f8f6769 into model nwt
I0522 22:03:47.046139 16580 common.h:122] 38ms in ProcessBatch(C:\Users\Evgeni\Documents\ML\C3W4\school_batches\aaaaae.batch) [including 0ms in LoadMessage; 0ms in InitializeSparseNdw; 0ms in InitializeModelIncrement; 0ms in InferThetaAndUpdateNwtSparse; 15ms in CalculateScore(PerplexityScore); 0ms in CalculateScore(SparsityThetaScore); ]
I0522 22:03:47.047145 14188 common.h:122] 39ms in ProcessBatch(C:\Users\Evgeni\Documents\ML\C3W4\school_batches\aaaaaa.batch) [including 0ms in LoadMessage; 0ms in InitializeSparseNdw; 0ms in InitializeModelIncrement; 0ms in InferThetaAndUpdateNwtSparse; 15ms in CalculateScore(PerplexityScore); 15ms in CalculateScore(SparsityThetaScore); ]
I0522 22:03:47.047145  2840 processor.cc:1242] Processor: complete processing batch cbeeedc7-f49b-4155-a0a4-d106bcee270b into model nwt
I0522 22:03:47.047145 11448 processor.cc:1242] Processor: complete processing batch 528b9f17-c670-4dcd-9c89-473651141373 into model nwt
I0522 22:03:47.047145  2840 common.h:122] 39ms in ProcessBatch(C:\Users\Evgeni\Documents\ML\C3W4\school_batches\aaaaac.batch) [including 6ms in LoadMessage; 0ms in InitializeSparseNdw; 0ms in InitializeModelIncrement; 15ms in InferThetaAndUpdateNwtSparse; 16ms in CalculateScore(PerplexityScore); 0ms in CalculateScore(SparsityThetaScore); ]
I0522 22:03:47.047145 11448 common.h:122] 39ms in ProcessBatch(C:\Users\Evgeni\Documents\ML\C3W4\school_batches\aaaaad.batch) [including 6ms in LoadMessage; 0ms in InitializeSparseNdw; 0ms in InitializeModelIncrement; 15ms in InferThetaAndUpdateNwtSparse; 16ms in CalculateScore(PerplexityScore); 0ms in CalculateScore(SparsityThetaScore); ]
I0522 22:03:47.062857  2932 c_interface.cc:180] ArtmCopyRequestResultEx(request_type=0) copied 108 bytes
I0522 22:03:47.062857  2932 c_interface.cc:375] Pass RegularizeModelArgs: rwt_target_name=rwt, pwt_source_name=pwt, nwt_source_name=nwt to void (__cdecl artm::core::MasterComponent::*)(class artm::RegularizeModelArgs const & __ptr64) __ptr64
I0522 22:03:47.062857  2932 master_component.cc:666] MasterComponent: start regularizing model pwt
I0522 22:03:47.078392  2932 master_component.cc:695] MasterComponent: complete regularizing model pwt
I0522 22:03:47.078392  2932 c_interface.cc:375] Pass NormalizeModelArgs: pwt_target_name=pwt, nwt_source_name=nwt, rwt_source_name=rwt to void (__cdecl artm::core::MasterComponent::*)(class artm::NormalizeModelArgs const & __ptr64) __ptr64
I0522 22:03:47.078392  2932 master_component.cc:699] MasterComponent: start normalizing model nwt
I0522 22:03:47.094012  2932 master_component.cc:729] MasterComponent: complete normalizing model nwt
I0522 22:03:47.094012  2932 merger.cc:245] Merger::RequestScore(score_name=PerplexityScore)
I0522 22:03:47.094012  2932 c_interface.cc:180] ArtmCopyRequestResultEx(request_type=0) copied 64 bytes
I0522 22:03:47.094012  2932 merger.cc:245] Merger::RequestScore(score_name=SparsityPhiScore)
I0522 22:03:47.109637  2932 c_interface.cc:180] ArtmCopyRequestResultEx(request_type=0) copied 37 bytes
I0522 22:03:47.109637  2932 merger.cc:245] Merger::RequestScore(score_name=SparsityThetaScore)
I0522 22:03:47.109637  2932 c_interface.cc:180] ArtmCopyRequestResultEx(request_type=0) copied 38 bytes
I0522 22:03:47.109637  2932 merger.cc:245] Merger::RequestScore(score_name=top_words)
I0522 22:03:47.145954  2932 c_interface.cc:180] ArtmCopyRequestResultEx(request_type=0) copied 3692 bytes
I0522 22:03:47.145954  2932 c_interface.cc:541] Pass ProcessBatchesArgs: nwt_target_name=nwt, batch_filename_size=5, batch_size=0, batch_weight_size=5, pwt_source_name=pwt, inner_iterations_count=1, stream_name=@global, class=(text:1), reuse_theta=yes, opt_for_avx=yes, use_sparse_bow=yes, reset_scores=yes, predict_class_id= to MasterComponent::Request
I0522 22:03:47.177171 10976 processor.cc:1022] Processing queue has data, processing started
I0522 22:03:47.177171  5068 processor.cc:1015] No data in processing queue, waiting...
I0522 22:03:47.177171 16580 processor.cc:1113] Processor: start processing batch 472a07df-87fd-41eb-b9aa-62279829caf4 into model nwt
I0522 22:03:47.177171 10976 processor.cc:1113] Processor: start processing batch bd760d38-4cc6-47a7-b91f-4efe34f5686b into model nwt
I0522 22:03:47.177171 15624 processor.cc:1113] Processor: start processing batch 528b9f17-c670-4dcd-9c89-473651141373 into model nwt
I0522 22:03:47.177171 11448 processor.cc:1113] Processor: start processing batch cbeeedc7-f49b-4155-a0a4-d106bcee270b into model nwt
I0522 22:03:47.177171  2840 processor.cc:1113] Processor: start processing batch 4d4c0970-e85f-43cb-b881-c97b0f8f6769 into model nwt
I0522 22:03:47.214921 16580 processor.cc:1242] Processor: complete processing batch 472a07df-87fd-41eb-b9aa-62279829caf4 into model nwt
I0522 22:03:47.214921  2840 processor.cc:1242] Processor: complete processing batch 4d4c0970-e85f-43cb-b881-c97b0f8f6769 into model nwt
I0522 22:03:47.214921 16580 common.h:122] 37ms in ProcessBatch(C:\Users\Evgeni\Documents\ML\C3W4\school_batches\aaaaae.batch) [including 0ms in LoadMessage; 0ms in InitializeSparseNdw; 0ms in InitializeModelIncrement; 15ms in InferThetaAndUpdateNwtSparse; 15ms in CalculateScore(PerplexityScore); 6ms in CalculateScore(SparsityThetaScore); ]
I0522 22:03:47.214921 15624 processor.cc:1242] Processor: complete processing batch 528b9f17-c670-4dcd-9c89-473651141373 into model nwt
I0522 22:03:47.214921 10976 processor.cc:1242] Processor: complete processing batch bd760d38-4cc6-47a7-b91f-4efe34f5686b into model nwt
I0522 22:03:47.214921  2840 common.h:122] 37ms in ProcessBatch(C:\Users\Evgeni\Documents\ML\C3W4\school_batches\aaaaaa.batch) [including 0ms in LoadMessage; 0ms in InitializeSparseNdw; 15ms in InitializeModelIncrement; 0ms in InferThetaAndUpdateNwtSparse; 15ms in CalculateScore(PerplexityScore); 6ms in CalculateScore(SparsityThetaScore); ]
I0522 22:03:47.214921 15624 common.h:122] 37ms in ProcessBatch(C:\Users\Evgeni\Documents\ML\C3W4\school_batches\aaaaad.batch) [including 0ms in LoadMessage; 0ms in InitializeSparseNdw; 0ms in InitializeModelIncrement; 15ms in InferThetaAndUpdateNwtSparse; 15ms in CalculateScore(PerplexityScore); 6ms in CalculateScore(SparsityThetaScore); ]
I0522 22:03:47.214921 10976 common.h:122] 37ms in ProcessBatch(C:\Users\Evgeni\Documents\ML\C3W4\school_batches\aaaaab.batch) [including 0ms in LoadMessage; 0ms in InitializeSparseNdw; 0ms in InitializeModelIncrement; 15ms in InferThetaAndUpdateNwtSparse; 15ms in CalculateScore(PerplexityScore); 6ms in CalculateScore(SparsityThetaScore); ]
I0522 22:03:47.214921 11448 processor.cc:1242] Processor: complete processing batch cbeeedc7-f49b-4155-a0a4-d106bcee270b into model nwt
I0522 22:03:47.214921 11448 common.h:122] 37ms in ProcessBatch(C:\Users\Evgeni\Documents\ML\C3W4\school_batches\aaaaac.batch) [including 0ms in LoadMessage; 0ms in InitializeSparseNdw; 15ms in InitializeModelIncrement; 0ms in InferThetaAndUpdateNwtSparse; 22ms in CalculateScore(PerplexityScore); 0ms in CalculateScore(SparsityThetaScore); ]
I0522 22:03:47.230643  2932 c_interface.cc:180] ArtmCopyRequestResultEx(request_type=0) copied 108 bytes
I0522 22:03:47.230643  2932 c_interface.cc:375] Pass RegularizeModelArgs: rwt_target_name=rwt, pwt_source_name=pwt, nwt_source_name=nwt to void (__cdecl artm::core::MasterComponent::*)(class artm::RegularizeModelArgs const & __ptr64) __ptr64
I0522 22:03:47.230643  2932 master_component.cc:666] MasterComponent: start regularizing model pwt
I0522 22:03:47.261791  2932 master_component.cc:695] MasterComponent: complete regularizing model pwt
I0522 22:03:47.261791  2932 c_interface.cc:375] Pass NormalizeModelArgs: pwt_target_name=pwt, nwt_source_name=nwt, rwt_source_name=rwt to void (__cdecl artm::core::MasterComponent::*)(class artm::NormalizeModelArgs const & __ptr64) __ptr64
I0522 22:03:47.261791  2932 master_component.cc:699] MasterComponent: start normalizing model nwt
I0522 22:03:47.277415  2932 master_component.cc:729] MasterComponent: complete normalizing model nwt
I0522 22:03:47.277415  2932 merger.cc:245] Merger::RequestScore(score_name=PerplexityScore)
I0522 22:03:47.277415  2932 c_interface.cc:180] ArtmCopyRequestResultEx(request_type=0) copied 64 bytes
I0522 22:03:47.277415  2932 merger.cc:245] Merger::RequestScore(score_name=SparsityPhiScore)
I0522 22:03:47.277415  2932 c_interface.cc:180] ArtmCopyRequestResultEx(request_type=0) copied 37 bytes
I0522 22:03:47.277415  2932 merger.cc:245] Merger::RequestScore(score_name=SparsityThetaScore)
I0522 22:03:47.277415  2932 c_interface.cc:180] ArtmCopyRequestResultEx(request_type=0) copied 38 bytes
I0522 22:03:47.277415  2932 merger.cc:245] Merger::RequestScore(score_name=top_words)
I0522 22:03:47.308687  2932 c_interface.cc:180] ArtmCopyRequestResultEx(request_type=0) copied 3704 bytes
I0522 22:03:47.315228  2932 c_interface.cc:541] Pass ProcessBatchesArgs: nwt_target_name=nwt, batch_filename_size=5, batch_size=0, batch_weight_size=5, pwt_source_name=pwt, inner_iterations_count=1, stream_name=@global, class=(text:1), reuse_theta=yes, opt_for_avx=yes, use_sparse_bow=yes, reset_scores=yes, predict_class_id= to MasterComponent::Request
I0522 22:03:47.330922  5068 processor.cc:1022] Processing queue has data, processing started
I0522 22:03:47.330922  5068 processor.cc:1113] Processor: start processing batch 472a07df-87fd-41eb-b9aa-62279829caf4 into model nwt
I0522 22:03:47.330922 10976 processor.cc:1113] Processor: start processing batch 4d4c0970-e85f-43cb-b881-c97b0f8f6769 into model nwt
I0522 22:03:47.330922 15624 processor.cc:1113] Processor: start processing batch bd760d38-4cc6-47a7-b91f-4efe34f5686b into model nwt
I0522 22:03:47.330922 11448 processor.cc:1113] Processor: start processing batch 528b9f17-c670-4dcd-9c89-473651141373 into model nwt
I0522 22:03:47.330922  2840 processor.cc:1113] Processor: start processing batch cbeeedc7-f49b-4155-a0a4-d106bcee270b into model nwt
I0522 22:03:47.346477 11020 processor.cc:1015] No data in processing queue, waiting...
I0522 22:03:47.346477  5068 processor.cc:1242] Processor: complete processing batch 472a07df-87fd-41eb-b9aa-62279829caf4 into model nwt
I0522 22:03:47.346477 15624 processor.cc:1242] Processor: complete processing batch bd760d38-4cc6-47a7-b91f-4efe34f5686b into model nwt
I0522 22:03:47.346477 10976 processor.cc:1242] Processor: complete processing batch 4d4c0970-e85f-43cb-b881-c97b0f8f6769 into model nwt
I0522 22:03:47.362100  5068 common.h:122] 31ms in ProcessBatch(C:\Users\Evgeni\Documents\ML\C3W4\school_batches\aaaaae.batch) [including 0ms in LoadMessage; 0ms in InitializeSparseNdw; 0ms in InitializeModelIncrement; 15ms in InferThetaAndUpdateNwtSparse; 0ms in CalculateScore(PerplexityScore); 0ms in CalculateScore(SparsityThetaScore); ]
I0522 22:03:47.362100 14188 processor.cc:1015] No data in processing queue, waiting...
I0522 22:03:47.362100 10976 common.h:122] 31ms in ProcessBatch(C:\Users\Evgeni\Documents\ML\C3W4\school_batches\aaaaaa.batch) [including 0ms in LoadMessage; 0ms in InitializeSparseNdw; 0ms in InitializeModelIncrement; 15ms in InferThetaAndUpdateNwtSparse; 0ms in CalculateScore(PerplexityScore); 0ms in CalculateScore(SparsityThetaScore); ]
I0522 22:03:47.362100 15624 common.h:122] 31ms in ProcessBatch(C:\Users\Evgeni\Documents\ML\C3W4\school_batches\aaaaab.batch) [including 0ms in LoadMessage; 0ms in InitializeSparseNdw; 0ms in InitializeModelIncrement; 15ms in InferThetaAndUpdateNwtSparse; 0ms in CalculateScore(PerplexityScore); 0ms in CalculateScore(SparsityThetaScore); ]
I0522 22:03:47.362100 11448 processor.cc:1242] Processor: complete processing batch 528b9f17-c670-4dcd-9c89-473651141373 into model nwt
I0522 22:03:47.362100  2840 processor.cc:1242] Processor: complete processing batch cbeeedc7-f49b-4155-a0a4-d106bcee270b into model nwt
I0522 22:03:47.362100  2840 common.h:122] 31ms in ProcessBatch(C:\Users\Evgeni\Documents\ML\C3W4\school_batches\aaaaac.batch) [including 0ms in LoadMessage; 0ms in InitializeSparseNdw; 15ms in InitializeModelIncrement; 0ms in InferThetaAndUpdateNwtSparse; 15ms in CalculateScore(PerplexityScore); 0ms in CalculateScore(SparsityThetaScore); ]
I0522 22:03:47.362100 11448 common.h:122] 31ms in ProcessBatch(C:\Users\Evgeni\Documents\ML\C3W4\school_batches\aaaaad.batch) [including 0ms in LoadMessage; 0ms in InitializeSparseNdw; 15ms in InitializeModelIncrement; 0ms in InferThetaAndUpdateNwtSparse; 15ms in CalculateScore(PerplexityScore); 0ms in CalculateScore(SparsityThetaScore); ]
I0522 22:03:47.377787  2932 c_interface.cc:180] ArtmCopyRequestResultEx(request_type=0) copied 108 bytes
I0522 22:03:47.377787  2932 c_interface.cc:375] Pass RegularizeModelArgs: rwt_target_name=rwt, pwt_source_name=pwt, nwt_source_name=nwt to void (__cdecl artm::core::MasterComponent::*)(class artm::RegularizeModelArgs const & __ptr64) __ptr64
I0522 22:03:47.377787  2932 master_component.cc:666] MasterComponent: start regularizing model pwt
I0522 22:03:47.393373  2932 master_component.cc:695] MasterComponent: complete regularizing model pwt
I0522 22:03:47.393373  2932 c_interface.cc:375] Pass NormalizeModelArgs: pwt_target_name=pwt, nwt_source_name=nwt, rwt_source_name=rwt to void (__cdecl artm::core::MasterComponent::*)(class artm::NormalizeModelArgs const & __ptr64) __ptr64
I0522 22:03:47.393373  2932 master_component.cc:699] MasterComponent: start normalizing model nwt
I0522 22:03:47.415501  2932 master_component.cc:729] MasterComponent: complete normalizing model nwt
I0522 22:03:47.415501  2932 merger.cc:245] Merger::RequestScore(score_name=PerplexityScore)
I0522 22:03:47.415501  2932 c_interface.cc:180] ArtmCopyRequestResultEx(request_type=0) copied 64 bytes
I0522 22:03:47.415501  2932 merger.cc:245] Merger::RequestScore(score_name=SparsityPhiScore)
I0522 22:03:47.415501  2932 c_interface.cc:180] ArtmCopyRequestResultEx(request_type=0) copied 37 bytes
I0522 22:03:47.415501  2932 merger.cc:245] Merger::RequestScore(score_name=SparsityThetaScore)
I0522 22:03:47.415501  2932 c_interface.cc:180] ArtmCopyRequestResultEx(request_type=0) copied 38 bytes
I0522 22:03:47.415501  2932 merger.cc:245] Merger::RequestScore(score_name=top_words)
I0522 22:03:47.445983  2932 c_interface.cc:180] ArtmCopyRequestResultEx(request_type=0) copied 3736 bytes
I0522 22:03:47.461639  2932 c_interface.cc:541] Pass ProcessBatchesArgs: nwt_target_name=nwt, batch_filename_size=5, batch_size=0, batch_weight_size=5, pwt_source_name=pwt, inner_iterations_count=1, stream_name=@global, class=(text:1), reuse_theta=yes, opt_for_avx=yes, use_sparse_bow=yes, reset_scores=yes, predict_class_id= to MasterComponent::Request
I0522 22:03:47.492938 11020 processor.cc:1022] Processing queue has data, processing started
I0522 22:03:47.492938 14188 processor.cc:1022] Processing queue has data, processing started
I0522 22:03:47.492938 16580 processor.cc:1113] Processor: start processing batch cbeeedc7-f49b-4155-a0a4-d106bcee270b into model nwt
I0522 22:03:47.492938 15624 processor.cc:1113] Processor: start processing batch 528b9f17-c670-4dcd-9c89-473651141373 into model nwt
I0522 22:03:47.492938 11020 processor.cc:1113] Processor: start processing batch bd760d38-4cc6-47a7-b91f-4efe34f5686b into model nwt
I0522 22:03:47.492938 14188 processor.cc:1113] Processor: start processing batch 472a07df-87fd-41eb-b9aa-62279829caf4 into model nwt
I0522 22:03:47.492938  2840 processor.cc:1113] Processor: start processing batch 4d4c0970-e85f-43cb-b881-c97b0f8f6769 into model nwt
I0522 22:03:47.515480 15624 processor.cc:1242] Processor: complete processing batch 528b9f17-c670-4dcd-9c89-473651141373 into model nwt
I0522 22:03:47.515480 11020 processor.cc:1242] Processor: complete processing batch bd760d38-4cc6-47a7-b91f-4efe34f5686b into model nwt
I0522 22:03:47.515480 15624 common.h:122] 22ms in ProcessBatch(C:\Users\Evgeni\Documents\ML\C3W4\school_batches\aaaaad.batch) [including 0ms in LoadMessage; 0ms in InitializeSparseNdw; 0ms in InitializeModelIncrement; 15ms in InferThetaAndUpdateNwtSparse; 7ms in CalculateScore(PerplexityScore); 0ms in CalculateScore(SparsityThetaScore); ]
I0522 22:03:47.515480 11020 common.h:122] 22ms in ProcessBatch(C:\Users\Evgeni\Documents\ML\C3W4\school_batches\aaaaab.batch) [including 0ms in LoadMessage; 0ms in InitializeSparseNdw; 0ms in InitializeModelIncrement; 15ms in InferThetaAndUpdateNwtSparse; 7ms in CalculateScore(PerplexityScore); 0ms in CalculateScore(SparsityThetaScore); ]
I0522 22:03:47.531108 14188 processor.cc:1242] Processor: complete processing batch 472a07df-87fd-41eb-b9aa-62279829caf4 into model nwt
I0522 22:03:47.531108 16580 processor.cc:1242] Processor: complete processing batch cbeeedc7-f49b-4155-a0a4-d106bcee270b into model nwt
I0522 22:03:47.531108  2840 processor.cc:1242] Processor: complete processing batch 4d4c0970-e85f-43cb-b881-c97b0f8f6769 into model nwt
I0522 22:03:47.531108 16580 common.h:122] 38ms in ProcessBatch(C:\Users\Evgeni\Documents\ML\C3W4\school_batches\aaaaac.batch) [including 0ms in LoadMessage; 0ms in InitializeSparseNdw; 0ms in InitializeModelIncrement; 22ms in InferThetaAndUpdateNwtSparse; 0ms in CalculateScore(PerplexityScore); 15ms in CalculateScore(SparsityThetaScore); ]
I0522 22:03:47.531108 14188 common.h:122] 38ms in ProcessBatch(C:\Users\Evgeni\Documents\ML\C3W4\school_batches\aaaaae.batch) [including 0ms in LoadMessage; 0ms in InitializeSparseNdw; 15ms in InitializeModelIncrement; 7ms in InferThetaAndUpdateNwtSparse; 0ms in CalculateScore(PerplexityScore); 15ms in CalculateScore(SparsityThetaScore); ]
I0522 22:03:47.531108  2840 common.h:122] 38ms in ProcessBatch(C:\Users\Evgeni\Documents\ML\C3W4\school_batches\aaaaaa.batch) [including 0ms in LoadMessage; 0ms in InitializeSparseNdw; 15ms in InitializeModelIncrement; 7ms in InferThetaAndUpdateNwtSparse; 15ms in CalculateScore(PerplexityScore); 0ms in CalculateScore(SparsityThetaScore); ]
I0522 22:03:47.546813  2932 c_interface.cc:180] ArtmCopyRequestResultEx(request_type=0) copied 108 bytes
I0522 22:03:47.546813  2932 c_interface.cc:375] Pass RegularizeModelArgs: rwt_target_name=rwt, pwt_source_name=pwt, nwt_source_name=nwt to void (__cdecl artm::core::MasterComponent::*)(class artm::RegularizeModelArgs const & __ptr64) __ptr64
I0522 22:03:47.546813  2932 master_component.cc:666] MasterComponent: start regularizing model pwt
I0522 22:03:47.562350  2932 master_component.cc:695] MasterComponent: complete regularizing model pwt
I0522 22:03:47.562350  2932 c_interface.cc:375] Pass NormalizeModelArgs: pwt_target_name=pwt, nwt_source_name=nwt, rwt_source_name=rwt to void (__cdecl artm::core::MasterComponent::*)(class artm::NormalizeModelArgs const & __ptr64) __ptr64
I0522 22:03:47.562350  2932 master_component.cc:699] MasterComponent: start normalizing model nwt
I0522 22:03:47.593629  2932 master_component.cc:729] MasterComponent: complete normalizing model nwt
I0522 22:03:47.593629  2932 merger.cc:245] Merger::RequestScore(score_name=PerplexityScore)
I0522 22:03:47.593629  2932 c_interface.cc:180] ArtmCopyRequestResultEx(request_type=0) copied 64 bytes
I0522 22:03:47.593629  2932 merger.cc:245] Merger::RequestScore(score_name=SparsityPhiScore)
I0522 22:03:47.593629  2932 c_interface.cc:180] ArtmCopyRequestResultEx(request_type=0) copied 38 bytes
I0522 22:03:47.593629  2932 merger.cc:245] Merger::RequestScore(score_name=SparsityThetaScore)
I0522 22:03:47.593629  2932 c_interface.cc:180] ArtmCopyRequestResultEx(request_type=0) copied 38 bytes
I0522 22:03:47.593629  2932 merger.cc:245] Merger::RequestScore(score_name=top_words)
I0522 22:03:47.615782  2932 c_interface.cc:180] ArtmCopyRequestResultEx(request_type=0) copied 3744 bytes
I0522 22:03:47.615782  2932 c_interface.cc:541] Pass ProcessBatchesArgs: nwt_target_name=nwt, batch_filename_size=5, batch_size=0, batch_weight_size=5, pwt_source_name=pwt, inner_iterations_count=1, stream_name=@global, class=(text:1), reuse_theta=yes, opt_for_avx=yes, use_sparse_bow=yes, reset_scores=yes, predict_class_id= to MasterComponent::Request
I0522 22:03:47.647117 10976 processor.cc:1113] Processor: start processing batch 4d4c0970-e85f-43cb-b881-c97b0f8f6769 into model nwt
I0522 22:03:47.647117 11020 processor.cc:1113] Processor: start processing batch bd760d38-4cc6-47a7-b91f-4efe34f5686b into model nwt
I0522 22:03:47.647117 11448 processor.cc:1113] Processor: start processing batch 528b9f17-c670-4dcd-9c89-473651141373 into model nwt
