I0522 22:03:52.373579  5068 processor.cc:1242] Processor: complete processing batch 4d4c0970-e85f-43cb-b881-c97b0f8f6769 into model nwt
I0522 22:03:52.373579 16580 processor.cc:1242] Processor: complete processing batch 528b9f17-c670-4dcd-9c89-473651141373 into model nwt
I0522 22:03:52.373579 10976 processor.cc:1242] Processor: complete processing batch bd760d38-4cc6-47a7-b91f-4efe34f5686b into model nwt
I0522 22:03:52.373579  5068 common.h:122] 31ms in ProcessBatch(C:\Users\Evgeni\Documents\ML\C3W4\school_batches\aaaaaa.batch) [including 0ms in LoadMessage; 0ms in InitializeSparseNdw; 0ms in InitializeModelIncrement; 15ms in InferThetaAndUpdateNwtSparse; 15ms in CalculateScore(PerplexityScore); 0ms in CalculateScore(SparsityThetaScore); ]
I0522 22:03:52.373579  2840 processor.cc:1242] Processor: complete processing batch 472a07df-87fd-41eb-b9aa-62279829caf4 into model nwt
I0522 22:03:52.373579 10976 common.h:122] 31ms in ProcessBatch(C:\Users\Evgeni\Documents\ML\C3W4\school_batches\aaaaab.batch) [including 0ms in LoadMessage; 0ms in InitializeSparseNdw; 0ms in InitializeModelIncrement; 15ms in InferThetaAndUpdateNwtSparse; 15ms in CalculateScore(PerplexityScore); 0ms in CalculateScore(SparsityThetaScore); ]
I0522 22:03:52.373579 16580 common.h:122] 31ms in ProcessBatch(C:\Users\Evgeni\Documents\ML\C3W4\school_batches\aaaaad.batch) [including 0ms in LoadMessage; 0ms in InitializeSparseNdw; 0ms in InitializeModelIncrement; 15ms in InferThetaAndUpdateNwtSparse; 15ms in CalculateScore(PerplexityScore); 0ms in CalculateScore(SparsityThetaScore); ]
I0522 22:03:52.373579 11448 processor.cc:1242] Processor: complete processing batch cbeeedc7-f49b-4155-a0a4-d106bcee270b into model nwt
I0522 22:03:52.373579  2840 common.h:122] 31ms in ProcessBatch(C:\Users\Evgeni\Documents\ML\C3W4\school_batches\aaaaae.batch) [including 0ms in LoadMessage; 0ms in InitializeSparseNdw; 15ms in InitializeModelIncrement; 0ms in InferThetaAndUpdateNwtSparse; 15ms in CalculateScore(PerplexityScore); 0ms in CalculateScore(SparsityThetaScore); ]
I0522 22:03:52.373579 11448 common.h:122] 31ms in ProcessBatch(C:\Users\Evgeni\Documents\ML\C3W4\school_batches\aaaaac.batch) [including 0ms in LoadMessage; 0ms in InitializeSparseNdw; 15ms in InitializeModelIncrement; 0ms in InferThetaAndUpdateNwtSparse; 15ms in CalculateScore(PerplexityScore); 0ms in CalculateScore(SparsityThetaScore); ]
I0522 22:03:52.389282  2932 c_interface.cc:180] ArtmCopyRequestResultEx(request_type=0) copied 110 bytes
I0522 22:03:52.389282  2932 c_interface.cc:375] Pass RegularizeModelArgs: rwt_target_name=rwt, pwt_source_name=pwt, nwt_source_name=nwt to void (__cdecl artm::core::MasterComponent::*)(class artm::RegularizeModelArgs const & __ptr64) __ptr64
I0522 22:03:52.389282  2932 master_component.cc:666] MasterComponent: start regularizing model pwt
I0522 22:03:52.404820  2932 master_component.cc:695] MasterComponent: complete regularizing model pwt
I0522 22:03:52.420459  2932 c_interface.cc:375] Pass NormalizeModelArgs: pwt_target_name=pwt, nwt_source_name=nwt, rwt_source_name=rwt to void (__cdecl artm::core::MasterComponent::*)(class artm::NormalizeModelArgs const & __ptr64) __ptr64
I0522 22:03:52.420459  2932 master_component.cc:699] MasterComponent: start normalizing model nwt
I0522 22:03:52.426996  2932 master_component.cc:729] MasterComponent: complete normalizing model nwt
I0522 22:03:52.426996  2932 merger.cc:245] Merger::RequestScore(score_name=PerplexityScore)
I0522 22:03:52.426996  2932 c_interface.cc:180] ArtmCopyRequestResultEx(request_type=0) copied 65 bytes
I0522 22:03:52.426996  2932 merger.cc:245] Merger::RequestScore(score_name=SparsityPhiScore)
I0522 22:03:52.426996  2932 c_interface.cc:180] ArtmCopyRequestResultEx(request_type=0) copied 39 bytes
I0522 22:03:52.426996  2932 merger.cc:245] Merger::RequestScore(score_name=SparsityThetaScore)
I0522 22:03:52.426996  2932 c_interface.cc:180] ArtmCopyRequestResultEx(request_type=0) copied 39 bytes
I0522 22:03:52.426996  2932 merger.cc:245] Merger::RequestScore(score_name=top_words)
I0522 22:03:52.458243  2932 c_interface.cc:180] ArtmCopyRequestResultEx(request_type=0) copied 3872 bytes
I0522 22:03:52.473875  2932 c_interface.cc:541] Pass ProcessBatchesArgs: nwt_target_name=nwt, batch_filename_size=5, batch_size=0, batch_weight_size=5, pwt_source_name=pwt, inner_iterations_count=1, stream_name=@global, class=(text:1), reuse_theta=yes, opt_for_avx=yes, use_sparse_bow=yes, reset_scores=yes, predict_class_id= to MasterComponent::Request
I0522 22:03:52.489578 11020 processor.cc:1022] Processing queue has data, processing started
I0522 22:03:52.489578  5068 processor.cc:1113] Processor: start processing batch 4d4c0970-e85f-43cb-b881-c97b0f8f6769 into model nwt
I0522 22:03:52.489578 10976 processor.cc:1113] Processor: start processing batch 528b9f17-c670-4dcd-9c89-473651141373 into model nwt
I0522 22:03:52.489578  2840 processor.cc:1113] Processor: start processing batch bd760d38-4cc6-47a7-b91f-4efe34f5686b into model nwt
I0522 22:03:52.489578 16580 processor.cc:1113] Processor: start processing batch 472a07df-87fd-41eb-b9aa-62279829caf4 into model nwt
I0522 22:03:52.489578 11020 processor.cc:1113] Processor: start processing batch cbeeedc7-f49b-4155-a0a4-d106bcee270b into model nwt
I0522 22:03:52.505115 10976 processor.cc:1242] Processor: complete processing batch 528b9f17-c670-4dcd-9c89-473651141373 into model nwt
I0522 22:03:52.520735 15624 processor.cc:1015] No data in processing queue, waiting...
I0522 22:03:52.520735 10976 common.h:122] 31ms in ProcessBatch(C:\Users\Evgeni\Documents\ML\C3W4\school_batches\aaaaad.batch) [including 0ms in LoadMessage; 0ms in InitializeSparseNdw; 0ms in InitializeModelIncrement; 15ms in InferThetaAndUpdateNwtSparse; 0ms in CalculateScore(PerplexityScore); 0ms in CalculateScore(SparsityThetaScore); ]
I0522 22:03:52.520735 16580 processor.cc:1242] Processor: complete processing batch 472a07df-87fd-41eb-b9aa-62279829caf4 into model nwt
I0522 22:03:52.520735 11020 processor.cc:1242] Processor: complete processing batch cbeeedc7-f49b-4155-a0a4-d106bcee270b into model nwt
I0522 22:03:52.520735 16580 common.h:122] 31ms in ProcessBatch(C:\Users\Evgeni\Documents\ML\C3W4\school_batches\aaaaae.batch) [including 0ms in LoadMessage; 0ms in InitializeSparseNdw; 15ms in InitializeModelIncrement; 0ms in InferThetaAndUpdateNwtSparse; 0ms in CalculateScore(PerplexityScore); 15ms in CalculateScore(SparsityThetaScore); ]
I0522 22:03:52.520735 11020 common.h:122] 31ms in ProcessBatch(C:\Users\Evgeni\Documents\ML\C3W4\school_batches\aaaaac.batch) [including 0ms in LoadMessage; 0ms in InitializeSparseNdw; 15ms in InitializeModelIncrement; 0ms in InferThetaAndUpdateNwtSparse; 15ms in CalculateScore(PerplexityScore); 0ms in CalculateScore(SparsityThetaScore); ]
I0522 22:03:52.527245  2840 processor.cc:1242] Processor: complete processing batch bd760d38-4cc6-47a7-b91f-4efe34f5686b into model nwt
I0522 22:03:52.527245  5068 processor.cc:1242] Processor: complete processing batch 4d4c0970-e85f-43cb-b881-c97b0f8f6769 into model nwt
I0522 22:03:52.527245  2840 common.h:122] 37ms in ProcessBatch(C:\Users\Evgeni\Documents\ML\C3W4\school_batches\aaaaab.batch) [including 0ms in LoadMessage; 0ms in InitializeSparseNdw; 0ms in InitializeModelIncrement; 15ms in InferThetaAndUpdateNwtSparse; 15ms in CalculateScore(PerplexityScore); 6ms in CalculateScore(SparsityThetaScore); ]
I0522 22:03:52.527245  5068 common.h:122] 37ms in ProcessBatch(C:\Users\Evgeni\Documents\ML\C3W4\school_batches\aaaaaa.batch) [including 0ms in LoadMessage; 0ms in InitializeSparseNdw; 0ms in InitializeModelIncrement; 15ms in InferThetaAndUpdateNwtSparse; 15ms in CalculateScore(PerplexityScore); 6ms in CalculateScore(SparsityThetaScore); ]
I0522 22:03:52.542964  2932 c_interface.cc:180] ArtmCopyRequestResultEx(request_type=0) copied 110 bytes
I0522 22:03:52.543412  2932 c_interface.cc:375] Pass RegularizeModelArgs: rwt_target_name=rwt, pwt_source_name=pwt, nwt_source_name=nwt to void (__cdecl artm::core::MasterComponent::*)(class artm::RegularizeModelArgs const & __ptr64) __ptr64
I0522 22:03:52.543412  2932 master_component.cc:666] MasterComponent: start regularizing model pwt
I0522 22:03:52.568433  2932 master_component.cc:695] MasterComponent: complete regularizing model pwt
I0522 22:03:52.568433  2932 c_interface.cc:375] Pass NormalizeModelArgs: pwt_target_name=pwt, nwt_source_name=nwt, rwt_source_name=rwt to void (__cdecl artm::core::MasterComponent::*)(class artm::NormalizeModelArgs const & __ptr64) __ptr64
I0522 22:03:52.568433  2932 master_component.cc:699] MasterComponent: start normalizing model nwt
I0522 22:03:52.584018  2932 master_component.cc:729] MasterComponent: complete normalizing model nwt
I0522 22:03:52.584018  2932 merger.cc:245] Merger::RequestScore(score_name=PerplexityScore)
I0522 22:03:52.584018  2932 c_interface.cc:180] ArtmCopyRequestResultEx(request_type=0) copied 65 bytes
I0522 22:03:52.584018  2932 merger.cc:245] Merger::RequestScore(score_name=SparsityPhiScore)
I0522 22:03:52.584018  2932 c_interface.cc:180] ArtmCopyRequestResultEx(request_type=0) copied 39 bytes
I0522 22:03:52.584018  2932 merger.cc:245] Merger::RequestScore(score_name=SparsityThetaScore)
I0522 22:03:52.584018  2932 c_interface.cc:180] ArtmCopyRequestResultEx(request_type=0) copied 39 bytes
I0522 22:03:52.584018  2932 merger.cc:245] Merger::RequestScore(score_name=top_words)
I0522 22:03:52.599637  2932 c_interface.cc:180] ArtmCopyRequestResultEx(request_type=0) copied 3872 bytes
I0522 22:03:52.615258  2932 c_interface.cc:541] Pass ProcessBatchesArgs: nwt_target_name=nwt, batch_filename_size=5, batch_size=0, batch_weight_size=5, pwt_source_name=pwt, inner_iterations_count=1, stream_name=@global, class=(text:1), reuse_theta=yes, opt_for_avx=yes, use_sparse_bow=yes, reset_scores=yes, predict_class_id= to MasterComponent::Request
I0522 22:03:52.642980 15624 processor.cc:1022] Processing queue has data, processing started
I0522 22:03:52.642980  5068 processor.cc:1113] Processor: start processing batch 4d4c0970-e85f-43cb-b881-c97b0f8f6769 into model nwt
I0522 22:03:52.642980  2840 processor.cc:1113] Processor: start processing batch 528b9f17-c670-4dcd-9c89-473651141373 into model nwt
I0522 22:03:52.642980 15624 processor.cc:1113] Processor: start processing batch bd760d38-4cc6-47a7-b91f-4efe34f5686b into model nwt
I0522 22:03:52.642980 11020 processor.cc:1113] Processor: start processing batch 472a07df-87fd-41eb-b9aa-62279829caf4 into model nwt
I0522 22:03:52.642980 16580 processor.cc:1113] Processor: start processing batch cbeeedc7-f49b-4155-a0a4-d106bcee270b into model nwt
I0522 22:03:52.674141 11020 processor.cc:1242] Processor: complete processing batch 472a07df-87fd-41eb-b9aa-62279829caf4 into model nwt
I0522 22:03:52.674141 16580 processor.cc:1242] Processor: complete processing batch cbeeedc7-f49b-4155-a0a4-d106bcee270b into model nwt
I0522 22:03:52.674141  2840 processor.cc:1242] Processor: complete processing batch 528b9f17-c670-4dcd-9c89-473651141373 into model nwt
I0522 22:03:52.674141 11020 common.h:122] 31ms in ProcessBatch(C:\Users\Evgeni\Documents\ML\C3W4\school_batches\aaaaae.batch) [including 0ms in LoadMessage; 0ms in InitializeSparseNdw; 15ms in InitializeModelIncrement; 0ms in InferThetaAndUpdateNwtSparse; 15ms in CalculateScore(PerplexityScore); 0ms in CalculateScore(SparsityThetaScore); ]
I0522 22:03:52.674141  5068 processor.cc:1242] Processor: complete processing batch 4d4c0970-e85f-43cb-b881-c97b0f8f6769 into model nwt
I0522 22:03:52.674141 16580 common.h:122] 31ms in ProcessBatch(C:\Users\Evgeni\Documents\ML\C3W4\school_batches\aaaaac.batch) [including 0ms in LoadMessage; 0ms in InitializeSparseNdw; 15ms in InitializeModelIncrement; 0ms in InferThetaAndUpdateNwtSparse; 15ms in CalculateScore(PerplexityScore); 0ms in CalculateScore(SparsityThetaScore); ]
I0522 22:03:52.674141  2840 common.h:122] 31ms in ProcessBatch(C:\Users\Evgeni\Documents\ML\C3W4\school_batches\aaaaad.batch) [including 0ms in LoadMessage; 0ms in InitializeSparseNdw; 15ms in InitializeModelIncrement; 0ms in InferThetaAndUpdateNwtSparse; 15ms in CalculateScore(PerplexityScore); 0ms in CalculateScore(SparsityThetaScore); ]
I0522 22:03:52.674141 15624 processor.cc:1242] Processor: complete processing batch bd760d38-4cc6-47a7-b91f-4efe34f5686b into model nwt
I0522 22:03:52.674141  5068 common.h:122] 31ms in ProcessBatch(C:\Users\Evgeni\Documents\ML\C3W4\school_batches\aaaaaa.batch) [including 0ms in LoadMessage; 0ms in InitializeSparseNdw; 0ms in InitializeModelIncrement; 15ms in InferThetaAndUpdateNwtSparse; 15ms in CalculateScore(PerplexityScore); 0ms in CalculateScore(SparsityThetaScore); ]
I0522 22:03:52.674141 15624 common.h:122] 31ms in ProcessBatch(C:\Users\Evgeni\Documents\ML\C3W4\school_batches\aaaaab.batch) [including 0ms in LoadMessage; 0ms in InitializeSparseNdw; 15ms in InitializeModelIncrement; 0ms in InferThetaAndUpdateNwtSparse; 15ms in CalculateScore(PerplexityScore); 0ms in CalculateScore(SparsityThetaScore); ]
I0522 22:03:52.689792  2932 c_interface.cc:180] ArtmCopyRequestResultEx(request_type=0) copied 110 bytes
I0522 22:03:52.689792  2932 c_interface.cc:375] Pass RegularizeModelArgs: rwt_target_name=rwt, pwt_source_name=pwt, nwt_source_name=nwt to void (__cdecl artm::core::MasterComponent::*)(class artm::RegularizeModelArgs const & __ptr64) __ptr64
I0522 22:03:52.689792  2932 master_component.cc:666] MasterComponent: start regularizing model pwt
I0522 22:03:52.705384 11448 processor.cc:1015] No data in processing queue, waiting...
I0522 22:03:52.721005  2932 master_component.cc:695] MasterComponent: complete regularizing model pwt
I0522 22:03:52.721005  2932 c_interface.cc:375] Pass NormalizeModelArgs: pwt_target_name=pwt, nwt_source_name=nwt, rwt_source_name=rwt to void (__cdecl artm::core::MasterComponent::*)(class artm::NormalizeModelArgs const & __ptr64) __ptr64
I0522 22:03:52.721005  2932 master_component.cc:699] MasterComponent: start normalizing model nwt
I0522 22:03:52.727514  2932 master_component.cc:729] MasterComponent: complete normalizing model nwt
I0522 22:03:52.727514  2932 merger.cc:245] Merger::RequestScore(score_name=PerplexityScore)
I0522 22:03:52.727514  2932 c_interface.cc:180] ArtmCopyRequestResultEx(request_type=0) copied 65 bytes
I0522 22:03:52.727514  2932 merger.cc:245] Merger::RequestScore(score_name=SparsityPhiScore)
I0522 22:03:52.727514  2932 c_interface.cc:180] ArtmCopyRequestResultEx(request_type=0) copied 39 bytes
I0522 22:03:52.727514  2932 merger.cc:245] Merger::RequestScore(score_name=SparsityThetaScore)
I0522 22:03:52.727514  2932 c_interface.cc:180] ArtmCopyRequestResultEx(request_type=0) copied 39 bytes
I0522 22:03:52.727514  2932 merger.cc:245] Merger::RequestScore(score_name=top_words)
I0522 22:03:52.760043  2932 c_interface.cc:180] ArtmCopyRequestResultEx(request_type=0) copied 3878 bytes
I0522 22:03:52.760043  2932 c_interface.cc:541] Pass ProcessBatchesArgs: nwt_target_name=nwt, batch_filename_size=5, batch_size=0, batch_weight_size=5, pwt_source_name=pwt, inner_iterations_count=1, stream_name=@global, class=(text:1), reuse_theta=yes, opt_for_avx=yes, use_sparse_bow=yes, reset_scores=yes, predict_class_id= to MasterComponent::Request
I0522 22:03:52.806918 11448 processor.cc:1022] Processing queue has data, processing started
I0522 22:03:52.806918  5068 processor.cc:1113] Processor: start processing batch 472a07df-87fd-41eb-b9aa-62279829caf4 into model nwt
I0522 22:03:52.806918 15624 processor.cc:1113] Processor: start processing batch 4d4c0970-e85f-43cb-b881-c97b0f8f6769 into model nwt
I0522 22:03:52.806918 11020 processor.cc:1113] Processor: start processing batch 528b9f17-c670-4dcd-9c89-473651141373 into model nwt
I0522 22:03:52.806918  2840 processor.cc:1113] Processor: start processing batch bd760d38-4cc6-47a7-b91f-4efe34f5686b into model nwt
I0522 22:03:52.806918 11448 processor.cc:1113] Processor: start processing batch cbeeedc7-f49b-4155-a0a4-d106bcee270b into model nwt
I0522 22:03:52.827544 15624 processor.cc:1242] Processor: complete processing batch 4d4c0970-e85f-43cb-b881-c97b0f8f6769 into model nwt
I0522 22:03:52.827544 11020 processor.cc:1242] Processor: complete processing batch 528b9f17-c670-4dcd-9c89-473651141373 into model nwt
I0522 22:03:52.827544 15624 common.h:122] 20ms in ProcessBatch(C:\Users\Evgeni\Documents\ML\C3W4\school_batches\aaaaaa.batch) [including 0ms in LoadMessage; 0ms in InitializeSparseNdw; 0ms in InitializeModelIncrement; 15ms in InferThetaAndUpdateNwtSparse; 5ms in CalculateScore(PerplexityScore); 0ms in CalculateScore(SparsityThetaScore); ]
I0522 22:03:52.827544 11020 common.h:122] 20ms in ProcessBatch(C:\Users\Evgeni\Documents\ML\C3W4\school_batches\aaaaad.batch) [including 0ms in LoadMessage; 0ms in InitializeSparseNdw; 0ms in InitializeModelIncrement; 20ms in InferThetaAndUpdateNwtSparse; 0ms in CalculateScore(PerplexityScore); 0ms in CalculateScore(SparsityThetaScore); ]
I0522 22:03:52.827544  2840 processor.cc:1242] Processor: complete processing batch bd760d38-4cc6-47a7-b91f-4efe34f5686b into model nwt
I0522 22:03:52.843175  5068 processor.cc:1242] Processor: complete processing batch 472a07df-87fd-41eb-b9aa-62279829caf4 into model nwt
I0522 22:03:52.843175  2840 common.h:122] 36ms in ProcessBatch(C:\Users\Evgeni\Documents\ML\C3W4\school_batches\aaaaab.batch) [including 0ms in LoadMessage; 0ms in InitializeSparseNdw; 15ms in InitializeModelIncrement; 5ms in InferThetaAndUpdateNwtSparse; 0ms in CalculateScore(PerplexityScore); 0ms in CalculateScore(SparsityThetaScore); ]
I0522 22:03:52.843175  5068 co